Component: ARM Compiler 5.05 update 1 (build 106) Tool: armlink [4d0efa]

==============================================================================

Section Cross References

    startup_stm32f429_439xx.o(RESET) refers to startup_stm32f429_439xx.o(STACK) for __initial_sp
    startup_stm32f429_439xx.o(RESET) refers to startup_stm32f429_439xx.o(.text) for Reset_Handler
    startup_stm32f429_439xx.o(RESET) refers to stm32f4xx_it.o(i.NMI_Handler) for NMI_Handler
    startup_stm32f429_439xx.o(RESET) refers to stm32f4xx_it.o(i.HardFault_Handler) for HardFault_Handler
    startup_stm32f429_439xx.o(RESET) refers to stm32f4xx_it.o(i.MemManage_Handler) for MemManage_Handler
    startup_stm32f429_439xx.o(RESET) refers to stm32f4xx_it.o(i.BusFault_Handler) for BusFault_Handler
    startup_stm32f429_439xx.o(RESET) refers to stm32f4xx_it.o(i.UsageFault_Handler) for UsageFault_Handler
    startup_stm32f429_439xx.o(RESET) refers to stm32f4xx_it.o(i.SVC_Handler) for SVC_Handler
    startup_stm32f429_439xx.o(RESET) refers to stm32f4xx_it.o(i.DebugMon_Handler) for DebugMon_Handler
    startup_stm32f429_439xx.o(RESET) refers to stm32f4xx_it.o(i.PendSV_Handler) for PendSV_Handler
    startup_stm32f429_439xx.o(RESET) refers to systick.o(i.SysTick_Handler) for SysTick_Handler
    startup_stm32f429_439xx.o(RESET) refers to modbus_svr.o(i.USART1_IRQHandler) for USART1_IRQHandler
    startup_stm32f429_439xx.o(RESET) refers to usart_van.o(i.USART2_IRQHandler) for USART2_IRQHandler
    startup_stm32f429_439xx.o(RESET) refers to usart_dpt.o(i.USART3_IRQHandler) for USART3_IRQHandler
    startup_stm32f429_439xx.o(RESET) refers to usart_cpt.o(i.UART4_IRQHandler) for UART4_IRQHandler
    startup_stm32f429_439xx.o(RESET) refers to usart_alt.o(i.USART6_IRQHandler) for USART6_IRQHandler
    startup_stm32f429_439xx.o(RESET) refers to usart_spd.o(i.UART7_IRQHandler) for UART7_IRQHandler
    startup_stm32f429_439xx.o(.text) refers to system_stm32f4xx.o(i.SystemInit) for SystemInit
    startup_stm32f429_439xx.o(.text) refers to entry.o(.ARM.Collect$$$$00000000) for __main
    system_stm32f4xx.o(i.SystemCoreClockUpdate) refers to system_stm32f4xx.o(.data) for .data
    system_stm32f4xx.o(i.SystemInit) refers to system_stm32f4xx.o(i.SetSysClock) for SetSysClock
    stm32f4xx_adc.o(i.ADC_DeInit) refers to stm32f4xx_rcc.o(i.RCC_APB2PeriphResetCmd) for RCC_APB2PeriphResetCmd
    stm32f4xx_can.o(i.CAN_DeInit) refers to stm32f4xx_rcc.o(i.RCC_APB1PeriphResetCmd) for RCC_APB1PeriphResetCmd
    stm32f4xx_can.o(i.CAN_GetITStatus) refers to stm32f4xx_can.o(i.CheckITStatus) for CheckITStatus
    stm32f4xx_cryp.o(i.CRYP_DeInit) refers to stm32f4xx_rcc.o(i.RCC_AHB2PeriphResetCmd) for RCC_AHB2PeriphResetCmd
    stm32f4xx_cryp_aes.o(i.CRYP_AES_CBC) refers to stm32f4xx_cryp.o(i.CRYP_KeyStructInit) for CRYP_KeyStructInit
    stm32f4xx_cryp_aes.o(i.CRYP_AES_CBC) refers to stm32f4xx_cryp.o(i.CRYP_KeyInit) for CRYP_KeyInit
    stm32f4xx_cryp_aes.o(i.CRYP_AES_CBC) refers to stm32f4xx_cryp.o(i.CRYP_Init) for CRYP_Init
    stm32f4xx_cryp_aes.o(i.CRYP_AES_CBC) refers to stm32f4xx_cryp.o(i.CRYP_IVInit) for CRYP_IVInit
    stm32f4xx_cryp_aes.o(i.CRYP_AES_CBC) refers to stm32f4xx_cryp.o(i.CRYP_FIFOFlush) for CRYP_FIFOFlush
    stm32f4xx_cryp_aes.o(i.CRYP_AES_CBC) refers to stm32f4xx_cryp.o(i.CRYP_Cmd) for CRYP_Cmd
    stm32f4xx_cryp_aes.o(i.CRYP_AES_CBC) refers to stm32f4xx_cryp.o(i.CRYP_GetCmdStatus) for CRYP_GetCmdStatus
    stm32f4xx_cryp_aes.o(i.CRYP_AES_CBC) refers to stm32f4xx_cryp.o(i.CRYP_GetFlagStatus) for CRYP_GetFlagStatus
    stm32f4xx_cryp_aes.o(i.CRYP_AES_CBC) refers to stm32f4xx_cryp.o(i.CRYP_DataIn) for CRYP_DataIn
    stm32f4xx_cryp_aes.o(i.CRYP_AES_CBC) refers to stm32f4xx_cryp.o(i.CRYP_DataOut) for CRYP_DataOut
    stm32f4xx_cryp_aes.o(i.CRYP_AES_CCM) refers to stm32f4xx_cryp.o(i.CRYP_KeyStructInit) for CRYP_KeyStructInit
    stm32f4xx_cryp_aes.o(i.CRYP_AES_CCM) refers to stm32f4xx_cryp.o(i.CRYP_FIFOFlush) for CRYP_FIFOFlush
    stm32f4xx_cryp_aes.o(i.CRYP_AES_CCM) refers to stm32f4xx_cryp.o(i.CRYP_KeyInit) for CRYP_KeyInit
    stm32f4xx_cryp_aes.o(i.CRYP_AES_CCM) refers to stm32f4xx_cryp.o(i.CRYP_IVInit) for CRYP_IVInit
    stm32f4xx_cryp_aes.o(i.CRYP_AES_CCM) refers to stm32f4xx_cryp.o(i.CRYP_Init) for CRYP_Init
    stm32f4xx_cryp_aes.o(i.CRYP_AES_CCM) refers to stm32f4xx_cryp.o(i.CRYP_PhaseConfig) for CRYP_PhaseConfig
    stm32f4xx_cryp_aes.o(i.CRYP_AES_CCM) refers to stm32f4xx_cryp.o(i.CRYP_DataIn) for CRYP_DataIn
    stm32f4xx_cryp_aes.o(i.CRYP_AES_CCM) refers to stm32f4xx_cryp.o(i.CRYP_Cmd) for CRYP_Cmd
    stm32f4xx_cryp_aes.o(i.CRYP_AES_CCM) refers to stm32f4xx_cryp.o(i.CRYP_GetCmdStatus) for CRYP_GetCmdStatus
    stm32f4xx_cryp_aes.o(i.CRYP_AES_CCM) refers to stm32f4xx_cryp.o(i.CRYP_GetFlagStatus) for CRYP_GetFlagStatus
    stm32f4xx_cryp_aes.o(i.CRYP_AES_CCM) refers to stm32f4xx_cryp.o(i.CRYP_DataOut) for CRYP_DataOut
    stm32f4xx_cryp_aes.o(i.CRYP_AES_CTR) refers to stm32f4xx_cryp.o(i.CRYP_KeyStructInit) for CRYP_KeyStructInit
[...]
    Removing stm32f4xx_tim.o(i.TI2_Config), (54 bytes).
    Removing stm32f4xx_tim.o(i.TI3_Config), (50 bytes).
    Removing stm32f4xx_tim.o(i.TI4_Config), (54 bytes).
    Removing stm32f4xx_tim.o(i.TIM_ARRPreloadConfig), (24 bytes).
    Removing stm32f4xx_tim.o(i.TIM_BDTRConfig), (34 bytes).
    Removing stm32f4xx_tim.o(i.TIM_BDTRStructInit), (18 bytes).
    Removing stm32f4xx_tim.o(i.TIM_CCPreloadControl), (24 bytes).
    Removing stm32f4xx_tim.o(i.TIM_CCxCmd), (22 bytes).
    Removing stm32f4xx_tim.o(i.TIM_CCxNCmd), (22 bytes).
    Removing stm32f4xx_tim.o(i.TIM_ClearFlag), (6 bytes).
    Removing stm32f4xx_tim.o(i.TIM_ClearITPendingBit), (6 bytes).
    Removing stm32f4xx_tim.o(i.TIM_ClearOC1Ref), (12 bytes).
    Removing stm32f4xx_tim.o(i.TIM_ClearOC2Ref), (20 bytes).
    Removing stm32f4xx_tim.o(i.TIM_ClearOC3Ref), (12 bytes).
    Removing stm32f4xx_tim.o(i.TIM_ClearOC4Ref), (20 bytes).
    Removing stm32f4xx_tim.o(i.TIM_Cmd), (24 bytes).
    Removing stm32f4xx_tim.o(i.TIM_CounterModeConfig), (12 bytes).
    Removing stm32f4xx_tim.o(i.TIM_CtrlPWMOutputs), (28 bytes).
    Removing stm32f4xx_tim.o(i.TIM_DMACmd), (20 bytes).
    Removing stm32f4xx_tim.o(i.TIM_DMAConfig), (8 bytes).
    Removing stm32f4xx_tim.o(i.TIM_DeInit), (428 bytes).
    Removing stm32f4xx_tim.o(i.TIM_ETRClockMode1Config), (32 bytes).
    Removing stm32f4xx_tim.o(i.TIM_ETRClockMode2Config), (20 bytes).
    Removing stm32f4xx_tim.o(i.TIM_ETRConfig), (24 bytes).
    Removing stm32f4xx_tim.o(i.TIM_EncoderInterfaceConfig), (50 bytes).
    Removing stm32f4xx_tim.o(i.TIM_ForcedOC1Config), (12 bytes).
    Removing stm32f4xx_tim.o(i.TIM_ForcedOC2Config), (20 bytes).
    Removing stm32f4xx_tim.o(i.TIM_ForcedOC3Config), (12 bytes).
    Removing stm32f4xx_tim.o(i.TIM_ForcedOC4Config), (20 bytes).
    Removing stm32f4xx_tim.o(i.TIM_GenerateEvent), (4 bytes).
    Removing stm32f4xx_tim.o(i.TIM_GetCapture1), (4 bytes).
    Removing stm32f4xx_tim.o(i.TIM_GetCapture2), (4 bytes).
    Removing stm32f4xx_tim.o(i.TIM_GetCapture3), (4 bytes).
    Removing stm32f4xx_tim.o(i.TIM_GetCapture4), (4 bytes).
    Removing stm32f4xx_tim.o(i.TIM_GetCounter), (4 bytes).
    Removing stm32f4xx_tim.o(i.TIM_GetFlagStatus), (14 bytes).
    Removing stm32f4xx_tim.o(i.TIM_GetITStatus), (24 bytes).
    Removing stm32f4xx_tim.o(i.TIM_GetPrescaler), (4 bytes).
    Removing stm32f4xx_tim.o(i.TIM_ICInit), (98 bytes).
    Removing stm32f4xx_tim.o(i.TIM_ICStructInit), (16 bytes).
    Removing stm32f4xx_tim.o(i.TIM_ITConfig), (20 bytes).
    Removing stm32f4xx_tim.o(i.TIM_ITRxExternalClockConfig), (20 bytes).
    Removing stm32f4xx_tim.o(i.TIM_InternalClockConfig), (10 bytes).
    Removing stm32f4xx_tim.o(i.TIM_OC1FastConfig), (12 bytes).
    Removing stm32f4xx_tim.o(i.TIM_OC1Init), (104 bytes).
    Removing stm32f4xx_tim.o(i.TIM_OC1NPolarityConfig), (12 bytes).
    Removing stm32f4xx_tim.o(i.TIM_OC1PolarityConfig), (12 bytes).
    Removing stm32f4xx_tim.o(i.TIM_OC1PreloadConfig), (12 bytes).
    Removing stm32f4xx_tim.o(i.TIM_OC2FastConfig), (20 bytes).
    Removing stm32f4xx_tim.o(i.TIM_OC2Init), (136 bytes).
    Removing stm32f4xx_tim.o(i.TIM_OC2NPolarityConfig), (20 bytes).
    Removing stm32f4xx_tim.o(i.TIM_OC2PolarityConfig), (20 bytes).
    Removing stm32f4xx_tim.o(i.TIM_OC2PreloadConfig), (20 bytes).
    Removing stm32f4xx_tim.o(i.TIM_OC3FastConfig), (12 bytes).
    Removing stm32f4xx_tim.o(i.TIM_OC3Init), (132 bytes).
    Removing stm32f4xx_tim.o(i.TIM_OC3NPolarityConfig), (20 bytes).
    Removing stm32f4xx_tim.o(i.TIM_OC3PolarityConfig), (20 bytes).
    Removing stm32f4xx_tim.o(i.TIM_OC3PreloadConfig), (12 bytes).
    Removing stm32f4xx_tim.o(i.TIM_OC4FastConfig), (20 bytes).
    Removing stm32f4xx_tim.o(i.TIM_OC4Init), (100 bytes).
    Removing stm32f4xx_tim.o(i.TIM_OC4PolarityConfig), (20 bytes).
    Removing stm32f4xx_tim.o(i.TIM_OC4PreloadConfig), (20 bytes).
    Removing stm32f4xx_tim.o(i.TIM_OCStructInit), (20 bytes).
    Removing stm32f4xx_tim.o(i.TIM_PWMIConfig), (110 bytes).
    Removing stm32f4xx_tim.o(i.TIM_PrescalerConfig), (6 bytes).
    Removing stm32f4xx_tim.o(i.TIM_RemapConfig), (6 bytes).
    Removing stm32f4xx_tim.o(i.TIM_SelectCCDMA), (24 bytes).
    Removing stm32f4xx_tim.o(i.TIM_SelectCOM), (24 bytes).
    Removing stm32f4xx_tim.o(i.TIM_SelectHallSensor), (24 bytes).
    Removing stm32f4xx_tim.o(i.TIM_SelectInputTrigger), (12 bytes).
    Removing stm32f4xx_tim.o(i.TIM_SelectMasterSlaveMode), (16 bytes).
    Removing stm32f4xx_tim.o(i.TIM_SelectOCxM), (80 bytes).
    Removing stm32f4xx_tim.o(i.TIM_SelectOnePulseMode), (16 bytes).
    Removing stm32f4xx_tim.o(i.TIM_SelectOutputTrigger), (16 bytes).
    Removing stm32f4xx_tim.o(i.TIM_SelectSlaveMode), (16 bytes).
    Removing stm32f4xx_tim.o(i.TIM_SetAutoreload), (4 bytes).
    Removing stm32f4xx_tim.o(i.TIM_SetClockDivision), (16 bytes).
    Removing stm32f4xx_tim.o(i.TIM_SetCompare1), (4 bytes).
    Removing stm32f4xx_tim.o(i.TIM_SetCompare2), (4 bytes).
    Removing stm32f4xx_tim.o(i.TIM_SetCompare3), (4 bytes).
    Removing stm32f4xx_tim.o(i.TIM_SetCompare4), (4 bytes).
    Removing stm32f4xx_tim.o(i.TIM_SetCounter), (4 bytes).
    Removing stm32f4xx_tim.o(i.TIM_SetIC1Prescaler), (16 bytes).
    Removing stm32f4xx_tim.o(i.TIM_SetIC2Prescaler), (24 bytes).
    Removing stm32f4xx_tim.o(i.TIM_SetIC3Prescaler), (16 bytes).
    Removing stm32f4xx_tim.o(i.TIM_SetIC4Prescaler), (24 bytes).
    Removing stm32f4xx_tim.o(i.TIM_TIxExternalClockConfig), (48 bytes).
    Removing stm32f4xx_tim.o(i.TIM_TimeBaseInit), (124 bytes).
    Removing stm32f4xx_tim.o(i.TIM_TimeBaseStructInit), (18 bytes).
    Removing stm32f4xx_tim.o(i.TIM_UpdateDisableConfig), (24 bytes).
    Removing stm32f4xx_tim.o(i.TIM_UpdateRequestConfig), (24 bytes).
    Removing stm32f4xx_usart.o(.rev16_text), (4 bytes).
    Removing stm32f4xx_usart.o(.revsh_text), (4 bytes).
    Removing stm32f4xx_usart.o(.rrx_text), (6 bytes).
    Removing stm32f4xx_usart.o(i.USART_ClearFlag), (8 bytes).
    Removing stm32f4xx_usart.o(i.USART_ClearITPendingBit), (16 bytes).
    Removing stm32f4xx_usart.o(i.USART_ClockInit), (28 bytes).
    Removing stm32f4xx_usart.o(i.USART_ClockStructInit), (12 bytes).
    Removing stm32f4xx_usart.o(i.USART_DMACmd), (20 bytes).
    Removing stm32f4xx_usart.o(i.USART_DeInit), (256 bytes).
    Removing stm32f4xx_usart.o(i.USART_HalfDuplexCmd), (24 bytes).
    Removing stm32f4xx_usart.o(i.USART_IrDACmd), (24 bytes).
    Removing stm32f4xx_usart.o(i.USART_IrDAConfig), (16 bytes).
    Removing stm32f4xx_usart.o(i.USART_LINBreakDetectLengthConfig), (16 bytes).
    Removing stm32f4xx_usart.o(i.USART_LINCmd), (24 bytes).
    Removing stm32f4xx_usart.o(i.USART_OneBitMethodCmd), (24 bytes).
    Removing stm32f4xx_usart.o(i.USART_OverSampling8Cmd), (24 bytes).
    Removing stm32f4xx_usart.o(i.USART_ReceiverWakeUpCmd), (24 bytes).
    Removing stm32f4xx_usart.o(i.USART_SendBreak), (10 bytes).
    Removing stm32f4xx_usart.o(i.USART_SetAddress), (16 bytes).
    Removing stm32f4xx_usart.o(i.USART_SetGuardTime), (16 bytes).
    Removing stm32f4xx_usart.o(i.USART_SetPrescaler), (16 bytes).
    Removing stm32f4xx_usart.o(i.USART_SmartCardCmd), (24 bytes).
    Removing stm32f4xx_usart.o(i.USART_SmartCardNACKCmd), (24 bytes).
    Removing stm32f4xx_usart.o(i.USART_StructInit), (22 bytes).
    Removing stm32f4xx_usart.o(i.USART_WakeUpConfig), (16 bytes).
    Removing stm32f4xx_wwdg.o(.rev16_text), (4 bytes).
    Removing stm32f4xx_wwdg.o(.revsh_text), (4 bytes).
    Removing stm32f4xx_wwdg.o(.rrx_text), (6 bytes).
    Removing stm32f4xx_wwdg.o(i.WWDG_ClearFlag), (12 bytes).
    Removing stm32f4xx_wwdg.o(i.WWDG_DeInit), (24 bytes).
    Removing stm32f4xx_wwdg.o(i.WWDG_Enable), (16 bytes).
    Removing stm32f4xx_wwdg.o(i.WWDG_EnableIT), (12 bytes).
    Removing stm32f4xx_wwdg.o(i.WWDG_GetFlagStatus), (20 bytes).
    Removing stm32f4xx_wwdg.o(i.WWDG_SetCounter), (16 bytes).
    Removing stm32f4xx_wwdg.o(i.WWDG_SetPrescaler), (20 bytes).
    Removing stm32f4xx_wwdg.o(i.WWDG_SetWindowValue), (32 bytes).
    Removing main.o(.rev16_text), (4 bytes).
    Removing main.o(.revsh_text), (4 bytes).
    Removing main.o(.rrx_text), (6 bytes).
    Removing stm32f4xx_it.o(.rev16_text), (4 bytes).
    Removing stm32f4xx_it.o(.revsh_text), (4 bytes).
    Removing stm32f4xx_it.o(.rrx_text), (6 bytes).
    Removing gpio.o(.rev16_text), (4 bytes).
    Removing gpio.o(.revsh_text), (4 bytes).
    Removing gpio.o(.rrx_text), (6 bytes).
    Removing modbus_svr.o(.rev16_text), (4 bytes).
    Removing modbus_svr.o(.revsh_text), (4 bytes).
    Removing modbus_svr.o(.rrx_text), (6 bytes).
    Removing modbus_svr.o(i.SaveToBKP), (2 bytes).
    Removing modbus_svr.o(i.Usart_SendHalfWord), (50 bytes).
    Removing modbus_svr.o(i.fgetc), (32 bytes).
    Removing modbus_svr.o(i.fputc), (36 bytes).
    Removing systick.o(.rev16_text), (4 bytes).
    Removing systick.o(.revsh_text), (4 bytes).
    Removing systick.o(.rrx_text), (6 bytes).
    Removing systick.o(i.Delay_ms), (20 bytes).
    Removing bsp_innerflash.o(.rev16_text), (4 bytes).
    Removing bsp_innerflash.o(.revsh_text), (4 bytes).
    Removing bsp_innerflash.o(.rrx_text), (6 bytes).
    Removing bsp_innerflash.o(i.GetSector), (380 bytes).
    Removing bsp_innerflash.o(i.InternalFlashRead), (32 bytes).
    Removing bsp_innerflash.o(i.InternalFlashWrite), (132 bytes).
    Removing usart_cpt.o(.rev16_text), (4 bytes).
    Removing usart_cpt.o(.revsh_text), (4 bytes).
    Removing usart_cpt.o(.rrx_text), (6 bytes).
    Removing usart_van.o(.rev16_text), (4 bytes).
    Removing usart_van.o(.revsh_text), (4 bytes).
    Removing usart_van.o(.rrx_text), (6 bytes).
    Removing usart_spd.o(.rev16_text), (4 bytes).
    Removing usart_spd.o(.revsh_text), (4 bytes).
    Removing usart_spd.o(.rrx_text), (6 bytes).
    Removing usart_alt.o(.rev16_text), (4 bytes).
    Removing usart_alt.o(.revsh_text), (4 bytes).
    Removing usart_alt.o(.rrx_text), (6 bytes).
    Removing usart_dpt.o(.rev16_text), (4 bytes).
    Removing usart_dpt.o(.revsh_text), (4 bytes).
    Removing usart_dpt.o(.rrx_text), (6 bytes).
    Removing dadd.o(.text), (334 bytes).
    Removing dfixul.o(.text), (48 bytes).
    Removing cdrcmple.o(.text), (48 bytes).

859 unused section(s) (total 32350 bytes) removed from the image.

==============================================================================

Image Symbol Table

    Local Symbols

    Symbol Name                              Value     Ov Type        Size  Object(Section)

    ../clib/microlib/ctype/ctype.c           0x00000000   Number         0  ctype_c.o ABSOLUTE
    ../clib/microlib/ctype/ctype.c           0x00000000   Number         0  isspace_c.o ABSOLUTE
    ../clib/microlib/division.c              0x00000000   Number         0  uldiv.o ABSOLUTE
    ../clib/microlib/division.c              0x00000000   Number         0  uidiv.o ABSOLUTE
    ../clib/microlib/init/entry.s            0x00000000   Number         0  entry11b.o ABSOLUTE
    ../clib/microlib/init/entry.s            0x00000000   Number         0  entry8b.o ABSOLUTE
    ../clib/microlib/init/entry.s            0x00000000   Number         0  entry8a.o ABSOLUTE
    ../clib/microlib/init/entry.s            0x00000000   Number         0  entry.o ABSOLUTE
    ../clib/microlib/init/entry.s            0x00000000   Number         0  entry7b.o ABSOLUTE
    ../clib/microlib/init/entry.s            0x00000000   Number         0  entry7a.o ABSOLUTE
    ../clib/microlib/init/entry.s            0x00000000   Number         0  entry5.o ABSOLUTE
    ../clib/microlib/init/entry.s            0x00000000   Number         0  entry2.o ABSOLUTE
    ../clib/microlib/init/entry.s            0x00000000   Number         0  entry11a.o ABSOLUTE
    ../clib/microlib/init/entry.s            0x00000000   Number         0  entry10b.o ABSOLUTE
    ../clib/microlib/init/entry.s            0x00000000   Number         0  entry10a.o ABSOLUTE
    ../clib/microlib/init/entry.s            0x00000000   Number         0  entry9b.o ABSOLUTE
    ../clib/microlib/init/entry.s            0x00000000   Number         0  entry9a.o ABSOLUTE
    ../clib/microlib/longlong.c              0x00000000   Number         0  llshl.o ABSOLUTE
    ../clib/microlib/longlong.c              0x00000000   Number         0  llsshr.o ABSOLUTE
    ../clib/microlib/longlong.c              0x00000000   Number         0  llushr.o ABSOLUTE
    ../clib/microlib/printf/printf.c         0x00000000   Number         0  printf6.o ABSOLUTE
    ../clib/microlib/printf/printf.c         0x00000000   Number         0  printfa.o ABSOLUTE
    ../clib/microlib/printf/printf.c         0x00000000   Number         0  printf7.o ABSOLUTE
    ../clib/microlib/printf/printf.c         0x00000000   Number         0  printf0.o ABSOLUTE
    ../clib/microlib/printf/printf.c         0x00000000   Number         0  printfb.o ABSOLUTE
    ../clib/microlib/printf/printf.c         0x00000000   Number         0  printf1.o ABSOLUTE
    ../clib/microlib/printf/printf.c         0x00000000   Number         0  printf2.o ABSOLUTE
    ../clib/microlib/printf/printf.c         0x00000000   Number         0  printf4.o ABSOLUTE
    ../clib/microlib/printf/printf.c         0x00000000   Number         0  printf3.o ABSOLUTE
    ../clib/microlib/printf/printf.c         0x00000000   Number         0  printf8.o ABSOLUTE
    ../clib/microlib/printf/printf.c         0x00000000   Number         0  printf5.o ABSOLUTE
    ../clib/microlib/printf/stubs.s          0x00000000   Number         0  stubs.o ABSOLUTE
    ../clib/microlib/stdio/streams.c         0x00000000   Number         0  stdout.o ABSOLUTE
    ../clib/microlib/stubs.s                 0x00000000   Number         0  iusefp.o ABSOLUTE
    ../clib/scanf.c                          0x00000000   Number         0  scanf_char.o ABSOLUTE
    ../clib/scanf.c                          0x00000000   Number         0  _scanf.o ABSOLUTE
    ../clib/scanf.c                          0x00000000   Number         0  _sgetc.o ABSOLUTE
    ../clib/scanf.c                          0x00000000   Number         0  __0sscanf.o ABSOLUTE
    ../clib/scanf.c                          0x00000000   Number         0  scanf_fp.o ABSOLUTE
    ../fplib/microlib/d2f.c                  0x00000000   Number         0  d2f.o ABSOLUTE
    ../fplib/microlib/fpadd.c                0x00000000   Number         0  dadd.o ABSOLUTE
    ../fplib/microlib/fpdiv.c                0x00000000   Number         0  ddiv.o ABSOLUTE
    ../fplib/microlib/fpepilogue.c           0x00000000   Number         0  fepilogue.o ABSOLUTE
    ../fplib/microlib/fpepilogue.c           0x00000000   Number         0  depilogue.o ABSOLUTE
    ../fplib/microlib/fpfix.c                0x00000000   Number         0  dfixul.o ABSOLUTE
    ../fplib/microlib/fpflt.c                0x00000000   Number         0  dfltul.o ABSOLUTE
    ../fplib/microlib/fpmul.c                0x00000000   Number         0  dmul.o ABSOLUTE
    ..\..\Libraries\CMSIS\Device\ST\STM32F4xx\Source\Templates\arm\startup_stm32f429_439xx.s 0x00000000   Number         0  startup_stm32f429_439xx.o ABSOLUTE
    ..\..\Libraries\CMSIS\Device\ST\STM32F4xx\Source\Templates\system_stm32f4xx.c 0x00000000   Number         0  system_stm32f4xx.o ABSOLUTE
    ..\..\Libraries\STM32F4xx_StdPeriph_Driver\src\misc.c 0x00000000   Number         0  misc.o ABSOLUTE
    ..\..\Libraries\STM32F4xx_StdPeriph_Driver\src\stm32f4xx_adc.c 0x00000000   Number         0  stm32f4xx_adc.o ABSOLUTE
    ..\..\Libraries\STM32F4xx_StdPeriph_Driver\src\stm32f4xx_can.c 0x00000000   Number         0  stm32f4xx_can.o ABSOLUTE
    ..\..\Libraries\STM32F4xx_StdPeriph_Driver\src\stm32f4xx_cec.c 0x00000000   Number         0  stm32f4xx_cec.o ABSOLUTE
    ..\..\Libraries\STM32F4xx_StdPeriph_Driver\src\stm32f4xx_crc.c 0x00000000   Number         0  stm32f4xx_crc.o ABSOLUTE
    ..\..\Libraries\STM32F4xx_StdPeriph_Driver\src\stm32f4xx_cryp.c 0x00000000   Number         0  stm32f4xx_cryp.o ABSOLUTE
    ..\..\Libraries\STM32F4xx_StdPeriph_Driver\src\stm32f4xx_cryp_aes.c 0x00000000   Number         0  stm32f4xx_cryp_aes.o ABSOLUTE
    ..\..\Libraries\STM32F4xx_StdPeriph_Driver\src\stm32f4xx_cryp_des.c 0x00000000   Number         0  stm32f4xx_cryp_des.o ABSOLUTE
    ..\..\Libraries\STM32F4xx_StdPeriph_Driver\src\stm32f4xx_cryp_tdes.c 0x00000000   Number         0  stm32f4xx_cryp_tdes.o ABSOLUTE
    ..\..\Libraries\STM32F4xx_StdPeriph_Driver\src\stm32f4xx_dac.c 0x00000000   Number         0  stm32f4xx_dac.o ABSOLUTE
    ..\..\Libraries\STM32F4xx_StdPeriph_Driver\src\stm32f4xx_dbgmcu.c 0x00000000   Number         0  stm32f4xx_dbgmcu.o ABSOLUTE
    ..\..\Libraries\STM32F4xx_StdPeriph_Driver\src\stm32f4xx_dcmi.c 0x00000000   Number         0  stm32f4xx_dcmi.o ABSOLUTE
    ..\..\Libraries\STM32F4xx_StdPeriph_Driver\src\stm32f4xx_dma.c 0x00000000   Number         0  stm32f4xx_dma.o ABSOLUTE
    ..\..\Libraries\STM32F4xx_StdPeriph_Driver\src\stm32f4xx_dma2d.c 0x00000000   Number         0  stm32f4xx_dma2d.o ABSOLUTE
    ..\..\Libraries\STM32F4xx_StdPeriph_Driver\src\stm32f4xx_exti.c 0x00000000   Number         0  stm32f4xx_exti.o ABSOLUTE
    ..\..\Libraries\STM32F4xx_StdPeriph_Driver\src\stm32f4xx_flash.c 0x00000000   Number         0  stm32f4xx_flash.o ABSOLUTE
    ..\..\Libraries\STM32F4xx_StdPeriph_Driver\src\stm32f4xx_flash_ramfunc.c 0x00000000   Number         0  stm32f4xx_flash_ramfunc.o ABSOLUTE
    ..\..\Libraries\STM32F4xx_StdPeriph_Driver\src\stm32f4xx_fmc.c 0x00000000   Number         0  stm32f4xx_fmc.o ABSOLUTE
    ..\..\Libraries\STM32F4xx_StdPeriph_Driver\src\stm32f4xx_fmpi2c.c 0x00000000   Number         0  stm32f4xx_fmpi2c.o ABSOLUTE
    ..\..\Libraries\STM32F4xx_StdPeriph_Driver\src\stm32f4xx_gpio.c 0x00000000   Number         0  stm32f4xx_gpio.o ABSOLUTE
    ..\..\Libraries\STM32F4xx_StdPeriph_Driver\src\stm32f4xx_hash.c 0x00000000   Number         0  stm32f4xx_hash.o ABSOLUTE
    ..\..\Libraries\STM32F4xx_StdPeriph_Driver\src\stm32f4xx_hash_md5.c 0x00000000   Number         0  stm32f4xx_hash_md5.o ABSOLUTE
    ..\..\Libraries\STM32F4xx_StdPeriph_Driver\src\stm32f4xx_hash_sha1.c 0x00000000   Number         0  stm32f4xx_hash_sha1.o ABSOLUTE
    ..\..\Libraries\STM32F4xx_StdPeriph_Driver\src\stm32f4xx_i2c.c 0x00000000   Number         0  stm32f4xx_i2c.o ABSOLUTE
    ..\..\Libraries\STM32F4xx_StdPeriph_Driver\src\stm32f4xx_iwdg.c 0x00000000   Number         0  stm32f4xx_iwdg.o ABSOLUTE
    ..\..\Libraries\STM32F4xx_StdPeriph_Driver\src\stm32f4xx_ltdc.c 0x00000000   Number         0  stm32f4xx_ltdc.o ABSOLUTE
    ..\..\Libraries\STM32F4xx_StdPeriph_Driver\src\stm32f4xx_pwr.c 0x00000000   Number         0  stm32f4xx_pwr.o ABSOLUTE
    ..\..\Libraries\STM32F4xx_StdPeriph_Driver\src\stm32f4xx_qspi.c 0x00000000   Number         0  stm32f4xx_qspi.o ABSOLUTE
    ..\..\Libraries\STM32F4xx_StdPeriph_Driver\src\stm32f4xx_rcc.c 0x00000000   Number         0  stm32f4xx_rcc.o ABSOLUTE
    ..\..\Libraries\STM32F4xx_StdPeriph_Driver\src\stm32f4xx_rng.c 0x00000000   Number         0  stm32f4xx_rng.o ABSOLUTE
    ..\..\Libraries\STM32F4xx_StdPeriph_Driver\src\stm32f4xx_rtc.c 0x00000000   Number         0  stm32f4xx_rtc.o ABSOLUTE
    ..\..\Libraries\STM32F4xx_StdPeriph_Driver\src\stm32f4xx_sai.c 0x00000000   Number         0  stm32f4xx_sai.o ABSOLUTE
    ..\..\Libraries\STM32F4xx_StdPeriph_Driver\src\stm32f4xx_sdio.c 0x00000000   Number         0  stm32f4xx_sdio.o ABSOLUTE
    ..\..\Libraries\STM32F4xx_StdPeriph_Driver\src\stm32f4xx_spdifrx.c 0x00000000   Number         0  stm32f4xx_spdifrx.o ABSOLUTE
    ..\..\Libraries\STM32F4xx_StdPeriph_Driver\src\stm32f4xx_spi.c 0x00000000   Number         0  stm32f4xx_spi.o ABSOLUTE
    ..\..\Libraries\STM32F4xx_StdPeriph_Driver\src\stm32f4xx_syscfg.c 0x00000000   Number         0  stm32f4xx_syscfg.o ABSOLUTE
    ..\..\Libraries\STM32F4xx_StdPeriph_Driver\src\stm32f4xx_tim.c 0x00000000   Number         0  stm32f4xx_tim.o ABSOLUTE
    ..\..\Libraries\STM32F4xx_StdPeriph_Driver\src\stm32f4xx_usart.c 0x00000000   Number         0  stm32f4xx_usart.o ABSOLUTE
    ..\..\Libraries\STM32F4xx_StdPeriph_Driver\src\stm32f4xx_wwdg.c 0x00000000   Number         0  stm32f4xx_wwdg.o ABSOLUTE
    ..\..\User\Modbus_svr.c                  0x00000000   Number         0  modbus_svr.o ABSOLUTE
    ..\..\User\SysTick.c                     0x00000000   Number         0  systick.o ABSOLUTE
    ..\..\User\bsp_innerflash.c              0x00000000   Number         0  bsp_innerflash.o ABSOLUTE
    ..\..\User\gpio.c                        0x00000000   Number         0  gpio.o ABSOLUTE
    ..\..\User\main.c                        0x00000000   Number         0  main.o ABSOLUTE
    ..\..\User\stm32f4xx_it.c                0x00000000   Number         0  stm32f4xx_it.o ABSOLUTE
    ..\..\User\usart_alt.c                   0x00000000   Number         0  usart_alt.o ABSOLUTE
    ..\..\User\usart_cpt.c                   0x00000000   Number         0  usart_cpt.o ABSOLUTE
    ..\..\User\usart_dpt.c                   0x00000000   Number         0  usart_dpt.o ABSOLUTE
    ..\..\User\usart_spd.c                   0x00000000   Number         0  usart_spd.o ABSOLUTE
    ..\..\User\usart_van.c                   0x00000000   Number         0  usart_van.o ABSOLUTE
    ..\\..\\Libraries\\CMSIS\\Device\\ST\\STM32F4xx\\Source\\Templates\\system_stm32f4xx.c 0x00000000   Number         0  system_stm32f4xx.o ABSOLUTE
    ..\\..\\Libraries\\STM32F4xx_StdPeriph_Driver\\src\\misc.c 0x00000000   Number         0  misc.o ABSOLUTE
    ..\\..\\Libraries\\STM32F4xx_StdPeriph_Driver\\src\\stm32f4xx_adc.c 0x00000000   Number         0  stm32f4xx_adc.o ABSOLUTE
    ..\\..\\Libraries\\STM32F4xx_StdPeriph_Driver\\src\\stm32f4xx_can.c 0x00000000   Number         0  stm32f4xx_can.o ABSOLUTE
    ..\\..\\Libraries\\STM32F4xx_StdPeriph_Driver\\src\\stm32f4xx_cec.c 0x00000000   Number         0  stm32f4xx_cec.o ABSOLUTE
    ..\\..\\Libraries\\STM32F4xx_StdPeriph_Driver\\src\\stm32f4xx_crc.c 0x00000000   Number         0  stm32f4xx_crc.o ABSOLUTE
    ..\\..\\Libraries\\STM32F4xx_StdPeriph_Driver\\src\\stm32f4xx_cryp.c 0x00000000   Number         0  stm32f4xx_cryp.o ABSOLUTE
    ..\\..\\Libraries\\STM32F4xx_StdPeriph_Driver\\src\\stm32f4xx_cryp_aes.c 0x00000000   Number         0  stm32f4xx_cryp_aes.o ABSOLUTE
    ..\\..\\Libraries\\STM32F4xx_StdPeriph_Driver\\src\\stm32f4xx_cryp_des.c 0x00000000   Number         0  stm32f4xx_cryp_des.o ABSOLUTE
    ..\\..\\Libraries\\STM32F4xx_StdPeriph_Driver\\src\\stm32f4xx_cryp_tdes.c 0x00000000   Number         0  stm32f4xx_cryp_tdes.o ABSOLUTE
    ..\\..\\Libraries\\STM32F4xx_StdPeriph_Driver\\src\\stm32f4xx_dac.c 0x00000000   Number         0  stm32f4xx_dac.o ABSOLUTE
    ..\\..\\Libraries\\STM32F4xx_StdPeriph_Driver\\src\\stm32f4xx_dbgmcu.c 0x00000000   Number         0  stm32f4xx_dbgmcu.o ABSOLUTE
    ..\\..\\Libraries\\STM32F4xx_StdPeriph_Driver\\src\\stm32f4xx_dcmi.c 0x00000000   Number         0  stm32f4xx_dcmi.o ABSOLUTE
    ..\\..\\Libraries\\STM32F4xx_StdPeriph_Driver\\src\\stm32f4xx_dma.c 0x00000000   Number         0  stm32f4xx_dma.o ABSOLUTE
    ..\\..\\Libraries\\STM32F4xx_StdPeriph_Driver\\src\\stm32f4xx_dma2d.c 0x00000000   Number         0  stm32f4xx_dma2d.o ABSOLUTE
    ..\\..\\Libraries\\STM32F4xx_StdPeriph_Driver\\src\\stm32f4xx_exti.c 0x00000000   Number         0  stm32f4xx_exti.o ABSOLUTE
    ..\\..\\Libraries\\STM32F4xx_StdPeriph_Driver\\src\\stm32f4xx_flash.c 0x00000000   Number         0  stm32f4xx_flash.o ABSOLUTE
    ..\\..\\Libraries\\STM32F4xx_StdPeriph_Driver\\src\\stm32f4xx_flash_ramfunc.c 0x00000000   Number         0  stm32f4xx_flash_ramfunc.o ABSOLUTE
    ..\\..\\Libraries\\STM32F4xx_StdPeriph_Driver\\src\\stm32f4xx_fmc.c 0x00000000   Number         0  stm32f4xx_fmc.o ABSOLUTE
    ..\\..\\Libraries\\STM32F4xx_StdPeriph_Driver\\src\\stm32f4xx_fmpi2c.c 0x00000000   Number         0  stm32f4xx_fmpi2c.o ABSOLUTE
    ..\\..\\Libraries\\STM32F4xx_StdPeriph_Driver\\src\\stm32f4xx_gpio.c 0x00000000   Number         0  stm32f4xx_gpio.o ABSOLUTE
    ..\\..\\Libraries\\STM32F4xx_StdPeriph_Driver\\src\\stm32f4xx_hash.c 0x00000000   Number         0  stm32f4xx_hash.o ABSOLUTE
    ..\\..\\Libraries\\STM32F4xx_StdPeriph_Driver\\src\\stm32f4xx_hash_md5.c 0x00000000   Number         0  stm32f4xx_hash_md5.o ABSOLUTE
    ..\\..\\Libraries\\STM32F4xx_StdPeriph_Driver\\src\\stm32f4xx_hash_sha1.c 0x00000000   Number         0  stm32f4xx_hash_sha1.o ABSOLUTE
    ..\\..\\Libraries\\STM32F4xx_StdPeriph_Driver\\src\\stm32f4xx_i2c.c 0x00000000   Number         0  stm32f4xx_i2c.o ABSOLUTE
    ..\\..\\Libraries\\STM32F4xx_StdPeriph_Driver\\src\\stm32f4xx_iwdg.c 0x00000000   Number         0  stm32f4xx_iwdg.o ABSOLUTE
    ..\\..\\Libraries\\STM32F4xx_StdPeriph_Driver\\src\\stm32f4xx_ltdc.c 0x00000000   Number         0  stm32f4xx_ltdc.o ABSOLUTE
    ..\\..\\Libraries\\STM32F4xx_StdPeriph_Driver\\src\\stm32f4xx_pwr.c 0x00000000   Number         0  stm32f4xx_pwr.o ABSOLUTE
    ..\\..\\Libraries\\STM32F4xx_StdPeriph_Driver\\src\\stm32f4xx_qspi.c 0x00000000   Number         0  stm32f4xx_qspi.o ABSOLUTE
    ..\\..\\Libraries\\STM32F4xx_StdPeriph_Driver\\src\\stm32f4xx_rcc.c 0x00000000   Number         0  stm32f4xx_rcc.o ABSOLUTE
    ..\\..\\Libraries\\STM32F4xx_StdPeriph_Driver\\src\\stm32f4xx_rng.c 0x00000000   Number         0  stm32f4xx_rng.o ABSOLUTE
    ..\\..\\Libraries\\STM32F4xx_StdPeriph_Driver\\src\\stm32f4xx_rtc.c 0x00000000   Number         0  stm32f4xx_rtc.o ABSOLUTE
    ..\\..\\Libraries\\STM32F4xx_StdPeriph_Driver\\src\\stm32f4xx_sai.c 0x00000000   Number         0  stm32f4xx_sai.o ABSOLUTE
    ..\\..\\Libraries\\STM32F4xx_StdPeriph_Driver\\src\\stm32f4xx_sdio.c 0x00000000   Number         0  stm32f4xx_sdio.o ABSOLUTE
    ..\\..\\Libraries\\STM32F4xx_StdPeriph_Driver\\src\\stm32f4xx_spdifrx.c 0x00000000   Number         0  stm32f4xx_spdifrx.o ABSOLUTE
    ..\\..\\Libraries\\STM32F4xx_StdPeriph_Driver\\src\\stm32f4xx_spi.c 0x00000000   Number         0  stm32f4xx_spi.o ABSOLUTE
    ..\\..\\Libraries\\STM32F4xx_StdPeriph_Driver\\src\\stm32f4xx_syscfg.c 0x00000000   Number         0  stm32f4xx_syscfg.o ABSOLUTE
    ..\\..\\Libraries\\STM32F4xx_StdPeriph_Driver\\src\\stm32f4xx_tim.c 0x00000000   Number         0  stm32f4xx_tim.o ABSOLUTE
    ..\\..\\Libraries\\STM32F4xx_StdPeriph_Driver\\src\\stm32f4xx_usart.c 0x00000000   Number         0  stm32f4xx_usart.o ABSOLUTE
    ..\\..\\Libraries\\STM32F4xx_StdPeriph_Driver\\src\\stm32f4xx_wwdg.c 0x00000000   Number         0  stm32f4xx_wwdg.o ABSOLUTE
    ..\\..\\User\\Modbus_svr.c               0x00000000   Number         0  modbus_svr.o ABSOLUTE
    ..\\..\\User\\SysTick.c                  0x00000000   Number         0  systick.o ABSOLUTE
    ..\\..\\User\\bsp_innerflash.c           0x00000000   Number         0  bsp_innerflash.o ABSOLUTE
    ..\\..\\User\\gpio.c                     0x00000000   Number         0  gpio.o ABSOLUTE
    ..\\..\\User\\main.c                     0x00000000   Number         0  main.o ABSOLUTE
    ..\\..\\User\\stm32f4xx_it.c             0x00000000   Number         0  stm32f4xx_it.o ABSOLUTE
    ..\\..\\User\\usart_alt.c                0x00000000   Number         0  usart_alt.o ABSOLUTE
    ..\\..\\User\\usart_cpt.c                0x00000000   Number         0  usart_cpt.o ABSOLUTE
    ..\\..\\User\\usart_dpt.c                0x00000000   Number         0  usart_dpt.o ABSOLUTE
    ..\\..\\User\\usart_spd.c                0x00000000   Number         0  usart_spd.o ABSOLUTE
    ..\\..\\User\\usart_van.c                0x00000000   Number         0  usart_van.o ABSOLUTE
    cdrcmple.s                               0x00000000   Number         0  cdrcmple.o ABSOLUTE
    dc.s                                     0x00000000   Number         0  dc.o ABSOLUTE
    handlers.s                               0x00000000   Number         0  handlers.o ABSOLUTE
    init.s                                   0x00000000   Number         0  init.o ABSOLUTE
    RESET                                    0x08000000   Section      428  startup_stm32f429_439xx.o(RESET)
    .ARM.Collect$$$$00000000                 0x080001ac   Section        0  entry.o(.ARM.Collect$$$$00000000)
    .ARM.Collect$$$$00000001                 0x080001ac   Section        4  entry2.o(.ARM.Collect$$$$00000001)
    .ARM.Collect$$$$00000004                 0x080001b0   Section        4  entry5.o(.ARM.Collect$$$$00000004)
    .ARM.Collect$$$$00000008                 0x080001b4   Section        0  entry7b.o(.ARM.Collect$$$$00000008)
    .ARM.Collect$$$$0000000A                 0x080001b4   Section        0  entry8b.o(.ARM.Collect$$$$0000000A)
    .ARM.Collect$$$$0000000B                 0x080001b4   Section        8  entry9a.o(.ARM.Collect$$$$0000000B)
    .ARM.Collect$$$$0000000D                 0x080001bc   Section        0  entry10a.o(.ARM.Collect$$$$0000000D)
    .ARM.Collect$$$$0000000F                 0x080001bc   Section        0  entry11a.o(.ARM.Collect$$$$0000000F)
    .ARM.Collect$$$$00002712                 0x080001bc   Section        4  entry2.o(.ARM.Collect$$$$00002712)
    __lit__00000000                          0x080001bc   Data           4  entry2.o(.ARM.Collect$$$$00002712)
    .text                                    0x080001c0   Section       36  startup_stm32f429_439xx.o(.text)
    $v0                                      0x080001c0   Number         0  startup_stm32f429_439xx.o(.text)
    .text                                    0x080001e4   Section        0  __0sscanf.o(.text)
    .text                                    0x0800021c   Section        0  scanf_fp.o(.text)
    _fp_value                                0x0800021d   Thumb Code   256  scanf_fp.o(.text)
    .text                                    0x08000554   Section        0  uidiv.o(.text)
    .text                                    0x08000580   Section        0  scanf_char.o(.text)
    _scanf_char_input                        0x08000581   Thumb Code    12  scanf_char.o(.text)
    .text                                    0x080005a8   Section        0  _sgetc.o(.text)
    .text                                    0x080005e8   Section        0  dmul.o(.text)
    .text                                    0x080005e8   Section        0  iusefp.o(.text)
    .text                                    0x080006cc   Section        0  ddiv.o(.text)
    .text                                    0x080007aa   Section        0  dfltul.o(.text)
    .text                                    0x080007c2   Section        0  d2f.o(.text)
    .text                                    0x080007fc   Section       36  init.o(.text)
    .text                                    0x08000820   Section        0  llshl.o(.text)
    .text                                    0x0800083e   Section        0  llushr.o(.text)
    .text                                    0x0800085e   Section        0  isspace_c.o(.text)
    .text                                    0x08000868   Section        0  _scanf.o(.text)
    .text                                    0x08000b94   Section        0  fepilogue.o(.text)
    .text                                    0x08000c02   Section        0  depilogue.o(.text)
    .text                                    0x08000cbc   Section        0  ctype_c.o(.text)
    i.ALT_Config                             0x08000ce4   Section        0  usart_alt.o(i.ALT_Config)
    ALT_Config                               0x08000ce5   Thumb Code   158  usart_alt.o(i.ALT_Config)
    i.ALT_Init                               0x08000d8c   Section        0  usart_alt.o(i.ALT_Init)
    i.ALT_NVIC_Configuration                 0x08000dac   Section        0  usart_alt.o(i.ALT_NVIC_Configuration)
    ALT_NVIC_Configuration                   0x08000dad   Thumb Code    40  usart_alt.o(i.ALT_NVIC_Configuration)
    i.ALT_Task                               0x08000dd4   Section        0  usart_alt.o(i.ALT_Task)
    i.ALT_TxCmd                              0x08000e2c   Section        0  usart_alt.o(i.ALT_TxCmd)
    i.BusFault_Handler                       0x08000e58   Section        0  stm32f4xx_it.o(i.BusFault_Handler)
    i.CPT_Config                             0x08000e5c   Section        0  usart_cpt.o(i.CPT_Config)
    CPT_Config                               0x08000e5d   Thumb Code   154  usart_cpt.o(i.CPT_Config)
    i.CPT_Init                               0x08000f00   Section        0  usart_cpt.o(i.CPT_Init)
    i.CPT_NVIC_Configuration                 0x08000f34   Section        0  usart_cpt.o(i.CPT_NVIC_Configuration)
    CPT_NVIC_Configuration                   0x08000f35   Thumb Code    40  usart_cpt.o(i.CPT_NVIC_Configuration)
    i.CPT_Task                               0x08000f5c   Section        0  usart_cpt.o(i.CPT_Task)
    i.CPT_TxCmd                              0x08000fac   Section        0  usart_cpt.o(i.CPT_TxCmd)
    i.CRC16                                  0x08000fdc   Section        0  modbus_svr.o(i.CRC16)
    i.DPT_Config                             0x08001004   Section        0  usart_dpt.o(i.DPT_Config)
    DPT_Config                               0x08001005   Thumb Code   158  usart_dpt.o(i.DPT_Config)
    i.DPT_Init                               0x080010ac   Section        0  usart_dpt.o(i.DPT_Init)
    i.DPT_NVIC_Configuration                 0x080010cc   Section        0  usart_dpt.o(i.DPT_NVIC_Configuration)
    DPT_NVIC_Configuration                   0x080010cd   Thumb Code    40  usart_dpt.o(i.DPT_NVIC_Configuration)
    i.DPT_Task                               0x080010f4   Section        0  usart_dpt.o(i.DPT_Task)
    i.DPT_TxCmd                              0x080011f8   Section        0  usart_dpt.o(i.DPT_TxCmd)
    i.DebugMon_Handler                       0x08001218   Section        0  stm32f4xx_it.o(i.DebugMon_Handler)
    i.Error_response                         0x0800121c   Section        0  modbus_svr.o(i.Error_response)
    i.GPIO_Config                            0x08001268   Section        0  gpio.o(i.GPIO_Config)
    i.GPIO_Init                              0x080012bc   Section        0  stm32f4xx_gpio.o(i.GPIO_Init)
    i.GPIO_PinAFConfig                       0x08001338   Section        0  stm32f4xx_gpio.o(i.GPIO_PinAFConfig)
    i.GPIO_SetBits                           0x08001358   Section        0  stm32f4xx_gpio.o(i.GPIO_SetBits)
    i.GetTimer                               0x0800135c   Section        0  systick.o(i.GetTimer)
    i.HardFault_Handler                      0x08001378   Section        0  stm32f4xx_it.o(i.HardFault_Handler)
    i.IWDG_Configuration                     0x0800137a   Section        0  gpio.o(i.IWDG_Configuration)
    i.IWDG_Enable                            0x080013a0   Section        0  stm32f4xx_iwdg.o(i.IWDG_Enable)
    i.IWDG_Feed                              0x080013b0   Section        0  gpio.o(i.IWDG_Feed)
    i.IWDG_ReloadCounter                     0x080013c0   Section        0  stm32f4xx_iwdg.o(i.IWDG_ReloadCounter)
    i.IWDG_SetPrescaler                      0x080013d0   Section        0  stm32f4xx_iwdg.o(i.IWDG_SetPrescaler)
    i.IWDG_SetReload                         0x080013dc   Section        0  stm32f4xx_iwdg.o(i.IWDG_SetReload)
    i.IWDG_WriteAccessCmd                    0x080013e8   Section        0  stm32f4xx_iwdg.o(i.IWDG_WriteAccessCmd)
    i.MODBUS_Config                          0x080013f4   Section        0  modbus_svr.o(i.MODBUS_Config)
    MODBUS_Config                            0x080013f5   Thumb Code   158  modbus_svr.o(i.MODBUS_Config)
    i.MODBUS_NVIC_Configuration              0x0800149c   Section        0  modbus_svr.o(i.MODBUS_NVIC_Configuration)
    MODBUS_NVIC_Configuration                0x0800149d   Thumb Code    38  modbus_svr.o(i.MODBUS_NVIC_Configuration)
    i.MemManage_Handler                      0x080014c2   Section        0  stm32f4xx_it.o(i.MemManage_Handler)
    i.ModbusTimer                            0x080014c4   Section        0  modbus_svr.o(i.ModbusTimer)
    i.Modbus_Procotol_Chain                  0x080014d4   Section        0  modbus_svr.o(i.Modbus_Procotol_Chain)
    i.Modbus_init                            0x08001708   Section        0  modbus_svr.o(i.Modbus_init)
    i.Modbus_task                            0x080017b0   Section        0  modbus_svr.o(i.Modbus_task)
    i.NMI_Handler                            0x080017fc   Section        0  stm32f4xx_it.o(i.NMI_Handler)
    i.NVIC_Init                              0x08001800   Section        0  misc.o(i.NVIC_Init)
    i.NVIC_PriorityGroupConfig               0x08001868   Section        0  misc.o(i.NVIC_PriorityGroupConfig)
    i.Normal_response                        0x0800187c   Section        0  modbus_svr.o(i.Normal_response)
    i.PendSV_Handler                         0x080018d0   Section        0  stm32f4xx_it.o(i.PendSV_Handler)
    i.RCC_AHB1PeriphClockCmd                 0x080018d4   Section        0  stm32f4xx_rcc.o(i.RCC_AHB1PeriphClockCmd)
    i.RCC_APB1PeriphClockCmd                 0x080018f0   Section        0  stm32f4xx_rcc.o(i.RCC_APB1PeriphClockCmd)
    i.RCC_APB2PeriphClockCmd                 0x0800190c   Section        0  stm32f4xx_rcc.o(i.RCC_APB2PeriphClockCmd)
    i.RCC_GetClocksFreq                      0x08001928   Section        0  stm32f4xx_rcc.o(i.RCC_GetClocksFreq)
    i.SPD_Config                             0x080019cc   Section        0  usart_spd.o(i.SPD_Config)
    SPD_Config                               0x080019cd   Thumb Code   158  usart_spd.o(i.SPD_Config)
    i.SPD_Init                               0x08001a74   Section        0  usart_spd.o(i.SPD_Init)
    i.SPD_NVIC_Configuration                 0x08001aa8   Section        0  usart_spd.o(i.SPD_NVIC_Configuration)
    SPD_NVIC_Configuration                   0x08001aa9   Thumb Code    40  usart_spd.o(i.SPD_NVIC_Configuration)
    i.SPD_Task                               0x08001ad0   Section        0  usart_spd.o(i.SPD_Task)
    i.SPD_TxCmd                              0x08001b6c   Section        0  usart_spd.o(i.SPD_TxCmd)
    i.SVC_Handler                            0x08001b9c   Section        0  stm32f4xx_it.o(i.SVC_Handler)
    i.SetSysClock                            0x08001ba0   Section        0  system_stm32f4xx.o(i.SetSysClock)
    SetSysClock                              0x08001ba1   Thumb Code   196  system_stm32f4xx.o(i.SetSysClock)
    i.SetTimer                               0x08001c74   Section        0  systick.o(i.SetTimer)
    i.SysTick_Handler                        0x08001c8c   Section        0  systick.o(i.SysTick_Handler)
    i.SysTick_Init                           0x08001ce0   Section        0  systick.o(i.SysTick_Init)
    i.SystemInit                             0x08001d48   Section        0  system_stm32f4xx.o(i.SystemInit)
    i.UART4_IRQHandler                       0x08001da4   Section        0  usart_cpt.o(i.UART4_IRQHandler)
    i.UART7_IRQHandler                       0x08001df4   Section        0  usart_spd.o(i.UART7_IRQHandler)
    i.USART1_IRQHandler                      0x08001e44   Section        0  modbus_svr.o(i.USART1_IRQHandler)
    i.USART2_IRQHandler                      0x08001eac   Section        0  usart_van.o(i.USART2_IRQHandler)
    i.USART3_IRQHandler                      0x08001efc   Section        0  usart_dpt.o(i.USART3_IRQHandler)
    i.USART6_IRQHandler                      0x08001f80   Section        0  usart_alt.o(i.USART6_IRQHandler)
    i.USART_Cmd                              0x08001fe8   Section        0  stm32f4xx_usart.o(i.USART_Cmd)
    i.USART_GetFlagStatus                    0x08002000   Section        0  stm32f4xx_usart.o(i.USART_GetFlagStatus)
    i.USART_GetITStatus                      0x0800200e   Section        0  stm32f4xx_usart.o(i.USART_GetITStatus)
    i.USART_ITConfig                         0x0800204e   Section        0  stm32f4xx_usart.o(i.USART_ITConfig)
    i.USART_Init                             0x08002084   Section        0  stm32f4xx_usart.o(i.USART_Init)
    i.USART_ReceiveData                      0x08002140   Section        0  stm32f4xx_usart.o(i.USART_ReceiveData)
    i.USART_SendData                         0x08002148   Section        0  stm32f4xx_usart.o(i.USART_SendData)
    i.UsageFault_Handler                     0x08002150   Section        0  stm32f4xx_it.o(i.UsageFault_Handler)
    i.Usart_SendByte                         0x08002152   Section        0  modbus_svr.o(i.Usart_SendByte)
    i.Usart_SendBytes                        0x0800216a   Section        0  modbus_svr.o(i.Usart_SendBytes)
    i.Usart_SendString                       0x08002198   Section        0  modbus_svr.o(i.Usart_SendString)
    i.VAN_Config                             0x080021c0   Section        0  usart_van.o(i.VAN_Config)
    VAN_Config                               0x080021c1   Thumb Code   158  usart_van.o(i.VAN_Config)
    i.VAN_Init                               0x08002268   Section        0  usart_van.o(i.VAN_Init)
    i.VAN_NVIC_Configuration                 0x08002298   Section        0  usart_van.o(i.VAN_NVIC_Configuration)
    VAN_NVIC_Configuration                   0x08002299   Thumb Code    40  usart_van.o(i.VAN_NVIC_Configuration)
    i.VAN_Task                               0x080022c0   Section        0  usart_van.o(i.VAN_Task)
    i.VAN_TransData                          0x08002334   Section        0  usart_van.o(i.VAN_TransData)
    i.VAN_TxCmd                              0x080023d0   Section        0  usart_van.o(i.VAN_TxCmd)
    i.__0sprintf$1                           0x08002410   Section        0  printf1.o(i.__0sprintf$1)
    i.__scatterload_copy                     0x08002438   Section       14  handlers.o(i.__scatterload_copy)
    i.__scatterload_null                     0x08002446   Section        2  handlers.o(i.__scatterload_null)
    i.__scatterload_zeroinit                 0x08002448   Section       14  handlers.o(i.__scatterload_zeroinit)
    i._is_digit                              0x08002456   Section        0  scanf_fp.o(i._is_digit)
    i._printf_core                           0x08002464   Section        0  printf1.o(i._printf_core)
    _printf_core                             0x08002465   Thumb Code   336  printf1.o(i._printf_core)
    i._sputc                                 0x080025b8   Section        0  printf1.o(i._sputc)
    _sputc                                   0x080025b9   Thumb Code    10  printf1.o(i._sputc)
    i.main                                   0x080025c4   Section        0  main.o(i.main)
    .constdata                               0x08002670   Section      512  modbus_svr.o(.constdata)
    wCRCTable                                0x08002670   Data         512  modbus_svr.o(.constdata)
    .constdata                               0x08002870   Section       64  ctype_c.o(.constdata)
    .data                                    0x20000000   Section       20  system_stm32f4xx.o(.data)
    .data                                    0x20000014   Section       16  stm32f4xx_rcc.o(.data)
    APBAHBPrescTable                         0x20000014   Data          16  stm32f4xx_rcc.o(.data)
    .data                                    0x20000024   Section       16  modbus_svr.o(.data)
    .data                                    0x20000034   Section        4  systick.o(.data)
    TimingDelay                              0x20000034   Data           4  systick.o(.data)
    .data                                    0x20000038   Section       11  usart_cpt.o(.data)
    .data                                    0x20000043   Section       12  usart_van.o(.data)
    .data                                    0x2000004f   Section       11  usart_spd.o(.data)
    .data                                    0x2000005c   Section        8  usart_alt.o(.data)
    .data                                    0x20000064   Section       28  usart_dpt.o(.data)
    .bss                                     0x20000080   Section     1312  modbus_svr.o(.bss)
    .bss                                     0x200005a0   Section       50  systick.o(.bss)
    .bss                                     0x200005d2   Section      256  usart_cpt.o(.bss)
    .bss                                     0x200006d2   Section      256  usart_van.o(.bss)
    .bss                                     0x200007d2   Section      256  usart_spd.o(.bss)
    .bss                                     0x200008d2   Section      256  usart_alt.o(.bss)
    .bss                                     0x200009d2   Section      256  usart_dpt.o(.bss)
    STACK                                    0x20000ad8   Section     1024  startup_stm32f429_439xx.o(STACK)

    Global Symbols

    Symbol Name                              Value     Ov Type        Size  Object(Section)

    BuildAttributes$$THM_ISAv4$E$P$D$K$B$S$7EM$VFPi3$EXTD16$VFPS$VFMA$PE$A:L22UL41UL21$X:L11$S22US41US21$IEEE1$IW$USESV6$~STKCKD$USESV7$~SHL$OTIME$ROPI$EBA8$MICROLIB$REQ8$PRES8$EABIv2 0x00000000   Number         0  anon$$obj.o ABSOLUTE
    __ARM_use_no_argv                        0x00000000   Number         0  main.o ABSOLUTE
    _printf_a                                0x00000000   Number         0  stubs.o ABSOLUTE
    _printf_c                                0x00000000   Number         0  stubs.o ABSOLUTE
    _printf_charcount                        0x00000000   Number         0  stubs.o ABSOLUTE
    _printf_d                                0x00000000   Number         0  stubs.o ABSOLUTE
    _printf_e                                0x00000000   Number         0  stubs.o ABSOLUTE
    _printf_f                                0x00000000   Number         0  stubs.o ABSOLUTE
    _printf_flags                            0x00000000   Number         0  stubs.o ABSOLUTE
    _printf_fp_dec                           0x00000000   Number         0  stubs.o ABSOLUTE
    _printf_fp_hex                           0x00000000   Number         0  stubs.o ABSOLUTE
    _printf_g                                0x00000000   Number         0  stubs.o ABSOLUTE
    _printf_i                                0x00000000   Number         0  stubs.o ABSOLUTE
    _printf_int_dec                          0x00000000   Number         0  stubs.o ABSOLUTE
    _printf_l                                0x00000000   Number         0  stubs.o ABSOLUTE
    _printf_lc                               0x00000000   Number         0  stubs.o ABSOLUTE
    _printf_ll                               0x00000000   Number         0  stubs.o ABSOLUTE
    _printf_lld                              0x00000000   Number         0  stubs.o ABSOLUTE
    _printf_lli                              0x00000000   Number         0  stubs.o ABSOLUTE
    _printf_llo                              0x00000000   Number         0  stubs.o ABSOLUTE
    _printf_llu                              0x00000000   Number         0  stubs.o ABSOLUTE
    _printf_llx                              0x00000000   Number         0  stubs.o ABSOLUTE
    _printf_longlong_dec                     0x00000000   Number         0  stubs.o ABSOLUTE
    _printf_longlong_hex                     0x00000000   Number         0  stubs.o ABSOLUTE
    _printf_longlong_oct                     0x00000000   Number         0  stubs.o ABSOLUTE
    _printf_ls                               0x00000000   Number         0  stubs.o ABSOLUTE
    _printf_mbtowc                           0x00000000   Number         0  stubs.o ABSOLUTE
    _printf_n                                0x00000000   Number         0  stubs.o ABSOLUTE
    _printf_o                                0x00000000   Number         0  stubs.o ABSOLUTE
    _printf_p                                0x00000000   Number         0  stubs.o ABSOLUTE
    _printf_percent                          0x00000000   Number         0  stubs.o ABSOLUTE
    _printf_pre_padding                      0x00000000   Number         0  stubs.o ABSOLUTE
    _printf_return_value                     0x00000000   Number         0  stubs.o ABSOLUTE
    _printf_s                                0x00000000   Number         0  stubs.o ABSOLUTE
    _printf_sizespec                         0x00000000   Number         0  stubs.o ABSOLUTE
    _printf_str                              0x00000000   Number         0  stubs.o ABSOLUTE
    _printf_truncate_signed                  0x00000000   Number         0  stubs.o ABSOLUTE
    _printf_truncate_unsigned                0x00000000   Number         0  stubs.o ABSOLUTE
    _printf_u                                0x00000000   Number         0  stubs.o ABSOLUTE
    _printf_wc                               0x00000000   Number         0  stubs.o ABSOLUTE
    _printf_wctomb                           0x00000000   Number         0  stubs.o ABSOLUTE
    _printf_widthprec                        0x00000000   Number         0  stubs.o ABSOLUTE
    _printf_x                                0x00000000   Number         0  stubs.o ABSOLUTE
    __cpp_initialize__aeabi_                  - Undefined Weak Reference
    __cxa_finalize                            - Undefined Weak Reference
    __decompress                              - Undefined Weak Reference
    _clock_init                               - Undefined Weak Reference
    _microlib_exit                            - Undefined Weak Reference
    _scanf_int                                - Undefined Weak Reference
    _scanf_longlong                           - Undefined Weak Reference
    _scanf_string                             - Undefined Weak Reference
    __Vectors_Size                           0x000001ac   Number         0  startup_stm32f429_439xx.o ABSOLUTE
    __Vectors                                0x08000000   Data           4  startup_stm32f429_439xx.o(RESET)
    __Vectors_End                            0x080001ac   Data           0  startup_stm32f429_439xx.o(RESET)
    __main                                   0x080001ad   Thumb Code     0  entry.o(.ARM.Collect$$$$00000000)
    _main_stk                                0x080001ad   Thumb Code     0  entry2.o(.ARM.Collect$$$$00000001)
    _main_scatterload                        0x080001b1   Thumb Code     0  entry5.o(.ARM.Collect$$$$00000004)
    __main_after_scatterload                 0x080001b5   Thumb Code     0  entry5.o(.ARM.Collect$$$$00000004)
    _main_clock                              0x080001b5   Thumb Code     0  entry7b.o(.ARM.Collect$$$$00000008)
    _main_cpp_init                           0x080001b5   Thumb Code     0  entry8b.o(.ARM.Collect$$$$0000000A)
    _main_init                               0x080001b5   Thumb Code     0  entry9a.o(.ARM.Collect$$$$0000000B)
    __rt_final_cpp                           0x080001bd   Thumb Code     0  entry10a.o(.ARM.Collect$$$$0000000D)
    __rt_final_exit                          0x080001bd   Thumb Code     0  entry11a.o(.ARM.Collect$$$$0000000F)
    Reset_Handler                            0x080001c1   Thumb Code     8  startup_stm32f429_439xx.o(.text)
    ADC_IRQHandler                           0x080001db   Thumb Code     0  startup_stm32f429_439xx.o(.text)
    CAN1_RX0_IRQHandler                      0x080001db   Thumb Code     0  startup_stm32f429_439xx.o(.text)
    CAN1_RX1_IRQHandler                      0x080001db   Thumb Code     0  startup_stm32f429_439xx.o(.text)
    CAN1_SCE_IRQHandler                      0x080001db   Thumb Code     0  startup_stm32f429_439xx.o(.text)
    CAN1_TX_IRQHandler                       0x080001db   Thumb Code     0  startup_stm32f429_439xx.o(.text)
    CAN2_RX0_IRQHandler                      0x080001db   Thumb Code     0  startup_stm32f429_439xx.o(.text)
    CAN2_RX1_IRQHandler                      0x080001db   Thumb Code     0  startup_stm32f429_439xx.o(.text)
    CAN2_SCE_IRQHandler                      0x080001db   Thumb Code     0  startup_stm32f429_439xx.o(.text)
    CAN2_TX_IRQHandler                       0x080001db   Thumb Code     0  startup_stm32f429_439xx.o(.text)
    CRYP_IRQHandler                          0x080001db   Thumb Code     0  startup_stm32f429_439xx.o(.text)
    DCMI_IRQHandler                          0x080001db   Thumb Code     0  startup_stm32f429_439xx.o(.text)
    DMA1_Stream0_IRQHandler                  0x080001db   Thumb Code     0  startup_stm32f429_439xx.o(.text)
    DMA1_Stream1_IRQHandler                  0x080001db   Thumb Code     0  startup_stm32f429_439xx.o(.text)
    DMA1_Stream2_IRQHandler                  0x080001db   Thumb Code     0  startup_stm32f429_439xx.o(.text)
    DMA1_Stream3_IRQHandler                  0x080001db   Thumb Code     0  startup_stm32f429_439xx.o(.text)
    DMA1_Stream4_IRQHandler                  0x080001db   Thumb Code     0  startup_stm32f429_439xx.o(.text)
    DMA1_Stream5_IRQHandler                  0x080001db   Thumb Code     0  startup_stm32f429_439xx.o(.text)
    DMA1_Stream6_IRQHandler                  0x080001db   Thumb Code     0  startup_stm32f429_439xx.o(.text)
    DMA1_Stream7_IRQHandler                  0x080001db   Thumb Code     0  startup_stm32f429_439xx.o(.text)
    DMA2D_IRQHandler                         0x080001db   Thumb Code     0  startup_stm32f429_439xx.o(.text)
    DMA2_Stream0_IRQHandler                  0x080001db   Thumb Code     0  startup_stm32f429_439xx.o(.text)
    DMA2_Stream1_IRQHandler                  0x080001db   Thumb Code     0  startup_stm32f429_439xx.o(.text)
    DMA2_Stream2_IRQHandler                  0x080001db   Thumb Code     0  startup_stm32f429_439xx.o(.text)
    DMA2_Stream3_IRQHandler                  0x080001db   Thumb Code     0  startup_stm32f429_439xx.o(.text)
    DMA2_Stream4_IRQHandler                  0x080001db   Thumb Code     0  startup_stm32f429_439xx.o(.text)
    DMA2_Stream5_IRQHandler                  0x080001db   Thumb Code     0  startup_stm32f429_439xx.o(.text)
    DMA2_Stream6_IRQHandler                  0x080001db   Thumb Code     0  startup_stm32f429_439xx.o(.text)
    DMA2_Stream7_IRQHandler                  0x080001db   Thumb Code     0  startup_stm32f429_439xx.o(.text)
    ETH_IRQHandler                           0x080001db   Thumb Code     0  startup_stm32f429_439xx.o(.text)
    ETH_WKUP_IRQHandler                      0x080001db   Thumb Code     0  startup_stm32f429_439xx.o(.text)
    EXTI0_IRQHandler                         0x080001db   Thumb Code     0  startup_stm32f429_439xx.o(.text)
    EXTI15_10_IRQHandler                     0x080001db   Thumb Code     0  startup_stm32f429_439xx.o(.text)
    EXTI1_IRQHandler                         0x080001db   Thumb Code     0  startup_stm32f429_439xx.o(.text)
    EXTI2_IRQHandler                         0x080001db   Thumb Code     0  startup_stm32f429_439xx.o(.text)
    EXTI3_IRQHandler                         0x080001db   Thumb Code     0  startup_stm32f429_439xx.o(.text)
    EXTI4_IRQHandler                         0x080001db   Thumb Code     0  startup_stm32f429_439xx.o(.text)
    EXTI9_5_IRQHandler                       0x080001db   Thumb Code     0  startup_stm32f429_439xx.o(.text)
    FLASH_IRQHandler                         0x080001db   Thumb Code     0  startup_stm32f429_439xx.o(.text)
    FMC_IRQHandler                           0x080001db   Thumb Code     0  startup_stm32f429_439xx.o(.text)
    FPU_IRQHandler                           0x080001db   Thumb Code     0  startup_stm32f429_439xx.o(.text)
    HASH_RNG_IRQHandler                      0x080001db   Thumb Code     0  startup_stm32f429_439xx.o(.text)
    I2C1_ER_IRQHandler                       0x080001db   Thumb Code     0  startup_stm32f429_439xx.o(.text)
    I2C1_EV_IRQHandler                       0x080001db   Thumb Code     0  startup_stm32f429_439xx.o(.text)
    I2C2_ER_IRQHandler                       0x080001db   Thumb Code     0  startup_stm32f429_439xx.o(.text)
    I2C2_EV_IRQHandler                       0x080001db   Thumb Code     0  startup_stm32f429_439xx.o(.text)
    I2C3_ER_IRQHandler                       0x080001db   Thumb Code     0  startup_stm32f429_439xx.o(.text)
    I2C3_EV_IRQHandler                       0x080001db   Thumb Code     0  startup_stm32f429_439xx.o(.text)
    LTDC_ER_IRQHandler                       0x080001db   Thumb Code     0  startup_stm32f429_439xx.o(.text)
    LTDC_IRQHandler                          0x080001db   Thumb Code     0  startup_stm32f429_439xx.o(.text)
    OTG_FS_IRQHandler                        0x080001db   Thumb Code     0  startup_stm32f429_439xx.o(.text)
    OTG_FS_WKUP_IRQHandler                   0x080001db   Thumb Code     0  startup_stm32f429_439xx.o(.text)
    OTG_HS_EP1_IN_IRQHandler                 0x080001db   Thumb Code     0  startup_stm32f429_439xx.o(.text)
    OTG_HS_EP1_OUT_IRQHandler                0x080001db   Thumb Code     0  startup_stm32f429_439xx.o(.text)
    OTG_HS_IRQHandler                        0x080001db   Thumb Code     0  startup_stm32f429_439xx.o(.text)
    OTG_HS_WKUP_IRQHandler                   0x080001db   Thumb Code     0  startup_stm32f429_439xx.o(.text)
    PVD_IRQHandler                           0x080001db   Thumb Code     0  startup_stm32f429_439xx.o(.text)
    RCC_IRQHandler                           0x080001db   Thumb Code     0  startup_stm32f429_439xx.o(.text)
    RTC_Alarm_IRQHandler                     0x080001db   Thumb Code     0  startup_stm32f429_439xx.o(.text)
    RTC_WKUP_IRQHandler                      0x080001db   Thumb Code     0  startup_stm32f429_439xx.o(.text)
    SAI1_IRQHandler                          0x080001db   Thumb Code     0  startup_stm32f429_439xx.o(.text)
    SDIO_IRQHandler                          0x080001db   Thumb Code     0  startup_stm32f429_439xx.o(.text)
    SPI1_IRQHandler                          0x080001db   Thumb Code     0  startup_stm32f429_439xx.o(.text)
    SPI2_IRQHandler                          0x080001db   Thumb Code     0  startup_stm32f429_439xx.o(.text)
    SPI3_IRQHandler                          0x080001db   Thumb Code     0  startup_stm32f429_439xx.o(.text)
    SPI4_IRQHandler                          0x080001db   Thumb Code     0  startup_stm32f429_439xx.o(.text)
    SPI5_IRQHandler                          0x080001db   Thumb Code     0  startup_stm32f429_439xx.o(.text)
    SPI6_IRQHandler                          0x080001db   Thumb Code     0  startup_stm32f429_439xx.o(.text)
    TAMP_STAMP_IRQHandler                    0x080001db   Thumb Code     0  startup_stm32f429_439xx.o(.text)
    TIM1_BRK_TIM9_IRQHandler                 0x080001db   Thumb Code     0  startup_stm32f429_439xx.o(.text)
    TIM1_CC_IRQHandler                       0x080001db   Thumb Code     0  startup_stm32f429_439xx.o(.text)
    TIM1_TRG_COM_TIM11_IRQHandler            0x080001db   Thumb Code     0  startup_stm32f429_439xx.o(.text)
    TIM1_UP_TIM10_IRQHandler                 0x080001db   Thumb Code     0  startup_stm32f429_439xx.o(.text)
    TIM2_IRQHandler                          0x080001db   Thumb Code     0  startup_stm32f429_439xx.o(.text)
    TIM3_IRQHandler                          0x080001db   Thumb Code     0  startup_stm32f429_439xx.o(.text)
    TIM4_IRQHandler                          0x080001db   Thumb Code     0  startup_stm32f429_439xx.o(.text)
    TIM5_IRQHandler                          0x080001db   Thumb Code     0  startup_stm32f429_439xx.o(.text)
    TIM6_DAC_IRQHandler                      0x080001db   Thumb Code     0  startup_stm32f429_439xx.o(.text)
    TIM7_IRQHandler                          0x080001db   Thumb Code     0  startup_stm32f429_439xx.o(.text)
    TIM8_BRK_TIM12_IRQHandler                0x080001db   Thumb Code     0  startup_stm32f429_439xx.o(.text)
    TIM8_CC_IRQHandler                       0x080001db   Thumb Code     0  startup_stm32f429_439xx.o(.text)
    TIM8_TRG_COM_TIM14_IRQHandler            0x080001db   Thumb Code     0  startup_stm32f429_439xx.o(.text)
    TIM8_UP_TIM13_IRQHandler                 0x080001db   Thumb Code     0  startup_stm32f429_439xx.o(.text)
    UART5_IRQHandler                         0x080001db   Thumb Code     0  startup_stm32f429_439xx.o(.text)
    UART8_IRQHandler                         0x080001db   Thumb Code     0  startup_stm32f429_439xx.o(.text)
    WWDG_IRQHandler                          0x080001db   Thumb Code     0  startup_stm32f429_439xx.o(.text)
    __0sscanf                                0x080001e5   Thumb Code    48  __0sscanf.o(.text)
    _scanf_real                              0x0800031d   Thumb Code     0  scanf_fp.o(.text)
    _scanf_really_real                       0x0800031d   Thumb Code   556  scanf_fp.o(.text)
    __aeabi_uidiv                            0x08000555   Thumb Code     0  uidiv.o(.text)
    __aeabi_uidivmod                         0x08000555   Thumb Code    44  uidiv.o(.text)
    __vfscanf_char                           0x0800058d   Thumb Code    20  scanf_char.o(.text)
    _sgetc                                   0x080005a9   Thumb Code    30  _sgetc.o(.text)
    _sbackspace                              0x080005c7   Thumb Code    34  _sgetc.o(.text)
    __I$use$fp                               0x080005e9   Thumb Code     0  iusefp.o(.text)
    __aeabi_dmul                             0x080005e9   Thumb Code   228  dmul.o(.text)
    __aeabi_ddiv                             0x080006cd   Thumb Code   222  ddiv.o(.text)
    __aeabi_ul2d                             0x080007ab   Thumb Code    24  dfltul.o(.text)
    __aeabi_d2f                              0x080007c3   Thumb Code    56  d2f.o(.text)
    __scatterload                            0x080007fd   Thumb Code    28  init.o(.text)
    __scatterload_rt2                        0x080007fd   Thumb Code     0  init.o(.text)
    __aeabi_llsl                             0x08000821   Thumb Code    30  llshl.o(.text)
    _ll_shift_l                              0x08000821   Thumb Code     0  llshl.o(.text)
    __aeabi_llsr                             0x0800083f   Thumb Code    32  llushr.o(.text)
    _ll_ushift_r                             0x0800083f   Thumb Code     0  llushr.o(.text)
    isspace                                  0x0800085f   Thumb Code    10  isspace_c.o(.text)
    __vfscanf                                0x08000869   Thumb Code   808  _scanf.o(.text)
    _float_round                             0x08000b95   Thumb Code    18  fepilogue.o(.text)
    _float_epilogue                          0x08000ba7   Thumb Code    92  fepilogue.o(.text)
    _double_round                            0x08000c03   Thumb Code    30  depilogue.o(.text)
    _double_epilogue                         0x08000c21   Thumb Code   156  depilogue.o(.text)
    __ctype_lookup                           0x08000cbd   Thumb Code    34  ctype_c.o(.text)
    ALT_Init                                 0x08000d8d   Thumb Code    22  usart_alt.o(i.ALT_Init)
    ALT_Task                                 0x08000dd5   Thumb Code    62  usart_alt.o(i.ALT_Task)
    ALT_TxCmd                                0x08000e2d   Thumb Code    32  usart_alt.o(i.ALT_TxCmd)
    BusFault_Handler                         0x08000e59   Thumb Code     2  stm32f4xx_it.o(i.BusFault_Handler)
    CPT_Init                                 0x08000f01   Thumb Code    42  usart_cpt.o(i.CPT_Init)
    CPT_Task                                 0x08000f5d   Thumb Code    66  usart_cpt.o(i.CPT_Task)
    CPT_TxCmd                                0x08000fad   Thumb Code    36  usart_cpt.o(i.CPT_TxCmd)
    CRC16                                    0x08000fdd   Thumb Code    36  modbus_svr.o(i.CRC16)
    DPT_Init                                 0x080010ad   Thumb Code    22  usart_dpt.o(i.DPT_Init)
    DPT_Task                                 0x080010f5   Thumb Code   202  usart_dpt.o(i.DPT_Task)
    DPT_TxCmd                                0x080011f9   Thumb Code    24  usart_dpt.o(i.DPT_TxCmd)
    DebugMon_Handler                         0x08001219   Thumb Code     2  stm32f4xx_it.o(i.DebugMon_Handler)
    Error_response                           0x0800121d   Thumb Code    66  modbus_svr.o(i.Error_response)
    GPIO_Config                              0x08001269   Thumb Code    78  gpio.o(i.GPIO_Config)
    GPIO_Init                                0x080012bd   Thumb Code   124  stm32f4xx_gpio.o(i.GPIO_Init)
    GPIO_PinAFConfig                         0x08001339   Thumb Code    32  stm32f4xx_gpio.o(i.GPIO_PinAFConfig)
    GPIO_SetBits                             0x08001359   Thumb Code     4  stm32f4xx_gpio.o(i.GPIO_SetBits)
    GetTimer                                 0x0800135d   Thumb Code    22  systick.o(i.GetTimer)
    HardFault_Handler                        0x08001379   Thumb Code     2  stm32f4xx_it.o(i.HardFault_Handler)
    IWDG_Configuration                       0x0800137b   Thumb Code    36  gpio.o(i.IWDG_Configuration)
    IWDG_Enable                              0x080013a1   Thumb Code    10  stm32f4xx_iwdg.o(i.IWDG_Enable)
    IWDG_Feed                                0x080013b1   Thumb Code    10  gpio.o(i.IWDG_Feed)
    IWDG_ReloadCounter                       0x080013c1   Thumb Code    10  stm32f4xx_iwdg.o(i.IWDG_ReloadCounter)
    IWDG_SetPrescaler                        0x080013d1   Thumb Code     6  stm32f4xx_iwdg.o(i.IWDG_SetPrescaler)
    IWDG_SetReload                           0x080013dd   Thumb Code     6  stm32f4xx_iwdg.o(i.IWDG_SetReload)
    IWDG_WriteAccessCmd                      0x080013e9   Thumb Code     6  stm32f4xx_iwdg.o(i.IWDG_WriteAccessCmd)
    MemManage_Handler                        0x080014c3   Thumb Code     2  stm32f4xx_it.o(i.MemManage_Handler)
    ModbusTimer                              0x080014c5   Thumb Code    10  modbus_svr.o(i.ModbusTimer)
    Modbus_Procotol_Chain                    0x080014d5   Thumb Code   552  modbus_svr.o(i.Modbus_Procotol_Chain)
    Modbus_init                              0x08001709   Thumb Code   116  modbus_svr.o(i.Modbus_init)
    Modbus_task                              0x080017b1   Thumb Code    66  modbus_svr.o(i.Modbus_task)
    NMI_Handler                              0x080017fd   Thumb Code     2  stm32f4xx_it.o(i.NMI_Handler)
    NVIC_Init                                0x08001801   Thumb Code    98  misc.o(i.NVIC_Init)
    NVIC_PriorityGroupConfig                 0x08001869   Thumb Code    10  misc.o(i.NVIC_PriorityGroupConfig)
    Normal_response                          0x0800187d   Thumb Code    74  modbus_svr.o(i.Normal_response)
    PendSV_Handler                           0x080018d1   Thumb Code     2  stm32f4xx_it.o(i.PendSV_Handler)
    RCC_AHB1PeriphClockCmd                   0x080018d5   Thumb Code    22  stm32f4xx_rcc.o(i.RCC_AHB1PeriphClockCmd)
    RCC_APB1PeriphClockCmd                   0x080018f1   Thumb Code    22  stm32f4xx_rcc.o(i.RCC_APB1PeriphClockCmd)
    RCC_APB2PeriphClockCmd                   0x0800190d   Thumb Code    22  stm32f4xx_rcc.o(i.RCC_APB2PeriphClockCmd)
    RCC_GetClocksFreq                        0x08001929   Thumb Code   148  stm32f4xx_rcc.o(i.RCC_GetClocksFreq)
    SPD_Init                                 0x08001a75   Thumb Code    42  usart_spd.o(i.SPD_Init)
    SPD_Task                                 0x08001ad1   Thumb Code   142  usart_spd.o(i.SPD_Task)
    SPD_TxCmd                                0x08001b6d   Thumb Code    36  usart_spd.o(i.SPD_TxCmd)
    SVC_Handler                              0x08001b9d   Thumb Code     2  stm32f4xx_it.o(i.SVC_Handler)
    SetTimer                                 0x08001c75   Thumb Code    18  systick.o(i.SetTimer)
    SysTick_Handler                          0x08001c8d   Thumb Code    76  systick.o(i.SysTick_Handler)
    SysTick_Init                             0x08001ce1   Thumb Code    90  systick.o(i.SysTick_Init)
    SystemInit                               0x08001d49   Thumb Code    74  system_stm32f4xx.o(i.SystemInit)
    UART4_IRQHandler                         0x08001da5   Thumb Code    66  usart_cpt.o(i.UART4_IRQHandler)
    UART7_IRQHandler                         0x08001df5   Thumb Code    66  usart_spd.o(i.UART7_IRQHandler)
    USART1_IRQHandler                        0x08001e45   Thumb Code    92  modbus_svr.o(i.USART1_IRQHandler)
    USART2_IRQHandler                        0x08001ead   Thumb Code    66  usart_van.o(i.USART2_IRQHandler)
    USART3_IRQHandler                        0x08001efd   Thumb Code   120  usart_dpt.o(i.USART3_IRQHandler)
    USART6_IRQHandler                        0x08001f81   Thumb Code    90  usart_alt.o(i.USART6_IRQHandler)
    USART_Cmd                                0x08001fe9   Thumb Code    24  stm32f4xx_usart.o(i.USART_Cmd)
    USART_GetFlagStatus                      0x08002001   Thumb Code    14  stm32f4xx_usart.o(i.USART_GetFlagStatus)
    USART_GetITStatus                        0x0800200f   Thumb Code    64  stm32f4xx_usart.o(i.USART_GetITStatus)
    USART_ITConfig                           0x0800204f   Thumb Code    54  stm32f4xx_usart.o(i.USART_ITConfig)
    USART_Init                               0x08002085   Thumb Code   180  stm32f4xx_usart.o(i.USART_Init)
    USART_ReceiveData                        0x08002141   Thumb Code     8  stm32f4xx_usart.o(i.USART_ReceiveData)
    USART_SendData                           0x08002149   Thumb Code     8  stm32f4xx_usart.o(i.USART_SendData)
    UsageFault_Handler                       0x08002151   Thumb Code     2  stm32f4xx_it.o(i.UsageFault_Handler)
    Usart_SendByte                           0x08002153   Thumb Code    24  modbus_svr.o(i.Usart_SendByte)
    Usart_SendBytes                          0x0800216b   Thumb Code    46  modbus_svr.o(i.Usart_SendBytes)
    Usart_SendString                         0x08002199   Thumb Code    38  modbus_svr.o(i.Usart_SendString)
    VAN_Init                                 0x08002269   Thumb Code    38  usart_van.o(i.VAN_Init)
    VAN_Task                                 0x080022c1   Thumb Code    98  usart_van.o(i.VAN_Task)
    VAN_TransData                            0x08002335   Thumb Code   144  usart_van.o(i.VAN_TransData)
    VAN_TxCmd                                0x080023d1   Thumb Code    50  usart_van.o(i.VAN_TxCmd)
    __0sprintf$1                             0x08002411   Thumb Code    34  printf1.o(i.__0sprintf$1)
    __1sprintf$1                             0x08002411   Thumb Code     0  printf1.o(i.__0sprintf$1)
    __2sprintf                               0x08002411   Thumb Code     0  printf1.o(i.__0sprintf$1)
    __scatterload_copy                       0x08002439   Thumb Code    14  handlers.o(i.__scatterload_copy)
    __scatterload_null                       0x08002447   Thumb Code     2  handlers.o(i.__scatterload_null)
    __scatterload_zeroinit                   0x08002449   Thumb Code    14  handlers.o(i.__scatterload_zeroinit)
    _is_digit                                0x08002457   Thumb Code    14  scanf_fp.o(i._is_digit)
    main                                     0x080025c5   Thumb Code   162  main.o(i.main)
    __ctype_categories                       0x08002870   Data          64  ctype_c.o(.constdata)
    Region$$Table$$Base                      0x080028b0   Number         0  anon$$obj.o(Region$$Table)
    Region$$Table$$Limit                     0x080028d0   Number         0  anon$$obj.o(Region$$Table)
    SystemCoreClock                          0x20000000   Data           4  system_stm32f4xx.o(.data)
    AHBPrescTable                            0x20000004   Data          16  system_stm32f4xx.o(.data)
    bSaved                                   0x20000024   Data           1  modbus_svr.o(.data)
    bChanged                                 0x20000025   Data           1  modbus_svr.o(.data)
    pos_msg                                  0x20000026   Data           1  modbus_svr.o(.data)
    bFrameStart                              0x20000027   Data           1  modbus_svr.o(.data)
    frame_len                                0x20000028   Data           1  modbus_svr.o(.data)
    trans_len                                0x20000029   Data           1  modbus_svr.o(.data)
    nMBInterval                              0x2000002a   Data           2  modbus_svr.o(.data)
    tsk_buf                                  0x2000002c   Data           4  modbus_svr.o(.data)
    isr_buf                                  0x20000030   Data           4  modbus_svr.o(.data)
    cpt_frame_len                            0x20000038   Data           1  usart_cpt.o(.data)
    cpt_curptr                               0x20000039   Data           1  usart_cpt.o(.data)
    cpt_bRecv                                0x2000003a   Data           1  usart_cpt.o(.data)
    cpt_frame                                0x2000003b   Data           8  usart_cpt.o(.data)
    VAN_frame_len                            0x20000043   Data           1  usart_van.o(.data)
    bVanTxCmd                                0x20000044   Data           1  usart_van.o(.data)
    VAN_curptr                               0x20000045   Data           1  usart_van.o(.data)
    VAN_bRecv                                0x20000046   Data           1  usart_van.o(.data)
    VAN_frame                                0x20000047   Data           8  usart_van.o(.data)
    SPD_frame_len                            0x2000004f   Data           1  usart_spd.o(.data)
    SPD_curptr                               0x20000050   Data           1  usart_spd.o(.data)
    SPD_bRecv                                0x20000051   Data           1  usart_spd.o(.data)
    SPD_frame                                0x20000052   Data           8  usart_spd.o(.data)
    ALT_curptr                               0x2000005c   Data           1  usart_alt.o(.data)
    ALT_bRecv                                0x2000005d   Data           1  usart_alt.o(.data)
    fAlimeter                                0x20000060   Data           4  usart_alt.o(.data)
    DPT_curptr                               0x20000064   Data           1  usart_dpt.o(.data)
    DPT_bRecv                                0x20000065   Data           1  usart_dpt.o(.data)
    fDepth                                   0x20000068   Data           4  usart_dpt.o(.data)
    fPres                                    0x2000006c   Data           4  usart_dpt.o(.data)
    fTemp                                    0x20000070   Data           4  usart_dpt.o(.data)
    fHead                                    0x20000074   Data           4  usart_dpt.o(.data)
    fPitch                                   0x20000078   Data           4  usart_dpt.o(.data)
    fRoll                                    0x2000007c   Data           4  usart_dpt.o(.data)
    wReg                                     0x20000080   Data         400  modbus_svr.o(.bss)
    coils                                    0x20000210   Data         400  modbus_svr.o(.bss)
    buffer                                   0x200003a0   Data         512  modbus_svr.o(.bss)
    TimePre                                  0x200005a0   Data          20  systick.o(.bss)
    TimeCur                                  0x200005b4   Data          20  systick.o(.bss)
    TimerFlag                                0x200005c8   Data          10  systick.o(.bss)
    cpt_buffer                               0x200005d2   Data         256  usart_cpt.o(.bss)
    VAN_buffer                               0x200006d2   Data         256  usart_van.o(.bss)
    SPD_buffer                               0x200007d2   Data         256  usart_spd.o(.bss)
    ALT_buffer                               0x200008d2   Data         256  usart_alt.o(.bss)
    DPT_buffer                               0x200009d2   Data         256  usart_dpt.o(.bss)
    __initial_sp                             0x20000ed8   Data           0  startup_stm32f429_439xx.o(STACK)



==============================================================================

Memory Map of the image

  Image Entry point : 0x080001ad

  Load Region LR_IROM1 (Base: 0x08000000, Size: 0x00002950, Max: 0x00100000, ABSOLUTE)

    Execution Region ER_IROM1 (Base: 0x08000000, Size: 0x000028d0, Max: 0x00100000, ABSOLUTE)

    Base Addr    Size         Type   Attr      Idx    E Section Name        Object

    0x08000000   0x000001ac   Data   RO            3    RESET               startup_stm32f429_439xx.o
    0x080001ac   0x00000000   Code   RO         5837  * .ARM.Collect$$$$00000000  mc_w.l(entry.o)
    0x080001ac   0x00000004   Code   RO         6107    .ARM.Collect$$$$00000001  mc_w.l(entry2.o)
    0x080001b0   0x00000004   Code   RO         6110    .ARM.Collect$$$$00000004  mc_w.l(entry5.o)
    0x080001b4   0x00000000   Code   RO         6112    .ARM.Collect$$$$00000008  mc_w.l(entry7b.o)
    0x080001b4   0x00000000   Code   RO         6114    .ARM.Collect$$$$0000000A  mc_w.l(entry8b.o)
    0x080001b4   0x00000008   Code   RO         6115    .ARM.Collect$$$$0000000B  mc_w.l(entry9a.o)
    0x080001bc   0x00000000   Code   RO         6117    .ARM.Collect$$$$0000000D  mc_w.l(entry10a.o)
    0x080001bc   0x00000000   Code   RO         6119    .ARM.Collect$$$$0000000F  mc_w.l(entry11a.o)
    0x080001bc   0x00000004   Code   RO         6108    .ARM.Collect$$$$00002712  mc_w.l(entry2.o)
    0x080001c0   0x00000024   Code   RO            4    .text               startup_stm32f429_439xx.o
    0x080001e4   0x00000038   Code   RO         6101    .text               mc_w.l(__0sscanf.o)
    0x0800021c   0x00000338   Code   RO         6103    .text               mc_w.l(scanf_fp.o)
    0x08000554   0x0000002c   Code   RO         6122    .text               mc_w.l(uidiv.o)
    0x08000580   0x00000028   Code   RO         6126    .text               mc_w.l(scanf_char.o)
    0x080005a8   0x00000040   Code   RO         6128    .text               mc_w.l(_sgetc.o)
    0x080005e8   0x00000000   Code   RO         6130    .text               mc_w.l(iusefp.o)
    0x080005e8   0x000000e4   Code   RO         6133    .text               mf_w.l(dmul.o)
    0x080006cc   0x000000de   Code   RO         6135    .text               mf_w.l(ddiv.o)
    0x080007aa   0x00000018   Code   RO         6137    .text               mf_w.l(dfltul.o)
    0x080007c2   0x00000038   Code   RO         6143    .text               mf_w.l(d2f.o)
    0x080007fa   0x00000002   PAD
    0x080007fc   0x00000024   Code   RO         6145    .text               mc_w.l(init.o)
    0x08000820   0x0000001e   Code   RO         6147    .text               mc_w.l(llshl.o)
    0x0800083e   0x00000020   Code   RO         6149    .text               mc_w.l(llushr.o)
    0x0800085e   0x0000000a   Code   RO         6153    .text               mc_w.l(isspace_c.o)
    0x08000868   0x0000032c   Code   RO         6155    .text               mc_w.l(_scanf.o)
    0x08000b94   0x0000006e   Code   RO         6157    .text               mf_w.l(fepilogue.o)
    0x08000c02   0x000000ba   Code   RO         6159    .text               mf_w.l(depilogue.o)
    0x08000cbc   0x00000028   Code   RO         6161    .text               mc_w.l(ctype_c.o)
    0x08000ce4   0x000000a8   Code   RO         5726    i.ALT_Config        usart_alt.o
    0x08000d8c   0x00000020   Code   RO         5727    i.ALT_Init          usart_alt.o
    0x08000dac   0x00000028   Code   RO         5728    i.ALT_NVIC_Configuration  usart_alt.o
    0x08000dd4   0x00000058   Code   RO         5729    i.ALT_Task          usart_alt.o
    0x08000e2c   0x0000002c   Code   RO         5730    i.ALT_TxCmd         usart_alt.o
    0x08000e58   0x00000002   Code   RO         5215    i.BusFault_Handler  stm32f4xx_it.o
    0x08000e5a   0x00000002   PAD
    0x08000e5c   0x000000a4   Code   RO         5549    i.CPT_Config        usart_cpt.o
    0x08000f00   0x00000034   Code   RO         5550    i.CPT_Init          usart_cpt.o
    0x08000f34   0x00000028   Code   RO         5551    i.CPT_NVIC_Configuration  usart_cpt.o
    0x08000f5c   0x00000050   Code   RO         5552    i.CPT_Task          usart_cpt.o
    0x08000fac   0x00000030   Code   RO         5553    i.CPT_TxCmd         usart_cpt.o
    0x08000fdc   0x00000028   Code   RO         5321    i.CRC16             modbus_svr.o
    0x08001004   0x000000a8   Code   RO         5783    i.DPT_Config        usart_dpt.o
    0x080010ac   0x00000020   Code   RO         5784    i.DPT_Init          usart_dpt.o
    0x080010cc   0x00000028   Code   RO         5785    i.DPT_NVIC_Configuration  usart_dpt.o
    0x080010f4   0x00000104   Code   RO         5786    i.DPT_Task          usart_dpt.o
    0x080011f8   0x00000020   Code   RO         5787    i.DPT_TxCmd         usart_dpt.o
    0x08001218   0x00000002   Code   RO         5216    i.DebugMon_Handler  stm32f4xx_it.o
    0x0800121a   0x00000002   PAD
    0x0800121c   0x0000004c   Code   RO         5322    i.Error_response    modbus_svr.o
    0x08001268   0x00000054   Code   RO         5284    i.GPIO_Config       gpio.o
    0x080012bc   0x0000007c   Code   RO         2046    i.GPIO_Init         stm32f4xx_gpio.o
    0x08001338   0x00000020   Code   RO         2047    i.GPIO_PinAFConfig  stm32f4xx_gpio.o
    0x08001358   0x00000004   Code   RO         2054    i.GPIO_SetBits      stm32f4xx_gpio.o
    0x0800135c   0x0000001c   Code   RO         5455    i.GetTimer          systick.o
    0x08001378   0x00000002   Code   RO         5217    i.HardFault_Handler  stm32f4xx_it.o
    0x0800137a   0x00000024   Code   RO         5285    i.IWDG_Configuration  gpio.o
    0x0800139e   0x00000002   PAD
    0x080013a0   0x00000010   Code   RO         2561    i.IWDG_Enable       stm32f4xx_iwdg.o
    0x080013b0   0x00000010   Code   RO         5286    i.IWDG_Feed         gpio.o
    0x080013c0   0x00000010   Code   RO         2563    i.IWDG_ReloadCounter  stm32f4xx_iwdg.o
    0x080013d0   0x0000000c   Code   RO         2564    i.IWDG_SetPrescaler  stm32f4xx_iwdg.o
    0x080013dc   0x0000000c   Code   RO         2565    i.IWDG_SetReload    stm32f4xx_iwdg.o
    0x080013e8   0x0000000c   Code   RO         2566    i.IWDG_WriteAccessCmd  stm32f4xx_iwdg.o
    0x080013f4   0x000000a8   Code   RO         5323    i.MODBUS_Config     modbus_svr.o
    0x0800149c   0x00000026   Code   RO         5324    i.MODBUS_NVIC_Configuration  modbus_svr.o
    0x080014c2   0x00000002   Code   RO         5218    i.MemManage_Handler  stm32f4xx_it.o
    0x080014c4   0x00000010   Code   RO         5325    i.ModbusTimer       modbus_svr.o
    0x080014d4   0x00000234   Code   RO         5326    i.Modbus_Procotol_Chain  modbus_svr.o
    0x08001708   0x000000a8   Code   RO         5327    i.Modbus_init       modbus_svr.o
    0x080017b0   0x0000004c   Code   RO         5328    i.Modbus_task       modbus_svr.o
    0x080017fc   0x00000002   Code   RO         5219    i.NMI_Handler       stm32f4xx_it.o
    0x080017fe   0x00000002   PAD
    0x08001800   0x00000068   Code   RO          164    i.NVIC_Init         misc.o
    0x08001868   0x00000014   Code   RO          165    i.NVIC_PriorityGroupConfig  misc.o
    0x0800187c   0x00000054   Code   RO         5329    i.Normal_response   modbus_svr.o
    0x080018d0   0x00000002   Code   RO         5220    i.PendSV_Handler    stm32f4xx_it.o
    0x080018d2   0x00000002   PAD
    0x080018d4   0x0000001c   Code   RO         2960    i.RCC_AHB1PeriphClockCmd  stm32f4xx_rcc.o
    0x080018f0   0x0000001c   Code   RO         2969    i.RCC_APB1PeriphClockCmd  stm32f4xx_rcc.o
    0x0800190c   0x0000001c   Code   RO         2972    i.RCC_APB2PeriphClockCmd  stm32f4xx_rcc.o
    0x08001928   0x000000a4   Code   RO         2981    i.RCC_GetClocksFreq  stm32f4xx_rcc.o
    0x080019cc   0x000000a8   Code   RO         5669    i.SPD_Config        usart_spd.o
    0x08001a74   0x00000034   Code   RO         5670    i.SPD_Init          usart_spd.o
    0x08001aa8   0x00000028   Code   RO         5671    i.SPD_NVIC_Configuration  usart_spd.o
    0x08001ad0   0x0000009c   Code   RO         5672    i.SPD_Task          usart_spd.o
    0x08001b6c   0x00000030   Code   RO         5673    i.SPD_TxCmd         usart_spd.o
    0x08001b9c   0x00000002   Code   RO         5221    i.SVC_Handler       stm32f4xx_it.o
    0x08001b9e   0x00000002   PAD
    0x08001ba0   0x000000d4   Code   RO           13    i.SetSysClock       system_stm32f4xx.o
    0x08001c74   0x00000018   Code   RO         5456    i.SetTimer          systick.o
    0x08001c8c   0x00000054   Code   RO         5457    i.SysTick_Handler   systick.o
    0x08001ce0   0x00000068   Code   RO         5458    i.SysTick_Init      systick.o
    0x08001d48   0x0000005c   Code   RO           15    i.SystemInit        system_stm32f4xx.o
    0x08001da4   0x00000050   Code   RO         5554    i.UART4_IRQHandler  usart_cpt.o
    0x08001df4   0x00000050   Code   RO         5674    i.UART7_IRQHandler  usart_spd.o
    0x08001e44   0x00000068   Code   RO         5331    i.USART1_IRQHandler  modbus_svr.o
    0x08001eac   0x00000050   Code   RO         5606    i.USART2_IRQHandler  usart_van.o
    0x08001efc   0x00000084   Code   RO         5788    i.USART3_IRQHandler  usart_dpt.o
    0x08001f80   0x00000068   Code   RO         5731    i.USART6_IRQHandler  usart_alt.o
    0x08001fe8   0x00000018   Code   RO         4907    i.USART_Cmd         stm32f4xx_usart.o
    0x08002000   0x0000000e   Code   RO         4910    i.USART_GetFlagStatus  stm32f4xx_usart.o
    0x0800200e   0x00000040   Code   RO         4911    i.USART_GetITStatus  stm32f4xx_usart.o
    0x0800204e   0x00000036   Code   RO         4913    i.USART_ITConfig    stm32f4xx_usart.o
    0x08002084   0x000000bc   Code   RO         4914    i.USART_Init        stm32f4xx_usart.o
    0x08002140   0x00000008   Code   RO         4921    i.USART_ReceiveData  stm32f4xx_usart.o
    0x08002148   0x00000008   Code   RO         4924    i.USART_SendData    stm32f4xx_usart.o
    0x08002150   0x00000002   Code   RO         5222    i.UsageFault_Handler  stm32f4xx_it.o
    0x08002152   0x00000018   Code   RO         5332    i.Usart_SendByte    modbus_svr.o
    0x0800216a   0x0000002e   Code   RO         5333    i.Usart_SendBytes   modbus_svr.o
    0x08002198   0x00000026   Code   RO         5335    i.Usart_SendString  modbus_svr.o
    0x080021be   0x00000002   PAD
    0x080021c0   0x000000a8   Code   RO         5607    i.VAN_Config        usart_van.o
    0x08002268   0x00000030   Code   RO         5608    i.VAN_Init          usart_van.o
    0x08002298   0x00000028   Code   RO         5609    i.VAN_NVIC_Configuration  usart_van.o
    0x080022c0   0x00000074   Code   RO         5610    i.VAN_Task          usart_van.o
    0x08002334   0x0000009c   Code   RO         5611    i.VAN_TransData     usart_van.o
    0x080023d0   0x00000040   Code   RO         5612    i.VAN_TxCmd         usart_van.o
    0x08002410   0x00000028   Code   RO         5887    i.__0sprintf$1      mc_w.l(printf1.o)
    0x08002438   0x0000000e   Code   RO         6166    i.__scatterload_copy  mc_w.l(handlers.o)
    0x08002446   0x00000002   Code   RO         6167    i.__scatterload_null  mc_w.l(handlers.o)
    0x08002448   0x0000000e   Code   RO         6168    i.__scatterload_zeroinit  mc_w.l(handlers.o)
    0x08002456   0x0000000e   Code   RO         6105    i._is_digit         mc_w.l(scanf_fp.o)
    0x08002464   0x00000154   Code   RO         5892    i._printf_core      mc_w.l(printf1.o)
    0x080025b8   0x0000000a   Code   RO         5894    i._sputc            mc_w.l(printf1.o)
    0x080025c2   0x00000002   PAD
    0x080025c4   0x000000ac   Code   RO         5161    i.main              main.o
    0x08002670   0x00000200   Data   RO         5339    .constdata          modbus_svr.o
    0x08002870   0x00000040   Data   RO         6162    .constdata          mc_w.l(ctype_c.o)
    0x080028b0   0x00000020   Data   RO         6164    Region$$Table       anon$$obj.o


    Execution Region RW_IRAM1 (Base: 0x20000000, Size: 0x00000ed8, Max: 0x00030000, ABSOLUTE)

    Base Addr    Size         Type   Attr      Idx    E Section Name        Object

    0x20000000   0x00000014   Data   RW           16    .data               system_stm32f4xx.o
    0x20000014   0x00000010   Data   RW         3013    .data               stm32f4xx_rcc.o
    0x20000024   0x00000010   Data   RW         5340    .data               modbus_svr.o
    0x20000034   0x00000004   Data   RW         5460    .data               systick.o
    0x20000038   0x0000000b   Data   RW         5556    .data               usart_cpt.o
    0x20000043   0x0000000c   Data   RW         5614    .data               usart_van.o
    0x2000004f   0x0000000b   Data   RW         5676    .data               usart_spd.o
    0x2000005a   0x00000002   PAD
    0x2000005c   0x00000008   Data   RW         5733    .data               usart_alt.o
    0x20000064   0x0000001c   Data   RW         5790    .data               usart_dpt.o
    0x20000080   0x00000520   Zero   RW         5338    .bss                modbus_svr.o
    0x200005a0   0x00000032   Zero   RW         5459    .bss                systick.o
    0x200005d2   0x00000100   Zero   RW         5555    .bss                usart_cpt.o
    0x200006d2   0x00000100   Zero   RW         5613    .bss                usart_van.o
    0x200007d2   0x00000100   Zero   RW         5675    .bss                usart_spd.o
    0x200008d2   0x00000100   Zero   RW         5732    .bss                usart_alt.o
    0x200009d2   0x00000100   Zero   RW         5789    .bss                usart_dpt.o
    0x20000ad2   0x00000006   PAD
    0x20000ad8   0x00000400   Zero   RW            1    STACK               startup_stm32f429_439xx.o


==============================================================================

Image component sizes


      Code (inc. data)   RO Data    RW Data    ZI Data      Debug   Object Name

       136         12          0          0          0       1471   gpio.o
       172         10          0          0          0        579   main.o
       124         16          0          0          0       1775   misc.o
      1442        126        512         16       1312       9967   modbus_svr.o
        36          8        428          0       1024        964   startup_stm32f429_439xx.o
       160          0          0          0          0       2566   stm32f4xx_gpio.o
        16          0          0          0          0       3644   stm32f4xx_it.o
        68         30          0          0          0       2830   stm32f4xx_iwdg.o
       248         34          0         16          0       5147   stm32f4xx_rcc.o
       360          8          0          0          0       6217   stm32f4xx_usart.o
       304         34          0         20          0     276513   system_stm32f4xx.o
       240         34          0          4         50      29457   systick.o
       476         72          0          8        256       3857   usart_alt.o
       464         60          0         11        256       4026   usart_cpt.o
       664         98          0         28        256       4277   usart_dpt.o
       544         60          0         11        256       4098   usart_spd.o
       672         78          0         12        256       4922   usart_van.o

    ----------------------------------------------------------------------
      6140        680        972        128       3672     362310   Object Totals
         0          0         32          0          0          0   (incl. Generated)
        14          0          0          2          6          0   (incl. Padding)

    ----------------------------------------------------------------------

      Code (inc. data)   RO Data    RW Data    ZI Data      Debug   Library Member Name

        56          8          0          0          0         84   __0sscanf.o
       812          4          0          0          0        112   _scanf.o
        64          0          0          0          0         84   _sgetc.o
        40          6         64          0          0         68   ctype_c.o
         0          0          0          0          0          0   entry.o
         0          0          0          0          0          0   entry10a.o
         0          0          0          0          0          0   entry11a.o
         8          4          0          0          0          0   entry2.o
         4          0          0          0          0          0   entry5.o
         0          0          0          0          0          0   entry7b.o
         0          0          0          0          0          0   entry8b.o
         8          4          0          0          0          0   entry9a.o
        30          0          0          0          0          0   handlers.o
        36          8          0          0          0         68   init.o
        10          0          0          0          0         68   isspace_c.o
         0          0          0          0          0          0   iusefp.o
        30          0          0          0          0         68   llshl.o
        32          0          0          0          0         68   llushr.o
       390         10          0          0          0        252   printf1.o
        40          8          0          0          0         84   scanf_char.o
       838         12          0          0          0        216   scanf_fp.o
        44          0          0          0          0         80   uidiv.o
        56          0          0          0          0         88   d2f.o
       222          0          0          0          0        100   ddiv.o
       186          0          0          0          0        176   depilogue.o
        24          0          0          0          0         76   dfltul.o
       228          0          0          0          0         96   dmul.o
       110          0          0          0          0        168   fepilogue.o

    ----------------------------------------------------------------------
      3272         64         64          0          0       1956   Library Totals
         4          0          0          0          0          0   (incl. Padding)

    ----------------------------------------------------------------------

      Code (inc. data)   RO Data    RW Data    ZI Data      Debug   Library Name

      2442         64         64          0          0       1252   mc_w.l
       826          0          0          0          0        704   mf_w.l

    ----------------------------------------------------------------------
      3272         64         64          0          0       1956   Library Totals

    ----------------------------------------------------------------------

==============================================================================


      Code (inc. data)   RO Data    RW Data    ZI Data      Debug   

      9412        744       1036        128       3672     355834   Grand Totals
      9412        744       1036        128       3672     355834   ELF Image Totals
      9412        744       1036        128          0          0   ROM Totals

==============================================================================

    Total RO  Size (Code + RO Data)                10448 (  10.20kB)
    Total RW  Size (RW Data + ZI Data)              3800 (   3.71kB)
    Total ROM Size (Code + RO Data + RW Data)      10576 (  10.33kB)

==============================================================================

