Component: ARM Compiler 5.06 update 4 (build 422) Tool: armlink [4d35d2]

==============================================================================

Section Cross References

    startup_stm32f429_439xx.o(RESET) refers to startup_stm32f429_439xx.o(STACK) for __initial_sp
    startup_stm32f429_439xx.o(RESET) refers to startup_stm32f429_439xx.o(.text) for Reset_Handler
    startup_stm32f429_439xx.o(RESET) refers to stm32f4xx_it.o(i.NMI_Handler) for NMI_Handler
    startup_stm32f429_439xx.o(RESET) refers to stm32f4xx_it.o(i.HardFault_Handler) for HardFault_Handler
    startup_stm32f429_439xx.o(RESET) refers to stm32f4xx_it.o(i.MemManage_Handler) for MemManage_Handler
    startup_stm32f429_439xx.o(RESET) refers to stm32f4xx_it.o(i.BusFault_Handler) for BusFault_Handler
    startup_stm32f429_439xx.o(RESET) refers to stm32f4xx_it.o(i.UsageFault_Handler) for UsageFault_Handler
    startup_stm32f429_439xx.o(RESET) refers to stm32f4xx_it.o(i.SVC_Handler) for SVC_Handler
    startup_stm32f429_439xx.o(RESET) refers to stm32f4xx_it.o(i.DebugMon_Handler) for DebugMon_Handler
    startup_stm32f429_439xx.o(RESET) refers to stm32f4xx_it.o(i.PendSV_Handler) for PendSV_Handler
    startup_stm32f429_439xx.o(RESET) refers to systick.o(i.SysTick_Handler) for SysTick_Handler
    startup_stm32f429_439xx.o(RESET) refers to modbus_svr.o(i.USART1_IRQHandler) for USART1_IRQHandler
    startup_stm32f429_439xx.o(RESET) refers to usart_com4.o(i.USART2_IRQHandler) for USART2_IRQHandler
    startup_stm32f429_439xx.o(RESET) refers to usart_com2.o(i.USART3_IRQHandler) for USART3_IRQHandler
    startup_stm32f429_439xx.o(RESET) refers to usart_com1.o(i.USART6_IRQHandler) for USART6_IRQHandler
    startup_stm32f429_439xx.o(RESET) refers to usart_com3.o(i.UART7_IRQHandler) for UART7_IRQHandler
    startup_stm32f429_439xx.o(.text) refers to system_stm32f4xx.o(i.SystemInit) for SystemInit
    startup_stm32f429_439xx.o(.text) refers to entry.o(.ARM.Collect$$$$00000000) for __main
    system_stm32f4xx.o(i.SystemCoreClockUpdate) refers to system_stm32f4xx.o(.data) for .data
    system_stm32f4xx.o(i.SystemInit) refers to system_stm32f4xx.o(i.SetSysClock) for SetSysClock
    stm32f4xx_adc.o(i.ADC_DeInit) refers to stm32f4xx_rcc.o(i.RCC_APB2PeriphResetCmd) for RCC_APB2PeriphResetCmd
    stm32f4xx_can.o(i.CAN_DeInit) refers to stm32f4xx_rcc.o(i.RCC_APB1PeriphResetCmd) for RCC_APB1PeriphResetCmd
    stm32f4xx_can.o(i.CAN_GetITStatus) refers to stm32f4xx_can.o(i.CheckITStatus) for CheckITStatus
    stm32f4xx_cryp.o(i.CRYP_DeInit) refers to stm32f4xx_rcc.o(i.RCC_AHB2PeriphResetCmd) for RCC_AHB2PeriphResetCmd
    stm32f4xx_cryp_aes.o(i.CRYP_AES_CBC) refers to stm32f4xx_cryp.o(i.CRYP_KeyStructInit) for CRYP_KeyStructInit
    stm32f4xx_cryp_aes.o(i.CRYP_AES_CBC) refers to stm32f4xx_cryp.o(i.CRYP_KeyInit) for CRYP_KeyInit
    stm32f4xx_cryp_aes.o(i.CRYP_AES_CBC) refers to stm32f4xx_cryp.o(i.CRYP_Init) for CRYP_Init
    stm32f4xx_cryp_aes.o(i.CRYP_AES_CBC) refers to stm32f4xx_cryp.o(i.CRYP_IVInit) for CRYP_IVInit
    stm32f4xx_cryp_aes.o(i.CRYP_AES_CBC) refers to stm32f4xx_cryp.o(i.CRYP_FIFOFlush) for CRYP_FIFOFlush
    stm32f4xx_cryp_aes.o(i.CRYP_AES_CBC) refers to stm32f4xx_cryp.o(i.CRYP_Cmd) for CRYP_Cmd
    stm32f4xx_cryp_aes.o(i.CRYP_AES_CBC) refers to stm32f4xx_cryp.o(i.CRYP_GetCmdStatus) for CRYP_GetCmdStatus
    stm32f4xx_cryp_aes.o(i.CRYP_AES_CBC) refers to stm32f4xx_cryp.o(i.CRYP_GetFlagStatus) for CRYP_GetFlagStatus
    stm32f4xx_cryp_aes.o(i.CRYP_AES_CBC) refers to stm32f4xx_cryp.o(i.CRYP_DataIn) for CRYP_DataIn
    stm32f4xx_cryp_aes.o(i.CRYP_AES_CBC) refers to stm32f4xx_cryp.o(i.CRYP_DataOut) for CRYP_DataOut
    stm32f4xx_cryp_aes.o(i.CRYP_AES_CCM) refers to stm32f4xx_cryp.o(i.CRYP_KeyStructInit) for CRYP_KeyStructInit
    stm32f4xx_cryp_aes.o(i.CRYP_AES_CCM) refers to stm32f4xx_cryp.o(i.CRYP_FIFOFlush) for CRYP_FIFOFlush
    stm32f4xx_cryp_aes.o(i.CRYP_AES_CCM) refers to stm32f4xx_cryp.o(i.CRYP_KeyInit) for CRYP_KeyInit
    stm32f4xx_cryp_aes.o(i.CRYP_AES_CCM) refers to stm32f4xx_cryp.o(i.CRYP_IVInit) for CRYP_IVInit
    stm32f4xx_cryp_aes.o(i.CRYP_AES_CCM) refers to stm32f4xx_cryp.o(i.CRYP_Init) for CRYP_Init
    stm32f4xx_cryp_aes.o(i.CRYP_AES_CCM) refers to stm32f4xx_cryp.o(i.CRYP_PhaseConfig) for CRYP_PhaseConfig
    stm32f4xx_cryp_aes.o(i.CRYP_AES_CCM) refers to stm32f4xx_cryp.o(i.CRYP_DataIn) for CRYP_DataIn
    stm32f4xx_cryp_aes.o(i.CRYP_AES_CCM) refers to stm32f4xx_cryp.o(i.CRYP_Cmd) for CRYP_Cmd
    stm32f4xx_cryp_aes.o(i.CRYP_AES_CCM) refers to stm32f4xx_cryp.o(i.CRYP_GetCmdStatus) for CRYP_GetCmdStatus
    stm32f4xx_cryp_aes.o(i.CRYP_AES_CCM) refers to stm32f4xx_cryp.o(i.CRYP_GetFlagStatus) for CRYP_GetFlagStatus
    stm32f4xx_cryp_aes.o(i.CRYP_AES_CCM) refers to stm32f4xx_cryp.o(i.CRYP_DataOut) for CRYP_DataOut
    stm32f4xx_cryp_aes.o(i.CRYP_AES_CTR) refers to stm32f4xx_cryp.o(i.CRYP_KeyStructInit) for CRYP_KeyStructInit
    stm32f4xx_cryp_aes.o(i.CRYP_AES_CTR) refers to stm32f4xx_cryp.o(i.CRYP_KeyInit) for CRYP_KeyInit
[...]
    Removing stm32f4xx_sdio.o(i.SDIO_ReadData), (12 bytes).
    Removing stm32f4xx_sdio.o(i.SDIO_SendCEATACmd), (12 bytes).
    Removing stm32f4xx_sdio.o(i.SDIO_SendCommand), (40 bytes).
    Removing stm32f4xx_sdio.o(i.SDIO_SendSDIOSuspendCmd), (12 bytes).
    Removing stm32f4xx_sdio.o(i.SDIO_SetPowerState), (12 bytes).
    Removing stm32f4xx_sdio.o(i.SDIO_SetSDIOOperation), (12 bytes).
    Removing stm32f4xx_sdio.o(i.SDIO_SetSDIOReadWaitMode), (12 bytes).
    Removing stm32f4xx_sdio.o(i.SDIO_StartSDIOReadWait), (12 bytes).
    Removing stm32f4xx_sdio.o(i.SDIO_StopSDIOReadWait), (12 bytes).
    Removing stm32f4xx_sdio.o(i.SDIO_StructInit), (16 bytes).
    Removing stm32f4xx_sdio.o(i.SDIO_WriteData), (12 bytes).
    Removing stm32f4xx_spdifrx.o(.rev16_text), (4 bytes).
    Removing stm32f4xx_spdifrx.o(.revsh_text), (4 bytes).
    Removing stm32f4xx_spdifrx.o(.rrx_text), (6 bytes).
    Removing stm32f4xx_spi.o(.rev16_text), (4 bytes).
    Removing stm32f4xx_spi.o(.revsh_text), (4 bytes).
    Removing stm32f4xx_spi.o(.rrx_text), (6 bytes).
    Removing stm32f4xx_spi.o(i.I2S_Cmd), (24 bytes).
    Removing stm32f4xx_spi.o(i.I2S_FullDuplexConfig), (58 bytes).
    Removing stm32f4xx_spi.o(i.I2S_Init), (240 bytes).
    Removing stm32f4xx_spi.o(i.I2S_StructInit), (18 bytes).
    Removing stm32f4xx_spi.o(i.SPI_BiDirectionalLineConfig), (26 bytes).
    Removing stm32f4xx_spi.o(i.SPI_CalculateCRC), (24 bytes).
    Removing stm32f4xx_spi.o(i.SPI_Cmd), (24 bytes).
    Removing stm32f4xx_spi.o(i.SPI_DataSizeConfig), (16 bytes).
    Removing stm32f4xx_spi.o(i.SPI_GetCRC), (12 bytes).
    Removing stm32f4xx_spi.o(i.SPI_GetCRCPolynomial), (4 bytes).
    Removing stm32f4xx_spi.o(i.SPI_I2S_ClearFlag), (6 bytes).
    Removing stm32f4xx_spi.o(i.SPI_I2S_ClearITPendingBit), (14 bytes).
    Removing stm32f4xx_spi.o(i.SPI_I2S_DMACmd), (20 bytes).
    Removing stm32f4xx_spi.o(i.SPI_I2S_DeInit), (196 bytes).
    Removing stm32f4xx_spi.o(i.SPI_I2S_GetFlagStatus), (14 bytes).
    Removing stm32f4xx_spi.o(i.SPI_I2S_GetITStatus), (44 bytes).
    Removing stm32f4xx_spi.o(i.SPI_I2S_ITConfig), (28 bytes).
    Removing stm32f4xx_spi.o(i.SPI_I2S_ReceiveData), (4 bytes).
    Removing stm32f4xx_spi.o(i.SPI_I2S_SendData), (4 bytes).
    Removing stm32f4xx_spi.o(i.SPI_Init), (56 bytes).
    Removing stm32f4xx_spi.o(i.SPI_NSSInternalSoftwareConfig), (28 bytes).
    Removing stm32f4xx_spi.o(i.SPI_SSOutputCmd), (24 bytes).
    Removing stm32f4xx_spi.o(i.SPI_StructInit), (24 bytes).
    Removing stm32f4xx_spi.o(i.SPI_TIModeCmd), (24 bytes).
    Removing stm32f4xx_spi.o(i.SPI_TransmitCRC), (10 bytes).
    Removing stm32f4xx_syscfg.o(.rev16_text), (4 bytes).
    Removing stm32f4xx_syscfg.o(.revsh_text), (4 bytes).
    Removing stm32f4xx_syscfg.o(.rrx_text), (6 bytes).
    Removing stm32f4xx_syscfg.o(i.SYSCFG_CompensationCellCmd), (12 bytes).
    Removing stm32f4xx_syscfg.o(i.SYSCFG_DeInit), (24 bytes).
    Removing stm32f4xx_syscfg.o(i.SYSCFG_ETH_MediaInterfaceConfig), (12 bytes).
    Removing stm32f4xx_syscfg.o(i.SYSCFG_EXTILineConfig), (44 bytes).
    Removing stm32f4xx_syscfg.o(i.SYSCFG_GetCompensationCellStatus), (20 bytes).
    Removing stm32f4xx_syscfg.o(i.SYSCFG_MemoryRemapConfig), (12 bytes).
    Removing stm32f4xx_syscfg.o(i.SYSCFG_MemorySwappingBank), (12 bytes).
    Removing stm32f4xx_tim.o(.rev16_text), (4 bytes).
    Removing stm32f4xx_tim.o(.revsh_text), (4 bytes).
    Removing stm32f4xx_tim.o(.rrx_text), (6 bytes).
    Removing stm32f4xx_tim.o(i.TI1_Config), (46 bytes).
    Removing stm32f4xx_tim.o(i.TI2_Config), (54 bytes).
    Removing stm32f4xx_tim.o(i.TI3_Config), (50 bytes).
    Removing stm32f4xx_tim.o(i.TI4_Config), (54 bytes).
    Removing stm32f4xx_tim.o(i.TIM_ARRPreloadConfig), (24 bytes).
    Removing stm32f4xx_tim.o(i.TIM_BDTRConfig), (34 bytes).
    Removing stm32f4xx_tim.o(i.TIM_BDTRStructInit), (18 bytes).
    Removing stm32f4xx_tim.o(i.TIM_CCPreloadControl), (24 bytes).
    Removing stm32f4xx_tim.o(i.TIM_CCxCmd), (22 bytes).
    Removing stm32f4xx_tim.o(i.TIM_CCxNCmd), (22 bytes).
    Removing stm32f4xx_tim.o(i.TIM_ClearFlag), (6 bytes).
    Removing stm32f4xx_tim.o(i.TIM_ClearITPendingBit), (6 bytes).
    Removing stm32f4xx_tim.o(i.TIM_ClearOC1Ref), (12 bytes).
    Removing stm32f4xx_tim.o(i.TIM_ClearOC2Ref), (20 bytes).
    Removing stm32f4xx_tim.o(i.TIM_ClearOC3Ref), (12 bytes).
    Removing stm32f4xx_tim.o(i.TIM_ClearOC4Ref), (20 bytes).
    Removing stm32f4xx_tim.o(i.TIM_Cmd), (24 bytes).
    Removing stm32f4xx_tim.o(i.TIM_CounterModeConfig), (12 bytes).
    Removing stm32f4xx_tim.o(i.TIM_CtrlPWMOutputs), (28 bytes).
    Removing stm32f4xx_tim.o(i.TIM_DMACmd), (20 bytes).
    Removing stm32f4xx_tim.o(i.TIM_DMAConfig), (8 bytes).
    Removing stm32f4xx_tim.o(i.TIM_DeInit), (428 bytes).
    Removing stm32f4xx_tim.o(i.TIM_ETRClockMode1Config), (32 bytes).
    Removing stm32f4xx_tim.o(i.TIM_ETRClockMode2Config), (20 bytes).
    Removing stm32f4xx_tim.o(i.TIM_ETRConfig), (24 bytes).
    Removing stm32f4xx_tim.o(i.TIM_EncoderInterfaceConfig), (50 bytes).
    Removing stm32f4xx_tim.o(i.TIM_ForcedOC1Config), (12 bytes).
    Removing stm32f4xx_tim.o(i.TIM_ForcedOC2Config), (20 bytes).
    Removing stm32f4xx_tim.o(i.TIM_ForcedOC3Config), (12 bytes).
    Removing stm32f4xx_tim.o(i.TIM_ForcedOC4Config), (20 bytes).
    Removing stm32f4xx_tim.o(i.TIM_GenerateEvent), (4 bytes).
    Removing stm32f4xx_tim.o(i.TIM_GetCapture1), (4 bytes).
    Removing stm32f4xx_tim.o(i.TIM_GetCapture2), (4 bytes).
    Removing stm32f4xx_tim.o(i.TIM_GetCapture3), (4 bytes).
    Removing stm32f4xx_tim.o(i.TIM_GetCapture4), (4 bytes).
    Removing stm32f4xx_tim.o(i.TIM_GetCounter), (4 bytes).
    Removing stm32f4xx_tim.o(i.TIM_GetFlagStatus), (14 bytes).
    Removing stm32f4xx_tim.o(i.TIM_GetITStatus), (24 bytes).
    Removing stm32f4xx_tim.o(i.TIM_GetPrescaler), (4 bytes).
    Removing stm32f4xx_tim.o(i.TIM_ICInit), (98 bytes).
    Removing stm32f4xx_tim.o(i.TIM_ICStructInit), (16 bytes).
    Removing stm32f4xx_tim.o(i.TIM_ITConfig), (20 bytes).
    Removing stm32f4xx_tim.o(i.TIM_ITRxExternalClockConfig), (20 bytes).
    Removing stm32f4xx_tim.o(i.TIM_InternalClockConfig), (10 bytes).
    Removing stm32f4xx_tim.o(i.TIM_OC1FastConfig), (12 bytes).
    Removing stm32f4xx_tim.o(i.TIM_OC1Init), (104 bytes).
    Removing stm32f4xx_tim.o(i.TIM_OC1NPolarityConfig), (12 bytes).
    Removing stm32f4xx_tim.o(i.TIM_OC1PolarityConfig), (12 bytes).
    Removing stm32f4xx_tim.o(i.TIM_OC1PreloadConfig), (12 bytes).
    Removing stm32f4xx_tim.o(i.TIM_OC2FastConfig), (20 bytes).
    Removing stm32f4xx_tim.o(i.TIM_OC2Init), (136 bytes).
    Removing stm32f4xx_tim.o(i.TIM_OC2NPolarityConfig), (20 bytes).
    Removing stm32f4xx_tim.o(i.TIM_OC2PolarityConfig), (20 bytes).
    Removing stm32f4xx_tim.o(i.TIM_OC2PreloadConfig), (20 bytes).
    Removing stm32f4xx_tim.o(i.TIM_OC3FastConfig), (12 bytes).
    Removing stm32f4xx_tim.o(i.TIM_OC3Init), (132 bytes).
    Removing stm32f4xx_tim.o(i.TIM_OC3NPolarityConfig), (20 bytes).
    Removing stm32f4xx_tim.o(i.TIM_OC3PolarityConfig), (20 bytes).
    Removing stm32f4xx_tim.o(i.TIM_OC3PreloadConfig), (12 bytes).
    Removing stm32f4xx_tim.o(i.TIM_OC4FastConfig), (20 bytes).
    Removing stm32f4xx_tim.o(i.TIM_OC4Init), (100 bytes).
    Removing stm32f4xx_tim.o(i.TIM_OC4PolarityConfig), (20 bytes).
    Removing stm32f4xx_tim.o(i.TIM_OC4PreloadConfig), (20 bytes).
    Removing stm32f4xx_tim.o(i.TIM_OCStructInit), (20 bytes).
    Removing stm32f4xx_tim.o(i.TIM_PWMIConfig), (110 bytes).
    Removing stm32f4xx_tim.o(i.TIM_PrescalerConfig), (6 bytes).
    Removing stm32f4xx_tim.o(i.TIM_RemapConfig), (6 bytes).
    Removing stm32f4xx_tim.o(i.TIM_SelectCCDMA), (24 bytes).
    Removing stm32f4xx_tim.o(i.TIM_SelectCOM), (24 bytes).
    Removing stm32f4xx_tim.o(i.TIM_SelectHallSensor), (24 bytes).
    Removing stm32f4xx_tim.o(i.TIM_SelectInputTrigger), (12 bytes).
    Removing stm32f4xx_tim.o(i.TIM_SelectMasterSlaveMode), (16 bytes).
    Removing stm32f4xx_tim.o(i.TIM_SelectOCxM), (80 bytes).
    Removing stm32f4xx_tim.o(i.TIM_SelectOnePulseMode), (16 bytes).
    Removing stm32f4xx_tim.o(i.TIM_SelectOutputTrigger), (16 bytes).
    Removing stm32f4xx_tim.o(i.TIM_SelectSlaveMode), (16 bytes).
    Removing stm32f4xx_tim.o(i.TIM_SetAutoreload), (4 bytes).
    Removing stm32f4xx_tim.o(i.TIM_SetClockDivision), (16 bytes).
    Removing stm32f4xx_tim.o(i.TIM_SetCompare1), (4 bytes).
    Removing stm32f4xx_tim.o(i.TIM_SetCompare2), (4 bytes).
    Removing stm32f4xx_tim.o(i.TIM_SetCompare3), (4 bytes).
    Removing stm32f4xx_tim.o(i.TIM_SetCompare4), (4 bytes).
    Removing stm32f4xx_tim.o(i.TIM_SetCounter), (4 bytes).
    Removing stm32f4xx_tim.o(i.TIM_SetIC1Prescaler), (16 bytes).
    Removing stm32f4xx_tim.o(i.TIM_SetIC2Prescaler), (24 bytes).
    Removing stm32f4xx_tim.o(i.TIM_SetIC3Prescaler), (16 bytes).
    Removing stm32f4xx_tim.o(i.TIM_SetIC4Prescaler), (24 bytes).
    Removing stm32f4xx_tim.o(i.TIM_TIxExternalClockConfig), (48 bytes).
    Removing stm32f4xx_tim.o(i.TIM_TimeBaseInit), (124 bytes).
    Removing stm32f4xx_tim.o(i.TIM_TimeBaseStructInit), (18 bytes).
    Removing stm32f4xx_tim.o(i.TIM_UpdateDisableConfig), (24 bytes).
    Removing stm32f4xx_tim.o(i.TIM_UpdateRequestConfig), (24 bytes).
    Removing stm32f4xx_usart.o(.rev16_text), (4 bytes).
    Removing stm32f4xx_usart.o(.revsh_text), (4 bytes).
    Removing stm32f4xx_usart.o(.rrx_text), (6 bytes).
    Removing stm32f4xx_usart.o(i.USART_ClearFlag), (8 bytes).
    Removing stm32f4xx_usart.o(i.USART_ClearITPendingBit), (16 bytes).
    Removing stm32f4xx_usart.o(i.USART_ClockInit), (28 bytes).
    Removing stm32f4xx_usart.o(i.USART_ClockStructInit), (12 bytes).
    Removing stm32f4xx_usart.o(i.USART_DMACmd), (20 bytes).
    Removing stm32f4xx_usart.o(i.USART_DeInit), (256 bytes).
    Removing stm32f4xx_usart.o(i.USART_HalfDuplexCmd), (24 bytes).
    Removing stm32f4xx_usart.o(i.USART_IrDACmd), (24 bytes).
    Removing stm32f4xx_usart.o(i.USART_IrDAConfig), (16 bytes).
    Removing stm32f4xx_usart.o(i.USART_LINBreakDetectLengthConfig), (16 bytes).
    Removing stm32f4xx_usart.o(i.USART_LINCmd), (24 bytes).
    Removing stm32f4xx_usart.o(i.USART_OneBitMethodCmd), (24 bytes).
    Removing stm32f4xx_usart.o(i.USART_OverSampling8Cmd), (24 bytes).
    Removing stm32f4xx_usart.o(i.USART_ReceiverWakeUpCmd), (24 bytes).
    Removing stm32f4xx_usart.o(i.USART_SendBreak), (10 bytes).
    Removing stm32f4xx_usart.o(i.USART_SetAddress), (16 bytes).
    Removing stm32f4xx_usart.o(i.USART_SetGuardTime), (16 bytes).
    Removing stm32f4xx_usart.o(i.USART_SetPrescaler), (16 bytes).
    Removing stm32f4xx_usart.o(i.USART_SmartCardCmd), (24 bytes).
    Removing stm32f4xx_usart.o(i.USART_SmartCardNACKCmd), (24 bytes).
    Removing stm32f4xx_usart.o(i.USART_StructInit), (22 bytes).
    Removing stm32f4xx_usart.o(i.USART_WakeUpConfig), (16 bytes).
    Removing stm32f4xx_wwdg.o(.rev16_text), (4 bytes).
    Removing stm32f4xx_wwdg.o(.revsh_text), (4 bytes).
    Removing stm32f4xx_wwdg.o(.rrx_text), (6 bytes).
    Removing stm32f4xx_wwdg.o(i.WWDG_ClearFlag), (12 bytes).
    Removing stm32f4xx_wwdg.o(i.WWDG_DeInit), (24 bytes).
    Removing stm32f4xx_wwdg.o(i.WWDG_Enable), (16 bytes).
    Removing stm32f4xx_wwdg.o(i.WWDG_EnableIT), (12 bytes).
    Removing stm32f4xx_wwdg.o(i.WWDG_GetFlagStatus), (20 bytes).
    Removing stm32f4xx_wwdg.o(i.WWDG_SetCounter), (16 bytes).
    Removing stm32f4xx_wwdg.o(i.WWDG_SetPrescaler), (20 bytes).
    Removing stm32f4xx_wwdg.o(i.WWDG_SetWindowValue), (32 bytes).
    Removing main.o(.rev16_text), (4 bytes).
    Removing main.o(.revsh_text), (4 bytes).
    Removing main.o(.rrx_text), (6 bytes).
    Removing stm32f4xx_it.o(.rev16_text), (4 bytes).
    Removing stm32f4xx_it.o(.revsh_text), (4 bytes).
    Removing stm32f4xx_it.o(.rrx_text), (6 bytes).
    Removing gpio.o(.rev16_text), (4 bytes).
    Removing gpio.o(.revsh_text), (4 bytes).
    Removing gpio.o(.rrx_text), (6 bytes).
    Removing modbus_svr.o(.rev16_text), (4 bytes).
    Removing modbus_svr.o(.revsh_text), (4 bytes).
    Removing modbus_svr.o(.rrx_text), (6 bytes).
    Removing systick.o(.rev16_text), (4 bytes).
    Removing systick.o(.revsh_text), (4 bytes).
    Removing systick.o(.rrx_text), (6 bytes).
    Removing systick.o(i.Delay_ms), (20 bytes).
    Removing bsp_innerflash.o(.rev16_text), (4 bytes).
    Removing bsp_innerflash.o(.revsh_text), (4 bytes).
    Removing bsp_innerflash.o(.rrx_text), (6 bytes).
    Removing bsp_innerflash.o(i.Flash_EraseSector), (36 bytes).
    Removing bsp_innerflash.o(i.Flash_Read32BitDatas), (22 bytes).
    Removing bsp_innerflash.o(i.Flash_Read8BitDatas), (22 bytes).
    Removing bsp_innerflash.o(i.Flash_Write32BitDatas), (100 bytes).
    Removing bsp_innerflash.o(i.Flash_Write8BitDatas), (96 bytes).
    Removing mbsvr_comm.o(.rev16_text), (4 bytes).
    Removing mbsvr_comm.o(.revsh_text), (4 bytes).
    Removing mbsvr_comm.o(.rrx_text), (6 bytes).
    Removing mbsvr_comm.o(i.Usart_SendHalfWord), (50 bytes).
    Removing usart_com1.o(.rev16_text), (4 bytes).
    Removing usart_com1.o(.revsh_text), (4 bytes).
    Removing usart_com1.o(.rrx_text), (6 bytes).
    Removing usart_com2.o(.rev16_text), (4 bytes).
    Removing usart_com2.o(.revsh_text), (4 bytes).
    Removing usart_com2.o(.rrx_text), (6 bytes).
    Removing usart_com2.o(.data), (1 bytes).
    Removing usart_com3.o(.rev16_text), (4 bytes).
    Removing usart_com3.o(.revsh_text), (4 bytes).
    Removing usart_com3.o(.rrx_text), (6 bytes).
    Removing usart_com3.o(.data), (1 bytes).
    Removing usart_com4.o(.rev16_text), (4 bytes).
    Removing usart_com4.o(.revsh_text), (4 bytes).
    Removing usart_com4.o(.rrx_text), (6 bytes).
    Removing dadd.o(.text), (334 bytes).
    Removing dmul.o(.text), (228 bytes).
    Removing ddiv.o(.text), (222 bytes).
    Removing dfixul.o(.text), (48 bytes).
    Removing cdrcmple.o(.text), (48 bytes).
    Removing depilogue.o(.text), (186 bytes).

855 unused section(s) (total 31808 bytes) removed from the image.

==============================================================================

Image Symbol Table

    Local Symbols

    Symbol Name                              Value     Ov Type        Size  Object(Section)

    ../clib/microlib/division.c              0x00000000   Number         0  uidiv.o ABSOLUTE
    ../clib/microlib/division.c              0x00000000   Number         0  uldiv.o ABSOLUTE
    ../clib/microlib/init/entry.s            0x00000000   Number         0  entry10b.o ABSOLUTE
    ../clib/microlib/init/entry.s            0x00000000   Number         0  entry.o ABSOLUTE
    ../clib/microlib/init/entry.s            0x00000000   Number         0  entry11b.o ABSOLUTE
    ../clib/microlib/init/entry.s            0x00000000   Number         0  entry8b.o ABSOLUTE
    ../clib/microlib/init/entry.s            0x00000000   Number         0  entry11a.o ABSOLUTE
    ../clib/microlib/init/entry.s            0x00000000   Number         0  entry9a.o ABSOLUTE
    ../clib/microlib/init/entry.s            0x00000000   Number         0  entry7a.o ABSOLUTE
    ../clib/microlib/init/entry.s            0x00000000   Number         0  entry10a.o ABSOLUTE
    ../clib/microlib/init/entry.s            0x00000000   Number         0  entry9b.o ABSOLUTE
    ../clib/microlib/init/entry.s            0x00000000   Number         0  entry7b.o ABSOLUTE
    ../clib/microlib/init/entry.s            0x00000000   Number         0  entry8a.o ABSOLUTE
    ../clib/microlib/init/entry.s            0x00000000   Number         0  entry5.o ABSOLUTE
    ../clib/microlib/init/entry.s            0x00000000   Number         0  entry2.o ABSOLUTE
    ../clib/microlib/longlong.c              0x00000000   Number         0  llshl.o ABSOLUTE
    ../clib/microlib/longlong.c              0x00000000   Number         0  llushr.o ABSOLUTE
    ../clib/microlib/longlong.c              0x00000000   Number         0  llsshr.o ABSOLUTE
    ../clib/microlib/malloc/malloc.c         0x00000000   Number         0  malloca.o ABSOLUTE
    ../clib/microlib/malloc/malloc.c         0x00000000   Number         0  mallocr.o ABSOLUTE
    ../clib/microlib/malloc/malloc.c         0x00000000   Number         0  malloc.o ABSOLUTE
    ../clib/microlib/malloc/malloc.c         0x00000000   Number         0  mallocra.o ABSOLUTE
    ../clib/microlib/malloc/mvars.c          0x00000000   Number         0  mvars.o ABSOLUTE
    ../clib/microlib/printf/printf.c         0x00000000   Number         0  printf1.o ABSOLUTE
    ../clib/microlib/printf/printf.c         0x00000000   Number         0  printfb.o ABSOLUTE
    ../clib/microlib/printf/printf.c         0x00000000   Number         0  printf3.o ABSOLUTE
    ../clib/microlib/printf/printf.c         0x00000000   Number         0  printf4.o ABSOLUTE
    ../clib/microlib/printf/printf.c         0x00000000   Number         0  printf5.o ABSOLUTE
    ../clib/microlib/printf/printf.c         0x00000000   Number         0  printf2.o ABSOLUTE
    ../clib/microlib/printf/printf.c         0x00000000   Number         0  printf0.o ABSOLUTE
    ../clib/microlib/printf/printf.c         0x00000000   Number         0  printf6.o ABSOLUTE
    ../clib/microlib/printf/printf.c         0x00000000   Number         0  printf7.o ABSOLUTE
    ../clib/microlib/printf/printf.c         0x00000000   Number         0  printfa.o ABSOLUTE
    ../clib/microlib/printf/printf.c         0x00000000   Number         0  printf8.o ABSOLUTE
    ../clib/microlib/printf/stubs.s          0x00000000   Number         0  stubs.o ABSOLUTE
    ../clib/microlib/stdio/fputc.c           0x00000000   Number         0  fputc.o ABSOLUTE
    ../clib/microlib/stdio/semi.s            0x00000000   Number         0  semi.o ABSOLUTE
    ../clib/microlib/stdio/streams.c         0x00000000   Number         0  stdout.o ABSOLUTE
    ../clib/microlib/string/memcpy.c         0x00000000   Number         0  memcpya.o ABSOLUTE
    ../clib/microlib/string/memcpy.c         0x00000000   Number         0  memcpyb.o ABSOLUTE
    ../clib/microlib/stubs.s                 0x00000000   Number         0  iusefp.o ABSOLUTE
    ../clib/microlib/stubs.s                 0x00000000   Number         0  iusesemip.o ABSOLUTE
    ../fplib/microlib/fpadd.c                0x00000000   Number         0  dadd.o ABSOLUTE
    ../fplib/microlib/fpdiv.c                0x00000000   Number         0  ddiv.o ABSOLUTE
    ../fplib/microlib/fpepilogue.c           0x00000000   Number         0  depilogue.o ABSOLUTE
    ../fplib/microlib/fpfix.c                0x00000000   Number         0  dfixul.o ABSOLUTE
    ../fplib/microlib/fpmul.c                0x00000000   Number         0  dmul.o ABSOLUTE
    ..\..\Libraries\CMSIS\Device\ST\STM32F4xx\Source\Templates\arm\startup_stm32f429_439xx.s 0x00000000   Number         0  startup_stm32f429_439xx.o ABSOLUTE
    ..\..\Libraries\CMSIS\Device\ST\STM32F4xx\Source\Templates\system_stm32f4xx.c 0x00000000   Number         0  system_stm32f4xx.o ABSOLUTE
    ..\..\Libraries\STM32F4xx_StdPeriph_Driver\src\misc.c 0x00000000   Number         0  misc.o ABSOLUTE
    ..\..\Libraries\STM32F4xx_StdPeriph_Driver\src\stm32f4xx_adc.c 0x00000000   Number         0  stm32f4xx_adc.o ABSOLUTE
    ..\..\Libraries\STM32F4xx_StdPeriph_Driver\src\stm32f4xx_can.c 0x00000000   Number         0  stm32f4xx_can.o ABSOLUTE
    ..\..\Libraries\STM32F4xx_StdPeriph_Driver\src\stm32f4xx_cec.c 0x00000000   Number         0  stm32f4xx_cec.o ABSOLUTE
    ..\..\Libraries\STM32F4xx_StdPeriph_Driver\src\stm32f4xx_crc.c 0x00000000   Number         0  stm32f4xx_crc.o ABSOLUTE
    ..\..\Libraries\STM32F4xx_StdPeriph_Driver\src\stm32f4xx_cryp.c 0x00000000   Number         0  stm32f4xx_cryp.o ABSOLUTE
    ..\..\Libraries\STM32F4xx_StdPeriph_Driver\src\stm32f4xx_cryp_aes.c 0x00000000   Number         0  stm32f4xx_cryp_aes.o ABSOLUTE
    ..\..\Libraries\STM32F4xx_StdPeriph_Driver\src\stm32f4xx_cryp_des.c 0x00000000   Number         0  stm32f4xx_cryp_des.o ABSOLUTE
    ..\..\Libraries\STM32F4xx_StdPeriph_Driver\src\stm32f4xx_cryp_tdes.c 0x00000000   Number         0  stm32f4xx_cryp_tdes.o ABSOLUTE
    ..\..\Libraries\STM32F4xx_StdPeriph_Driver\src\stm32f4xx_dac.c 0x00000000   Number         0  stm32f4xx_dac.o ABSOLUTE
    ..\..\Libraries\STM32F4xx_StdPeriph_Driver\src\stm32f4xx_dbgmcu.c 0x00000000   Number         0  stm32f4xx_dbgmcu.o ABSOLUTE
    ..\..\Libraries\STM32F4xx_StdPeriph_Driver\src\stm32f4xx_dcmi.c 0x00000000   Number         0  stm32f4xx_dcmi.o ABSOLUTE
    ..\..\Libraries\STM32F4xx_StdPeriph_Driver\src\stm32f4xx_dma.c 0x00000000   Number         0  stm32f4xx_dma.o ABSOLUTE
    ..\..\Libraries\STM32F4xx_StdPeriph_Driver\src\stm32f4xx_dma2d.c 0x00000000   Number         0  stm32f4xx_dma2d.o ABSOLUTE
    ..\..\Libraries\STM32F4xx_StdPeriph_Driver\src\stm32f4xx_exti.c 0x00000000   Number         0  stm32f4xx_exti.o ABSOLUTE
    ..\..\Libraries\STM32F4xx_StdPeriph_Driver\src\stm32f4xx_flash.c 0x00000000   Number         0  stm32f4xx_flash.o ABSOLUTE
    ..\..\Libraries\STM32F4xx_StdPeriph_Driver\src\stm32f4xx_flash_ramfunc.c 0x00000000   Number         0  stm32f4xx_flash_ramfunc.o ABSOLUTE
    ..\..\Libraries\STM32F4xx_StdPeriph_Driver\src\stm32f4xx_fmc.c 0x00000000   Number         0  stm32f4xx_fmc.o ABSOLUTE
    ..\..\Libraries\STM32F4xx_StdPeriph_Driver\src\stm32f4xx_fmpi2c.c 0x00000000   Number         0  stm32f4xx_fmpi2c.o ABSOLUTE
    ..\..\Libraries\STM32F4xx_StdPeriph_Driver\src\stm32f4xx_gpio.c 0x00000000   Number         0  stm32f4xx_gpio.o ABSOLUTE
    ..\..\Libraries\STM32F4xx_StdPeriph_Driver\src\stm32f4xx_hash.c 0x00000000   Number         0  stm32f4xx_hash.o ABSOLUTE
    ..\..\Libraries\STM32F4xx_StdPeriph_Driver\src\stm32f4xx_hash_md5.c 0x00000000   Number         0  stm32f4xx_hash_md5.o ABSOLUTE
    ..\..\Libraries\STM32F4xx_StdPeriph_Driver\src\stm32f4xx_hash_sha1.c 0x00000000   Number         0  stm32f4xx_hash_sha1.o ABSOLUTE
    ..\..\Libraries\STM32F4xx_StdPeriph_Driver\src\stm32f4xx_i2c.c 0x00000000   Number         0  stm32f4xx_i2c.o ABSOLUTE
    ..\..\Libraries\STM32F4xx_StdPeriph_Driver\src\stm32f4xx_iwdg.c 0x00000000   Number         0  stm32f4xx_iwdg.o ABSOLUTE
    ..\..\Libraries\STM32F4xx_StdPeriph_Driver\src\stm32f4xx_ltdc.c 0x00000000   Number         0  stm32f4xx_ltdc.o ABSOLUTE
    ..\..\Libraries\STM32F4xx_StdPeriph_Driver\src\stm32f4xx_pwr.c 0x00000000   Number         0  stm32f4xx_pwr.o ABSOLUTE
    ..\..\Libraries\STM32F4xx_StdPeriph_Driver\src\stm32f4xx_qspi.c 0x00000000   Number         0  stm32f4xx_qspi.o ABSOLUTE
    ..\..\Libraries\STM32F4xx_StdPeriph_Driver\src\stm32f4xx_rcc.c 0x00000000   Number         0  stm32f4xx_rcc.o ABSOLUTE
    ..\..\Libraries\STM32F4xx_StdPeriph_Driver\src\stm32f4xx_rng.c 0x00000000   Number         0  stm32f4xx_rng.o ABSOLUTE
    ..\..\Libraries\STM32F4xx_StdPeriph_Driver\src\stm32f4xx_rtc.c 0x00000000   Number         0  stm32f4xx_rtc.o ABSOLUTE
    ..\..\Libraries\STM32F4xx_StdPeriph_Driver\src\stm32f4xx_sai.c 0x00000000   Number         0  stm32f4xx_sai.o ABSOLUTE
    ..\..\Libraries\STM32F4xx_StdPeriph_Driver\src\stm32f4xx_sdio.c 0x00000000   Number         0  stm32f4xx_sdio.o ABSOLUTE
    ..\..\Libraries\STM32F4xx_StdPeriph_Driver\src\stm32f4xx_spdifrx.c 0x00000000   Number         0  stm32f4xx_spdifrx.o ABSOLUTE
    ..\..\Libraries\STM32F4xx_StdPeriph_Driver\src\stm32f4xx_spi.c 0x00000000   Number         0  stm32f4xx_spi.o ABSOLUTE
    ..\..\Libraries\STM32F4xx_StdPeriph_Driver\src\stm32f4xx_syscfg.c 0x00000000   Number         0  stm32f4xx_syscfg.o ABSOLUTE
    ..\..\Libraries\STM32F4xx_StdPeriph_Driver\src\stm32f4xx_tim.c 0x00000000   Number         0  stm32f4xx_tim.o ABSOLUTE
    ..\..\Libraries\STM32F4xx_StdPeriph_Driver\src\stm32f4xx_usart.c 0x00000000   Number         0  stm32f4xx_usart.o ABSOLUTE
    ..\..\Libraries\STM32F4xx_StdPeriph_Driver\src\stm32f4xx_wwdg.c 0x00000000   Number         0  stm32f4xx_wwdg.o ABSOLUTE
    ..\..\User\Mbsvr_comm.c                  0x00000000   Number         0  mbsvr_comm.o ABSOLUTE
    ..\..\User\Modbus_svr.c                  0x00000000   Number         0  modbus_svr.o ABSOLUTE
    ..\..\User\SysTick.c                     0x00000000   Number         0  systick.o ABSOLUTE
    ..\..\User\bsp_innerflash.c              0x00000000   Number         0  bsp_innerflash.o ABSOLUTE
    ..\..\User\gpio.c                        0x00000000   Number         0  gpio.o ABSOLUTE
    ..\..\User\main.c                        0x00000000   Number         0  main.o ABSOLUTE
    ..\..\User\stm32f4xx_it.c                0x00000000   Number         0  stm32f4xx_it.o ABSOLUTE
    ..\..\User\usart_com1.c                  0x00000000   Number         0  usart_com1.o ABSOLUTE
    ..\..\User\usart_com2.c                  0x00000000   Number         0  usart_com2.o ABSOLUTE
    ..\..\User\usart_com3.c                  0x00000000   Number         0  usart_com3.o ABSOLUTE
    ..\..\User\usart_com4.c                  0x00000000   Number         0  usart_com4.o ABSOLUTE
    ..\\..\\Libraries\\CMSIS\\Device\\ST\\STM32F4xx\\Source\\Templates\\system_stm32f4xx.c 0x00000000   Number         0  system_stm32f4xx.o ABSOLUTE
    ..\\..\\Libraries\\STM32F4xx_StdPeriph_Driver\\src\\misc.c 0x00000000   Number         0  misc.o ABSOLUTE
    ..\\..\\Libraries\\STM32F4xx_StdPeriph_Driver\\src\\stm32f4xx_adc.c 0x00000000   Number         0  stm32f4xx_adc.o ABSOLUTE
    ..\\..\\Libraries\\STM32F4xx_StdPeriph_Driver\\src\\stm32f4xx_can.c 0x00000000   Number         0  stm32f4xx_can.o ABSOLUTE
    ..\\..\\Libraries\\STM32F4xx_StdPeriph_Driver\\src\\stm32f4xx_cec.c 0x00000000   Number         0  stm32f4xx_cec.o ABSOLUTE
    ..\\..\\Libraries\\STM32F4xx_StdPeriph_Driver\\src\\stm32f4xx_crc.c 0x00000000   Number         0  stm32f4xx_crc.o ABSOLUTE
    ..\\..\\Libraries\\STM32F4xx_StdPeriph_Driver\\src\\stm32f4xx_cryp.c 0x00000000   Number         0  stm32f4xx_cryp.o ABSOLUTE
    ..\\..\\Libraries\\STM32F4xx_StdPeriph_Driver\\src\\stm32f4xx_cryp_aes.c 0x00000000   Number         0  stm32f4xx_cryp_aes.o ABSOLUTE
    ..\\..\\Libraries\\STM32F4xx_StdPeriph_Driver\\src\\stm32f4xx_cryp_des.c 0x00000000   Number         0  stm32f4xx_cryp_des.o ABSOLUTE
    ..\\..\\Libraries\\STM32F4xx_StdPeriph_Driver\\src\\stm32f4xx_cryp_tdes.c 0x00000000   Number         0  stm32f4xx_cryp_tdes.o ABSOLUTE
    ..\\..\\Libraries\\STM32F4xx_StdPeriph_Driver\\src\\stm32f4xx_dac.c 0x00000000   Number         0  stm32f4xx_dac.o ABSOLUTE
    ..\\..\\Libraries\\STM32F4xx_StdPeriph_Driver\\src\\stm32f4xx_dbgmcu.c 0x00000000   Number         0  stm32f4xx_dbgmcu.o ABSOLUTE
    ..\\..\\Libraries\\STM32F4xx_StdPeriph_Driver\\src\\stm32f4xx_dcmi.c 0x00000000   Number         0  stm32f4xx_dcmi.o ABSOLUTE
    ..\\..\\Libraries\\STM32F4xx_StdPeriph_Driver\\src\\stm32f4xx_dma.c 0x00000000   Number         0  stm32f4xx_dma.o ABSOLUTE
    ..\\..\\Libraries\\STM32F4xx_StdPeriph_Driver\\src\\stm32f4xx_dma2d.c 0x00000000   Number         0  stm32f4xx_dma2d.o ABSOLUTE
    ..\\..\\Libraries\\STM32F4xx_StdPeriph_Driver\\src\\stm32f4xx_exti.c 0x00000000   Number         0  stm32f4xx_exti.o ABSOLUTE
    ..\\..\\Libraries\\STM32F4xx_StdPeriph_Driver\\src\\stm32f4xx_flash.c 0x00000000   Number         0  stm32f4xx_flash.o ABSOLUTE
    ..\\..\\Libraries\\STM32F4xx_StdPeriph_Driver\\src\\stm32f4xx_flash_ramfunc.c 0x00000000   Number         0  stm32f4xx_flash_ramfunc.o ABSOLUTE
    ..\\..\\Libraries\\STM32F4xx_StdPeriph_Driver\\src\\stm32f4xx_fmc.c 0x00000000   Number         0  stm32f4xx_fmc.o ABSOLUTE
    ..\\..\\Libraries\\STM32F4xx_StdPeriph_Driver\\src\\stm32f4xx_fmpi2c.c 0x00000000   Number         0  stm32f4xx_fmpi2c.o ABSOLUTE
    ..\\..\\Libraries\\STM32F4xx_StdPeriph_Driver\\src\\stm32f4xx_gpio.c 0x00000000   Number         0  stm32f4xx_gpio.o ABSOLUTE
    ..\\..\\Libraries\\STM32F4xx_StdPeriph_Driver\\src\\stm32f4xx_hash.c 0x00000000   Number         0  stm32f4xx_hash.o ABSOLUTE
    ..\\..\\Libraries\\STM32F4xx_StdPeriph_Driver\\src\\stm32f4xx_hash_md5.c 0x00000000   Number         0  stm32f4xx_hash_md5.o ABSOLUTE
    ..\\..\\Libraries\\STM32F4xx_StdPeriph_Driver\\src\\stm32f4xx_hash_sha1.c 0x00000000   Number         0  stm32f4xx_hash_sha1.o ABSOLUTE
    ..\\..\\Libraries\\STM32F4xx_StdPeriph_Driver\\src\\stm32f4xx_i2c.c 0x00000000   Number         0  stm32f4xx_i2c.o ABSOLUTE
    ..\\..\\Libraries\\STM32F4xx_StdPeriph_Driver\\src\\stm32f4xx_iwdg.c 0x00000000   Number         0  stm32f4xx_iwdg.o ABSOLUTE
    ..\\..\\Libraries\\STM32F4xx_StdPeriph_Driver\\src\\stm32f4xx_ltdc.c 0x00000000   Number         0  stm32f4xx_ltdc.o ABSOLUTE
    ..\\..\\Libraries\\STM32F4xx_StdPeriph_Driver\\src\\stm32f4xx_pwr.c 0x00000000   Number         0  stm32f4xx_pwr.o ABSOLUTE
    ..\\..\\Libraries\\STM32F4xx_StdPeriph_Driver\\src\\stm32f4xx_qspi.c 0x00000000   Number         0  stm32f4xx_qspi.o ABSOLUTE
    ..\\..\\Libraries\\STM32F4xx_StdPeriph_Driver\\src\\stm32f4xx_rcc.c 0x00000000   Number         0  stm32f4xx_rcc.o ABSOLUTE
    ..\\..\\Libraries\\STM32F4xx_StdPeriph_Driver\\src\\stm32f4xx_rng.c 0x00000000   Number         0  stm32f4xx_rng.o ABSOLUTE
    ..\\..\\Libraries\\STM32F4xx_StdPeriph_Driver\\src\\stm32f4xx_rtc.c 0x00000000   Number         0  stm32f4xx_rtc.o ABSOLUTE
    ..\\..\\Libraries\\STM32F4xx_StdPeriph_Driver\\src\\stm32f4xx_sai.c 0x00000000   Number         0  stm32f4xx_sai.o ABSOLUTE
    ..\\..\\Libraries\\STM32F4xx_StdPeriph_Driver\\src\\stm32f4xx_sdio.c 0x00000000   Number         0  stm32f4xx_sdio.o ABSOLUTE
    ..\\..\\Libraries\\STM32F4xx_StdPeriph_Driver\\src\\stm32f4xx_spdifrx.c 0x00000000   Number         0  stm32f4xx_spdifrx.o ABSOLUTE
    ..\\..\\Libraries\\STM32F4xx_StdPeriph_Driver\\src\\stm32f4xx_spi.c 0x00000000   Number         0  stm32f4xx_spi.o ABSOLUTE
    ..\\..\\Libraries\\STM32F4xx_StdPeriph_Driver\\src\\stm32f4xx_syscfg.c 0x00000000   Number         0  stm32f4xx_syscfg.o ABSOLUTE
    ..\\..\\Libraries\\STM32F4xx_StdPeriph_Driver\\src\\stm32f4xx_tim.c 0x00000000   Number         0  stm32f4xx_tim.o ABSOLUTE
    ..\\..\\Libraries\\STM32F4xx_StdPeriph_Driver\\src\\stm32f4xx_usart.c 0x00000000   Number         0  stm32f4xx_usart.o ABSOLUTE
    ..\\..\\Libraries\\STM32F4xx_StdPeriph_Driver\\src\\stm32f4xx_wwdg.c 0x00000000   Number         0  stm32f4xx_wwdg.o ABSOLUTE
    ..\\..\\User\\Mbsvr_comm.c               0x00000000   Number         0  mbsvr_comm.o ABSOLUTE
    ..\\..\\User\\Modbus_svr.c               0x00000000   Number         0  modbus_svr.o ABSOLUTE
    ..\\..\\User\\SysTick.c                  0x00000000   Number         0  systick.o ABSOLUTE
    ..\\..\\User\\bsp_innerflash.c           0x00000000   Number         0  bsp_innerflash.o ABSOLUTE
    ..\\..\\User\\gpio.c                     0x00000000   Number         0  gpio.o ABSOLUTE
    ..\\..\\User\\main.c                     0x00000000   Number         0  main.o ABSOLUTE
    ..\\..\\User\\stm32f4xx_it.c             0x00000000   Number         0  stm32f4xx_it.o ABSOLUTE
    ..\\..\\User\\usart_com1.c               0x00000000   Number         0  usart_com1.o ABSOLUTE
    ..\\..\\User\\usart_com2.c               0x00000000   Number         0  usart_com2.o ABSOLUTE
    ..\\..\\User\\usart_com3.c               0x00000000   Number         0  usart_com3.o ABSOLUTE
    ..\\..\\User\\usart_com4.c               0x00000000   Number         0  usart_com4.o ABSOLUTE
    cdrcmple.s                               0x00000000   Number         0  cdrcmple.o ABSOLUTE
    dc.s                                     0x00000000   Number         0  dc.o ABSOLUTE
    handlers.s                               0x00000000   Number         0  handlers.o ABSOLUTE
    init.s                                   0x00000000   Number         0  init.o ABSOLUTE
    RESET                                    0x08000000   Section      428  startup_stm32f429_439xx.o(RESET)
    .ARM.Collect$$$$00000000                 0x080001ac   Section        0  entry.o(.ARM.Collect$$$$00000000)
    .ARM.Collect$$$$00000001                 0x080001ac   Section        4  entry2.o(.ARM.Collect$$$$00000001)
    .ARM.Collect$$$$00000004                 0x080001b0   Section        4  entry5.o(.ARM.Collect$$$$00000004)
    .ARM.Collect$$$$00000008                 0x080001b4   Section        0  entry7b.o(.ARM.Collect$$$$00000008)
    .ARM.Collect$$$$0000000A                 0x080001b4   Section        0  entry8b.o(.ARM.Collect$$$$0000000A)
    .ARM.Collect$$$$0000000B                 0x080001b4   Section        8  entry9a.o(.ARM.Collect$$$$0000000B)
    .ARM.Collect$$$$0000000D                 0x080001bc   Section        0  entry10a.o(.ARM.Collect$$$$0000000D)
    .ARM.Collect$$$$0000000F                 0x080001bc   Section        0  entry11a.o(.ARM.Collect$$$$0000000F)
    .ARM.Collect$$$$00002712                 0x080001bc   Section        4  entry2.o(.ARM.Collect$$$$00002712)
    __lit__00000000                          0x080001bc   Data           4  entry2.o(.ARM.Collect$$$$00002712)
    .text                                    0x080001c0   Section       36  startup_stm32f429_439xx.o(.text)
    $v0                                      0x080001c0   Number         0  startup_stm32f429_439xx.o(.text)
    .text                                    0x080001e4   Section        0  memcpya.o(.text)
    .text                                    0x08000208   Section        0  uidiv.o(.text)
    .text                                    0x08000234   Section       36  init.o(.text)
    i.BusFault_Handler                       0x08000258   Section        0  stm32f4xx_it.o(i.BusFault_Handler)
    i.CRC16                                  0x0800025c   Section        0  mbsvr_comm.o(i.CRC16)
    i.DebugMon_Handler                       0x08000284   Section        0  stm32f4xx_it.o(i.DebugMon_Handler)
    i.ELC_Config                             0x08000288   Section        0  usart_com3.o(i.ELC_Config)
    ELC_Config                               0x08000289   Thumb Code   158  usart_com3.o(i.ELC_Config)
    i.ELC_Init                               0x08000330   Section        0  usart_com3.o(i.ELC_Init)
    i.ELC_Task                               0x08000378   Section        0  usart_com3.o(i.ELC_Task)
    i.ELC_TxCmd                              0x08000434   Section        0  usart_com3.o(i.ELC_TxCmd)
    i.FLASH_ClearFlag                        0x0800056c   Section        0  stm32f4xx_flash.o(i.FLASH_ClearFlag)
    i.FLASH_EraseSector                      0x08000578   Section        0  stm32f4xx_flash.o(i.FLASH_EraseSector)
    i.FLASH_GetStatus                        0x080005e8   Section        0  stm32f4xx_flash.o(i.FLASH_GetStatus)
    i.FLASH_Lock                             0x08000624   Section        0  stm32f4xx_flash.o(i.FLASH_Lock)
    i.FLASH_ProgramHalfWord                  0x08000634   Section        0  stm32f4xx_flash.o(i.FLASH_ProgramHalfWord)
    i.FLASH_Unlock                           0x08000670   Section        0  stm32f4xx_flash.o(i.FLASH_Unlock)
    i.FLASH_WaitForLastOperation             0x08000694   Section        0  stm32f4xx_flash.o(i.FLASH_WaitForLastOperation)
    i.Flash_GetSector                        0x080006b8   Section        0  bsp_innerflash.o(i.Flash_GetSector)
    i.Flash_Read16BitDatas                   0x08000774   Section        0  bsp_innerflash.o(i.Flash_Read16BitDatas)
    i.Flash_Write16BitDatas                  0x0800078c   Section        0  bsp_innerflash.o(i.Flash_Write16BitDatas)
    i.GPIO_Config                            0x080007f0   Section        0  gpio.o(i.GPIO_Config)
    i.GPIO_Init                              0x08000844   Section        0  stm32f4xx_gpio.o(i.GPIO_Init)
    i.GPIO_PinAFConfig                       0x080008c0   Section        0  stm32f4xx_gpio.o(i.GPIO_PinAFConfig)
    i.GPIO_SetBits                           0x080008e0   Section        0  stm32f4xx_gpio.o(i.GPIO_SetBits)
    i.GetCurTick                             0x080008e4   Section        0  systick.o(i.GetCurTick)
    i.GetTimer                               0x080008f0   Section        0  systick.o(i.GetTimer)
    i.HardFault_Handler                      0x08000918   Section        0  stm32f4xx_it.o(i.HardFault_Handler)
    i.INS_Config                             0x0800091c   Section        0  usart_com4.o(i.INS_Config)
    INS_Config                               0x0800091d   Thumb Code   158  usart_com4.o(i.INS_Config)
    i.INS_Init                               0x080009c4   Section        0  usart_com4.o(i.INS_Init)
    i.INS_Task                               0x08000a08   Section        0  usart_com4.o(i.INS_Task)
    i.INS_TxCmd                              0x08000a68   Section        0  usart_com4.o(i.INS_TxCmd)
    i.IWDG_Configuration                     0x08000aa0   Section        0  gpio.o(i.IWDG_Configuration)
    i.IWDG_Enable                            0x08000ac4   Section        0  stm32f4xx_iwdg.o(i.IWDG_Enable)
    i.IWDG_Feed                              0x08000ad4   Section        0  gpio.o(i.IWDG_Feed)
    i.IWDG_ReloadCounter                     0x08000ae4   Section        0  stm32f4xx_iwdg.o(i.IWDG_ReloadCounter)
    i.IWDG_SetPrescaler                      0x08000af4   Section        0  stm32f4xx_iwdg.o(i.IWDG_SetPrescaler)
    i.IWDG_SetReload                         0x08000b00   Section        0  stm32f4xx_iwdg.o(i.IWDG_SetReload)
    i.IWDG_WriteAccessCmd                    0x08000b0c   Section        0  stm32f4xx_iwdg.o(i.IWDG_WriteAccessCmd)
    i.MODBUS_Config                          0x08000b18   Section        0  modbus_svr.o(i.MODBUS_Config)
    MODBUS_Config                            0x08000b19   Thumb Code   158  modbus_svr.o(i.MODBUS_Config)
    i.MOT_Config                             0x08000bc0   Section        0  usart_com2.o(i.MOT_Config)
    MOT_Config                               0x08000bc1   Thumb Code   158  usart_com2.o(i.MOT_Config)
    i.MOT_Init                               0x08000c68   Section        0  usart_com2.o(i.MOT_Init)
    i.MOT_Task                               0x08000cc4   Section        0  usart_com2.o(i.MOT_Task)
    i.MOT_TxCmd                              0x08000d54   Section        0  usart_com2.o(i.MOT_TxCmd)
    i.MemManage_Handler                      0x08000e0c   Section        0  stm32f4xx_it.o(i.MemManage_Handler)
    i.ModbusSvr_NVIC_Configuration           0x08000e0e   Section        0  mbsvr_comm.o(i.ModbusSvr_NVIC_Configuration)
    i.ModbusSvr_block_init                   0x08000e38   Section        0  mbsvr_comm.o(i.ModbusSvr_block_init)
    i.ModbusSvr_error_respose                0x08001014   Section        0  mbsvr_comm.o(i.ModbusSvr_error_respose)
    ModbusSvr_error_respose                  0x08001015   Thumb Code    58  mbsvr_comm.o(i.ModbusSvr_error_respose)
    i.ModbusSvr_isr                          0x0800104e   Section        0  mbsvr_comm.o(i.ModbusSvr_isr)
    i.ModbusSvr_normal_respose               0x080010b6   Section        0  mbsvr_comm.o(i.ModbusSvr_normal_respose)
    ModbusSvr_normal_respose                 0x080010b7   Thumb Code    58  mbsvr_comm.o(i.ModbusSvr_normal_respose)
    i.ModbusSvr_procotol_chain               0x080010f0   Section        0  mbsvr_comm.o(i.ModbusSvr_procotol_chain)
    i.ModbusSvr_save_para                    0x080013d0   Section        0  mbsvr_comm.o(i.ModbusSvr_save_para)
    i.ModbusSvr_task                         0x08001400   Section        0  mbsvr_comm.o(i.ModbusSvr_task)
    i.ModbusTimer                            0x08001480   Section        0  modbus_svr.o(i.ModbusTimer)
    i.Modbus_init                            0x08001494   Section        0  modbus_svr.o(i.Modbus_init)
    i.Modbus_task                            0x08001588   Section        0  modbus_svr.o(i.Modbus_task)
    i.NMI_Handler                            0x08001598   Section        0  stm32f4xx_it.o(i.NMI_Handler)
    i.NVIC_Init                              0x0800159c   Section        0  misc.o(i.NVIC_Init)
    i.NVIC_PriorityGroupConfig               0x08001604   Section        0  misc.o(i.NVIC_PriorityGroupConfig)
    i.POW_Config                             0x08001618   Section        0  usart_com1.o(i.POW_Config)
    POW_Config                               0x08001619   Thumb Code   158  usart_com1.o(i.POW_Config)
    i.POW_Init                               0x080016c0   Section        0  usart_com1.o(i.POW_Init)
    i.POW_Task                               0x08001700   Section        0  usart_com1.o(i.POW_Task)
    i.POW_TxCmd                              0x080017d8   Section        0  usart_com1.o(i.POW_TxCmd)
    i.PendSV_Handler                         0x080018b0   Section        0  stm32f4xx_it.o(i.PendSV_Handler)
    i.RCC_AHB1PeriphClockCmd                 0x080018b4   Section        0  stm32f4xx_rcc.o(i.RCC_AHB1PeriphClockCmd)
    i.RCC_APB1PeriphClockCmd                 0x080018d0   Section        0  stm32f4xx_rcc.o(i.RCC_APB1PeriphClockCmd)
    i.RCC_APB2PeriphClockCmd                 0x080018ec   Section        0  stm32f4xx_rcc.o(i.RCC_APB2PeriphClockCmd)
    i.RCC_GetClocksFreq                      0x08001908   Section        0  stm32f4xx_rcc.o(i.RCC_GetClocksFreq)
    i.SVC_Handler                            0x080019ac   Section        0  stm32f4xx_it.o(i.SVC_Handler)
    i.SetSysClock                            0x080019b0   Section        0  system_stm32f4xx.o(i.SetSysClock)
    SetSysClock                              0x080019b1   Thumb Code   196  system_stm32f4xx.o(i.SetSysClock)
    i.SetTimer                               0x08001a84   Section        0  systick.o(i.SetTimer)
    i.SysTick_Handler                        0x08001a9c   Section        0  systick.o(i.SysTick_Handler)
    i.SysTick_Init                           0x08001adc   Section        0  systick.o(i.SysTick_Init)
    i.SystemInit                             0x08001b44   Section        0  system_stm32f4xx.o(i.SystemInit)
    i.UART7_IRQHandler                       0x08001ba0   Section        0  usart_com3.o(i.UART7_IRQHandler)
    i.USART1_IRQHandler                      0x08001bf0   Section        0  modbus_svr.o(i.USART1_IRQHandler)
    i.USART2_IRQHandler                      0x08001c00   Section        0  usart_com4.o(i.USART2_IRQHandler)
    i.USART3_IRQHandler                      0x08001c50   Section        0  usart_com2.o(i.USART3_IRQHandler)
    i.USART6_IRQHandler                      0x08001ca0   Section        0  usart_com1.o(i.USART6_IRQHandler)
    i.USART_Cmd                              0x08001cf0   Section        0  stm32f4xx_usart.o(i.USART_Cmd)
    i.USART_GetFlagStatus                    0x08001d08   Section        0  stm32f4xx_usart.o(i.USART_GetFlagStatus)
    i.USART_GetITStatus                      0x08001d16   Section        0  stm32f4xx_usart.o(i.USART_GetITStatus)
    i.USART_ITConfig                         0x08001d56   Section        0  stm32f4xx_usart.o(i.USART_ITConfig)
    i.USART_Init                             0x08001d8c   Section        0  stm32f4xx_usart.o(i.USART_Init)
    i.USART_ReceiveData                      0x08001e48   Section        0  stm32f4xx_usart.o(i.USART_ReceiveData)
    i.USART_SendData                         0x08001e50   Section        0  stm32f4xx_usart.o(i.USART_SendData)
    i.UsageFault_Handler                     0x08001e58   Section        0  stm32f4xx_it.o(i.UsageFault_Handler)
    i.Usart_SendByte                         0x08001e5a   Section        0  mbsvr_comm.o(i.Usart_SendByte)
    i.Usart_SendBytes                        0x08001e72   Section        0  mbsvr_comm.o(i.Usart_SendBytes)
    i.Usart_SendString                       0x08001e8e   Section        0  mbsvr_comm.o(i.Usart_SendString)
    i.__0sprintf$6                           0x08001eb4   Section        0  printf6.o(i.__0sprintf$6)
    i.__scatterload_copy                     0x08001edc   Section       14  handlers.o(i.__scatterload_copy)
    i.__scatterload_null                     0x08001eea   Section        2  handlers.o(i.__scatterload_null)
    i.__scatterload_zeroinit                 0x08001eec   Section       14  handlers.o(i.__scatterload_zeroinit)
    i._printf_core                           0x08001efc   Section        0  printf6.o(i._printf_core)
    _printf_core                             0x08001efd   Thumb Code   748  printf6.o(i._printf_core)
    i._printf_post_padding                   0x080021ec   Section        0  printf6.o(i._printf_post_padding)
    _printf_post_padding                     0x080021ed   Thumb Code    36  printf6.o(i._printf_post_padding)
    i._printf_pre_padding                    0x08002210   Section        0  printf6.o(i._printf_pre_padding)
    _printf_pre_padding                      0x08002211   Thumb Code    46  printf6.o(i._printf_pre_padding)
    i._sputc                                 0x0800223e   Section        0  printf6.o(i._sputc)
    _sputc                                   0x0800223f   Thumb Code    10  printf6.o(i._sputc)
    i.main                                   0x08002248   Section        0  main.o(i.main)
    i.malloc                                 0x080022e0   Section        0  malloc.o(i.malloc)
    .constdata                               0x0800234c   Section      512  mbsvr_comm.o(.constdata)
    wCRCTable                                0x0800234c   Data         512  mbsvr_comm.o(.constdata)
    .data                                    0x20000000   Section       20  system_stm32f4xx.o(.data)
    .data                                    0x20000014   Section       16  stm32f4xx_rcc.o(.data)
    APBAHBPrescTable                         0x20000014   Data          16  stm32f4xx_rcc.o(.data)
    .data                                    0x20000024   Section        8  systick.o(.data)
    TimingDelay                              0x20000024   Data           4  systick.o(.data)
    .data                                    0x2000002c   Section       21  usart_com1.o(.data)
    .data                                    0x20000044   Section       44  usart_com2.o(.data)
    .data                                    0x20000070   Section      118  usart_com3.o(.data)
    .data                                    0x200000e8   Section       16  usart_com4.o(.data)
    .data                                    0x200000f8   Section        4  mvars.o(.data)
    .data                                    0x200000fc   Section        4  mvars.o(.data)
    .bss                                     0x20000100   Section      596  modbus_svr.o(.bss)
    .bss                                     0x20000354   Section       50  systick.o(.bss)
    .bss                                     0x20000388   Section      280  usart_com1.o(.bss)
    .bss                                     0x200004a0   Section      256  usart_com2.o(.bss)
    .bss                                     0x200005a0   Section      276  usart_com3.o(.bss)
    .bss                                     0x200006b4   Section      256  usart_com4.o(.bss)
    HEAP                                     0x200007b8   Section    20480  startup_stm32f429_439xx.o(HEAP)
    STACK                                    0x200057b8   Section     1024  startup_stm32f429_439xx.o(STACK)

    Global Symbols

    Symbol Name                              Value     Ov Type        Size  Object(Section)

    BuildAttributes$$THM_ISAv4$E$P$D$K$B$S$7EM$VFPi3$EXTD16$VFPS$VFMA$PE$A:L22UL41UL21$X:L11$S22US41US21$IEEE1$IW$USESV6$~STKCKD$USESV7$~SHL$OSPACE$ROPI$EBA8$MICROLIB$REQ8$PRES8$EABIv2 0x00000000   Number         0  anon$$obj.o ABSOLUTE
    __ARM_use_no_argv                        0x00000000   Number         0  main.o ABSOLUTE
    _printf_a                                0x00000000   Number         0  stubs.o ABSOLUTE
    _printf_c                                0x00000000   Number         0  stubs.o ABSOLUTE
    _printf_charcount                        0x00000000   Number         0  stubs.o ABSOLUTE
    _printf_d                                0x00000000   Number         0  stubs.o ABSOLUTE
    _printf_e                                0x00000000   Number         0  stubs.o ABSOLUTE
    _printf_f                                0x00000000   Number         0  stubs.o ABSOLUTE
    _printf_flags                            0x00000000   Number         0  stubs.o ABSOLUTE
    _printf_fp_dec                           0x00000000   Number         0  stubs.o ABSOLUTE
    _printf_fp_hex                           0x00000000   Number         0  stubs.o ABSOLUTE
    _printf_g                                0x00000000   Number         0  stubs.o ABSOLUTE
    _printf_i                                0x00000000   Number         0  stubs.o ABSOLUTE
    _printf_int_dec                          0x00000000   Number         0  stubs.o ABSOLUTE
    _printf_l                                0x00000000   Number         0  stubs.o ABSOLUTE
    _printf_lc                               0x00000000   Number         0  stubs.o ABSOLUTE
    _printf_ll                               0x00000000   Number         0  stubs.o ABSOLUTE
    _printf_lld                              0x00000000   Number         0  stubs.o ABSOLUTE
    _printf_lli                              0x00000000   Number         0  stubs.o ABSOLUTE
    _printf_llo                              0x00000000   Number         0  stubs.o ABSOLUTE
    _printf_llu                              0x00000000   Number         0  stubs.o ABSOLUTE
    _printf_llx                              0x00000000   Number         0  stubs.o ABSOLUTE
    _printf_longlong_dec                     0x00000000   Number         0  stubs.o ABSOLUTE
    _printf_longlong_hex                     0x00000000   Number         0  stubs.o ABSOLUTE
    _printf_longlong_oct                     0x00000000   Number         0  stubs.o ABSOLUTE
    _printf_ls                               0x00000000   Number         0  stubs.o ABSOLUTE
    _printf_mbtowc                           0x00000000   Number         0  stubs.o ABSOLUTE
    _printf_n                                0x00000000   Number         0  stubs.o ABSOLUTE
    _printf_o                                0x00000000   Number         0  stubs.o ABSOLUTE
    _printf_p                                0x00000000   Number         0  stubs.o ABSOLUTE
    _printf_percent                          0x00000000   Number         0  stubs.o ABSOLUTE
    _printf_pre_padding                      0x00000000   Number         0  stubs.o ABSOLUTE
    _printf_return_value                     0x00000000   Number         0  stubs.o ABSOLUTE
    _printf_s                                0x00000000   Number         0  stubs.o ABSOLUTE
    _printf_sizespec                         0x00000000   Number         0  stubs.o ABSOLUTE
    _printf_str                              0x00000000   Number         0  stubs.o ABSOLUTE
    _printf_truncate_signed                  0x00000000   Number         0  stubs.o ABSOLUTE
    _printf_truncate_unsigned                0x00000000   Number         0  stubs.o ABSOLUTE
    _printf_u                                0x00000000   Number         0  stubs.o ABSOLUTE
    _printf_wc                               0x00000000   Number         0  stubs.o ABSOLUTE
    _printf_wctomb                           0x00000000   Number         0  stubs.o ABSOLUTE
    _printf_widthprec                        0x00000000   Number         0  stubs.o ABSOLUTE
    _printf_x                                0x00000000   Number         0  stubs.o ABSOLUTE
    __cpp_initialize__aeabi_                  - Undefined Weak Reference
    __cxa_finalize                            - Undefined Weak Reference
    __decompress                              - Undefined Weak Reference
    _clock_init                               - Undefined Weak Reference
    _microlib_exit                            - Undefined Weak Reference
    __Vectors_Size                           0x000001ac   Number         0  startup_stm32f429_439xx.o ABSOLUTE
    __Vectors                                0x08000000   Data           4  startup_stm32f429_439xx.o(RESET)
    __Vectors_End                            0x080001ac   Data           0  startup_stm32f429_439xx.o(RESET)
    __main                                   0x080001ad   Thumb Code     0  entry.o(.ARM.Collect$$$$00000000)
    _main_stk                                0x080001ad   Thumb Code     0  entry2.o(.ARM.Collect$$$$00000001)
    _main_scatterload                        0x080001b1   Thumb Code     0  entry5.o(.ARM.Collect$$$$00000004)
    __main_after_scatterload                 0x080001b5   Thumb Code     0  entry5.o(.ARM.Collect$$$$00000004)
    _main_clock                              0x080001b5   Thumb Code     0  entry7b.o(.ARM.Collect$$$$00000008)
    _main_cpp_init                           0x080001b5   Thumb Code     0  entry8b.o(.ARM.Collect$$$$0000000A)
    _main_init                               0x080001b5   Thumb Code     0  entry9a.o(.ARM.Collect$$$$0000000B)
    __rt_final_cpp                           0x080001bd   Thumb Code     0  entry10a.o(.ARM.Collect$$$$0000000D)
    __rt_final_exit                          0x080001bd   Thumb Code     0  entry11a.o(.ARM.Collect$$$$0000000F)
    Reset_Handler                            0x080001c1   Thumb Code     8  startup_stm32f429_439xx.o(.text)
    ADC_IRQHandler                           0x080001db   Thumb Code     0  startup_stm32f429_439xx.o(.text)
    CAN1_RX0_IRQHandler                      0x080001db   Thumb Code     0  startup_stm32f429_439xx.o(.text)
    CAN1_RX1_IRQHandler                      0x080001db   Thumb Code     0  startup_stm32f429_439xx.o(.text)
    CAN1_SCE_IRQHandler                      0x080001db   Thumb Code     0  startup_stm32f429_439xx.o(.text)
    CAN1_TX_IRQHandler                       0x080001db   Thumb Code     0  startup_stm32f429_439xx.o(.text)
    CAN2_RX0_IRQHandler                      0x080001db   Thumb Code     0  startup_stm32f429_439xx.o(.text)
    CAN2_RX1_IRQHandler                      0x080001db   Thumb Code     0  startup_stm32f429_439xx.o(.text)
    CAN2_SCE_IRQHandler                      0x080001db   Thumb Code     0  startup_stm32f429_439xx.o(.text)
    CAN2_TX_IRQHandler                       0x080001db   Thumb Code     0  startup_stm32f429_439xx.o(.text)
    CRYP_IRQHandler                          0x080001db   Thumb Code     0  startup_stm32f429_439xx.o(.text)
    DCMI_IRQHandler                          0x080001db   Thumb Code     0  startup_stm32f429_439xx.o(.text)
    DMA1_Stream0_IRQHandler                  0x080001db   Thumb Code     0  startup_stm32f429_439xx.o(.text)
    DMA1_Stream1_IRQHandler                  0x080001db   Thumb Code     0  startup_stm32f429_439xx.o(.text)
    DMA1_Stream2_IRQHandler                  0x080001db   Thumb Code     0  startup_stm32f429_439xx.o(.text)
    DMA1_Stream3_IRQHandler                  0x080001db   Thumb Code     0  startup_stm32f429_439xx.o(.text)
    DMA1_Stream4_IRQHandler                  0x080001db   Thumb Code     0  startup_stm32f429_439xx.o(.text)
    DMA1_Stream5_IRQHandler                  0x080001db   Thumb Code     0  startup_stm32f429_439xx.o(.text)
    DMA1_Stream6_IRQHandler                  0x080001db   Thumb Code     0  startup_stm32f429_439xx.o(.text)
    DMA1_Stream7_IRQHandler                  0x080001db   Thumb Code     0  startup_stm32f429_439xx.o(.text)
    DMA2D_IRQHandler                         0x080001db   Thumb Code     0  startup_stm32f429_439xx.o(.text)
    DMA2_Stream0_IRQHandler                  0x080001db   Thumb Code     0  startup_stm32f429_439xx.o(.text)
    DMA2_Stream1_IRQHandler                  0x080001db   Thumb Code     0  startup_stm32f429_439xx.o(.text)
    DMA2_Stream2_IRQHandler                  0x080001db   Thumb Code     0  startup_stm32f429_439xx.o(.text)
    DMA2_Stream3_IRQHandler                  0x080001db   Thumb Code     0  startup_stm32f429_439xx.o(.text)
    DMA2_Stream4_IRQHandler                  0x080001db   Thumb Code     0  startup_stm32f429_439xx.o(.text)
    DMA2_Stream5_IRQHandler                  0x080001db   Thumb Code     0  startup_stm32f429_439xx.o(.text)
    DMA2_Stream6_IRQHandler                  0x080001db   Thumb Code     0  startup_stm32f429_439xx.o(.text)
    DMA2_Stream7_IRQHandler                  0x080001db   Thumb Code     0  startup_stm32f429_439xx.o(.text)
    ETH_IRQHandler                           0x080001db   Thumb Code     0  startup_stm32f429_439xx.o(.text)
    ETH_WKUP_IRQHandler                      0x080001db   Thumb Code     0  startup_stm32f429_439xx.o(.text)
    EXTI0_IRQHandler                         0x080001db   Thumb Code     0  startup_stm32f429_439xx.o(.text)
    EXTI15_10_IRQHandler                     0x080001db   Thumb Code     0  startup_stm32f429_439xx.o(.text)
    EXTI1_IRQHandler                         0x080001db   Thumb Code     0  startup_stm32f429_439xx.o(.text)
    EXTI2_IRQHandler                         0x080001db   Thumb Code     0  startup_stm32f429_439xx.o(.text)
    EXTI3_IRQHandler                         0x080001db   Thumb Code     0  startup_stm32f429_439xx.o(.text)
    EXTI4_IRQHandler                         0x080001db   Thumb Code     0  startup_stm32f429_439xx.o(.text)
    EXTI9_5_IRQHandler                       0x080001db   Thumb Code     0  startup_stm32f429_439xx.o(.text)
    FLASH_IRQHandler                         0x080001db   Thumb Code     0  startup_stm32f429_439xx.o(.text)
    FMC_IRQHandler                           0x080001db   Thumb Code     0  startup_stm32f429_439xx.o(.text)
    FPU_IRQHandler                           0x080001db   Thumb Code     0  startup_stm32f429_439xx.o(.text)
    HASH_RNG_IRQHandler                      0x080001db   Thumb Code     0  startup_stm32f429_439xx.o(.text)
    I2C1_ER_IRQHandler                       0x080001db   Thumb Code     0  startup_stm32f429_439xx.o(.text)
    I2C1_EV_IRQHandler                       0x080001db   Thumb Code     0  startup_stm32f429_439xx.o(.text)
    I2C2_ER_IRQHandler                       0x080001db   Thumb Code     0  startup_stm32f429_439xx.o(.text)
    I2C2_EV_IRQHandler                       0x080001db   Thumb Code     0  startup_stm32f429_439xx.o(.text)
    I2C3_ER_IRQHandler                       0x080001db   Thumb Code     0  startup_stm32f429_439xx.o(.text)
    I2C3_EV_IRQHandler                       0x080001db   Thumb Code     0  startup_stm32f429_439xx.o(.text)
    LTDC_ER_IRQHandler                       0x080001db   Thumb Code     0  startup_stm32f429_439xx.o(.text)
    LTDC_IRQHandler                          0x080001db   Thumb Code     0  startup_stm32f429_439xx.o(.text)
    OTG_FS_IRQHandler                        0x080001db   Thumb Code     0  startup_stm32f429_439xx.o(.text)
    OTG_FS_WKUP_IRQHandler                   0x080001db   Thumb Code     0  startup_stm32f429_439xx.o(.text)
    OTG_HS_EP1_IN_IRQHandler                 0x080001db   Thumb Code     0  startup_stm32f429_439xx.o(.text)
    OTG_HS_EP1_OUT_IRQHandler                0x080001db   Thumb Code     0  startup_stm32f429_439xx.o(.text)
    OTG_HS_IRQHandler                        0x080001db   Thumb Code     0  startup_stm32f429_439xx.o(.text)
    OTG_HS_WKUP_IRQHandler                   0x080001db   Thumb Code     0  startup_stm32f429_439xx.o(.text)
    PVD_IRQHandler                           0x080001db   Thumb Code     0  startup_stm32f429_439xx.o(.text)
    RCC_IRQHandler                           0x080001db   Thumb Code     0  startup_stm32f429_439xx.o(.text)
    RTC_Alarm_IRQHandler                     0x080001db   Thumb Code     0  startup_stm32f429_439xx.o(.text)
    RTC_WKUP_IRQHandler                      0x080001db   Thumb Code     0  startup_stm32f429_439xx.o(.text)
    SAI1_IRQHandler                          0x080001db   Thumb Code     0  startup_stm32f429_439xx.o(.text)
    SDIO_IRQHandler                          0x080001db   Thumb Code     0  startup_stm32f429_439xx.o(.text)
    SPI1_IRQHandler                          0x080001db   Thumb Code     0  startup_stm32f429_439xx.o(.text)
    SPI2_IRQHandler                          0x080001db   Thumb Code     0  startup_stm32f429_439xx.o(.text)
    SPI3_IRQHandler                          0x080001db   Thumb Code     0  startup_stm32f429_439xx.o(.text)
    SPI4_IRQHandler                          0x080001db   Thumb Code     0  startup_stm32f429_439xx.o(.text)
    SPI5_IRQHandler                          0x080001db   Thumb Code     0  startup_stm32f429_439xx.o(.text)
    SPI6_IRQHandler                          0x080001db   Thumb Code     0  startup_stm32f429_439xx.o(.text)
    TAMP_STAMP_IRQHandler                    0x080001db   Thumb Code     0  startup_stm32f429_439xx.o(.text)
    TIM1_BRK_TIM9_IRQHandler                 0x080001db   Thumb Code     0  startup_stm32f429_439xx.o(.text)
    TIM1_CC_IRQHandler                       0x080001db   Thumb Code     0  startup_stm32f429_439xx.o(.text)
    TIM1_TRG_COM_TIM11_IRQHandler            0x080001db   Thumb Code     0  startup_stm32f429_439xx.o(.text)
    TIM1_UP_TIM10_IRQHandler                 0x080001db   Thumb Code     0  startup_stm32f429_439xx.o(.text)
    TIM2_IRQHandler                          0x080001db   Thumb Code     0  startup_stm32f429_439xx.o(.text)
    TIM3_IRQHandler                          0x080001db   Thumb Code     0  startup_stm32f429_439xx.o(.text)
    TIM4_IRQHandler                          0x080001db   Thumb Code     0  startup_stm32f429_439xx.o(.text)
    TIM5_IRQHandler                          0x080001db   Thumb Code     0  startup_stm32f429_439xx.o(.text)
    TIM6_DAC_IRQHandler                      0x080001db   Thumb Code     0  startup_stm32f429_439xx.o(.text)
    TIM7_IRQHandler                          0x080001db   Thumb Code     0  startup_stm32f429_439xx.o(.text)
    TIM8_BRK_TIM12_IRQHandler                0x080001db   Thumb Code     0  startup_stm32f429_439xx.o(.text)
    TIM8_CC_IRQHandler                       0x080001db   Thumb Code     0  startup_stm32f429_439xx.o(.text)
    TIM8_TRG_COM_TIM14_IRQHandler            0x080001db   Thumb Code     0  startup_stm32f429_439xx.o(.text)
    TIM8_UP_TIM13_IRQHandler                 0x080001db   Thumb Code     0  startup_stm32f429_439xx.o(.text)
    UART4_IRQHandler                         0x080001db   Thumb Code     0  startup_stm32f429_439xx.o(.text)
    UART5_IRQHandler                         0x080001db   Thumb Code     0  startup_stm32f429_439xx.o(.text)
    UART8_IRQHandler                         0x080001db   Thumb Code     0  startup_stm32f429_439xx.o(.text)
    WWDG_IRQHandler                          0x080001db   Thumb Code     0  startup_stm32f429_439xx.o(.text)
    __aeabi_memcpy                           0x080001e5   Thumb Code    36  memcpya.o(.text)
    __aeabi_memcpy4                          0x080001e5   Thumb Code     0  memcpya.o(.text)
    __aeabi_memcpy8                          0x080001e5   Thumb Code     0  memcpya.o(.text)
    __aeabi_uidiv                            0x08000209   Thumb Code     0  uidiv.o(.text)
    __aeabi_uidivmod                         0x08000209   Thumb Code    44  uidiv.o(.text)
    __scatterload                            0x08000235   Thumb Code    28  init.o(.text)
    __scatterload_rt2                        0x08000235   Thumb Code     0  init.o(.text)
    BusFault_Handler                         0x08000259   Thumb Code     2  stm32f4xx_it.o(i.BusFault_Handler)
    CRC16                                    0x0800025d   Thumb Code    36  mbsvr_comm.o(i.CRC16)
    DebugMon_Handler                         0x08000285   Thumb Code     2  stm32f4xx_it.o(i.DebugMon_Handler)
    ELC_Init                                 0x08000331   Thumb Code    62  usart_com3.o(i.ELC_Init)
    ELC_Task                                 0x08000379   Thumb Code   176  usart_com3.o(i.ELC_Task)
    ELC_TxCmd                                0x08000435   Thumb Code   298  usart_com3.o(i.ELC_TxCmd)
    FLASH_ClearFlag                          0x0800056d   Thumb Code     6  stm32f4xx_flash.o(i.FLASH_ClearFlag)
    FLASH_EraseSector                        0x08000579   Thumb Code   106  stm32f4xx_flash.o(i.FLASH_EraseSector)
    FLASH_GetStatus                          0x080005e9   Thumb Code    56  stm32f4xx_flash.o(i.FLASH_GetStatus)
    FLASH_Lock                               0x08000625   Thumb Code    12  stm32f4xx_flash.o(i.FLASH_Lock)
    FLASH_ProgramHalfWord                    0x08000635   Thumb Code    56  stm32f4xx_flash.o(i.FLASH_ProgramHalfWord)
    FLASH_Unlock                             0x08000671   Thumb Code    22  stm32f4xx_flash.o(i.FLASH_Unlock)
    FLASH_WaitForLastOperation               0x08000695   Thumb Code    34  stm32f4xx_flash.o(i.FLASH_WaitForLastOperation)
    Flash_GetSector                          0x080006b9   Thumb Code   146  bsp_innerflash.o(i.Flash_GetSector)
    Flash_Read16BitDatas                     0x08000775   Thumb Code    24  bsp_innerflash.o(i.Flash_Read16BitDatas)
    Flash_Write16BitDatas                    0x0800078d   Thumb Code   100  bsp_innerflash.o(i.Flash_Write16BitDatas)
    GPIO_Config                              0x080007f1   Thumb Code    78  gpio.o(i.GPIO_Config)
    GPIO_Init                                0x08000845   Thumb Code   124  stm32f4xx_gpio.o(i.GPIO_Init)
    GPIO_PinAFConfig                         0x080008c1   Thumb Code    32  stm32f4xx_gpio.o(i.GPIO_PinAFConfig)
    GPIO_SetBits                             0x080008e1   Thumb Code     4  stm32f4xx_gpio.o(i.GPIO_SetBits)
    GetCurTick                               0x080008e5   Thumb Code     6  systick.o(i.GetCurTick)
    GetTimer                                 0x080008f1   Thumb Code    34  systick.o(i.GetTimer)
    HardFault_Handler                        0x08000919   Thumb Code     2  stm32f4xx_it.o(i.HardFault_Handler)
    INS_Init                                 0x080009c5   Thumb Code    58  usart_com4.o(i.INS_Init)
    INS_Task                                 0x08000a09   Thumb Code    84  usart_com4.o(i.INS_Task)
    INS_TxCmd                                0x08000a69   Thumb Code    42  usart_com4.o(i.INS_TxCmd)
    IWDG_Configuration                       0x08000aa1   Thumb Code    36  gpio.o(i.IWDG_Configuration)
    IWDG_Enable                              0x08000ac5   Thumb Code    10  stm32f4xx_iwdg.o(i.IWDG_Enable)
    IWDG_Feed                                0x08000ad5   Thumb Code    10  gpio.o(i.IWDG_Feed)
    IWDG_ReloadCounter                       0x08000ae5   Thumb Code    10  stm32f4xx_iwdg.o(i.IWDG_ReloadCounter)
    IWDG_SetPrescaler                        0x08000af5   Thumb Code     6  stm32f4xx_iwdg.o(i.IWDG_SetPrescaler)
    IWDG_SetReload                           0x08000b01   Thumb Code     6  stm32f4xx_iwdg.o(i.IWDG_SetReload)
    IWDG_WriteAccessCmd                      0x08000b0d   Thumb Code     6  stm32f4xx_iwdg.o(i.IWDG_WriteAccessCmd)
    MOT_Init                                 0x08000c69   Thumb Code    82  usart_com2.o(i.MOT_Init)
    MOT_Task                                 0x08000cc5   Thumb Code   130  usart_com2.o(i.MOT_Task)
    MOT_TxCmd                                0x08000d55   Thumb Code   172  usart_com2.o(i.MOT_TxCmd)
    MemManage_Handler                        0x08000e0d   Thumb Code     2  stm32f4xx_it.o(i.MemManage_Handler)
    ModbusSvr_NVIC_Configuration             0x08000e0f   Thumb Code    40  mbsvr_comm.o(i.ModbusSvr_NVIC_Configuration)
    ModbusSvr_block_init                     0x08000e39   Thumb Code   472  mbsvr_comm.o(i.ModbusSvr_block_init)
    ModbusSvr_isr                            0x0800104f   Thumb Code   104  mbsvr_comm.o(i.ModbusSvr_isr)
    ModbusSvr_procotol_chain                 0x080010f1   Thumb Code   734  mbsvr_comm.o(i.ModbusSvr_procotol_chain)
    ModbusSvr_save_para                      0x080013d1   Thumb Code    42  mbsvr_comm.o(i.ModbusSvr_save_para)
    ModbusSvr_task                           0x08001401   Thumb Code   126  mbsvr_comm.o(i.ModbusSvr_task)
    ModbusTimer                              0x08001481   Thumb Code    14  modbus_svr.o(i.ModbusTimer)
    Modbus_init                              0x08001495   Thumb Code   106  modbus_svr.o(i.Modbus_init)
    Modbus_task                              0x08001589   Thumb Code     8  modbus_svr.o(i.Modbus_task)
    NMI_Handler                              0x08001599   Thumb Code     2  stm32f4xx_it.o(i.NMI_Handler)
    NVIC_Init                                0x0800159d   Thumb Code    98  misc.o(i.NVIC_Init)
    NVIC_PriorityGroupConfig                 0x08001605   Thumb Code    10  misc.o(i.NVIC_PriorityGroupConfig)
    POW_Init                                 0x080016c1   Thumb Code    56  usart_com1.o(i.POW_Init)
    POW_Task                                 0x08001701   Thumb Code   198  usart_com1.o(i.POW_Task)
    POW_TxCmd                                0x080017d9   Thumb Code   198  usart_com1.o(i.POW_TxCmd)
    PendSV_Handler                           0x080018b1   Thumb Code     2  stm32f4xx_it.o(i.PendSV_Handler)
    RCC_AHB1PeriphClockCmd                   0x080018b5   Thumb Code    22  stm32f4xx_rcc.o(i.RCC_AHB1PeriphClockCmd)
    RCC_APB1PeriphClockCmd                   0x080018d1   Thumb Code    22  stm32f4xx_rcc.o(i.RCC_APB1PeriphClockCmd)
    RCC_APB2PeriphClockCmd                   0x080018ed   Thumb Code    22  stm32f4xx_rcc.o(i.RCC_APB2PeriphClockCmd)
    RCC_GetClocksFreq                        0x08001909   Thumb Code   148  stm32f4xx_rcc.o(i.RCC_GetClocksFreq)
    SVC_Handler                              0x080019ad   Thumb Code     2  stm32f4xx_it.o(i.SVC_Handler)
    SetTimer                                 0x08001a85   Thumb Code    20  systick.o(i.SetTimer)
    SysTick_Handler                          0x08001a9d   Thumb Code    54  systick.o(i.SysTick_Handler)
    SysTick_Init                             0x08001add   Thumb Code    90  systick.o(i.SysTick_Init)
    SystemInit                               0x08001b45   Thumb Code    74  system_stm32f4xx.o(i.SystemInit)
    UART7_IRQHandler                         0x08001ba1   Thumb Code    66  usart_com3.o(i.UART7_IRQHandler)
    USART1_IRQHandler                        0x08001bf1   Thumb Code     8  modbus_svr.o(i.USART1_IRQHandler)
    USART2_IRQHandler                        0x08001c01   Thumb Code    66  usart_com4.o(i.USART2_IRQHandler)
    USART3_IRQHandler                        0x08001c51   Thumb Code    66  usart_com2.o(i.USART3_IRQHandler)
    USART6_IRQHandler                        0x08001ca1   Thumb Code    66  usart_com1.o(i.USART6_IRQHandler)
    USART_Cmd                                0x08001cf1   Thumb Code    24  stm32f4xx_usart.o(i.USART_Cmd)
    USART_GetFlagStatus                      0x08001d09   Thumb Code    14  stm32f4xx_usart.o(i.USART_GetFlagStatus)
    USART_GetITStatus                        0x08001d17   Thumb Code    64  stm32f4xx_usart.o(i.USART_GetITStatus)
    USART_ITConfig                           0x08001d57   Thumb Code    54  stm32f4xx_usart.o(i.USART_ITConfig)
    USART_Init                               0x08001d8d   Thumb Code   180  stm32f4xx_usart.o(i.USART_Init)
    USART_ReceiveData                        0x08001e49   Thumb Code     8  stm32f4xx_usart.o(i.USART_ReceiveData)
    USART_SendData                           0x08001e51   Thumb Code     8  stm32f4xx_usart.o(i.USART_SendData)
    UsageFault_Handler                       0x08001e59   Thumb Code     2  stm32f4xx_it.o(i.UsageFault_Handler)
    Usart_SendByte                           0x08001e5b   Thumb Code    24  mbsvr_comm.o(i.Usart_SendByte)
    Usart_SendBytes                          0x08001e73   Thumb Code    28  mbsvr_comm.o(i.Usart_SendBytes)
    Usart_SendString                         0x08001e8f   Thumb Code    38  mbsvr_comm.o(i.Usart_SendString)
    __0sprintf$6                             0x08001eb5   Thumb Code    34  printf6.o(i.__0sprintf$6)
    __1sprintf$6                             0x08001eb5   Thumb Code     0  printf6.o(i.__0sprintf$6)
    __2sprintf                               0x08001eb5   Thumb Code     0  printf6.o(i.__0sprintf$6)
    __scatterload_copy                       0x08001edd   Thumb Code    14  handlers.o(i.__scatterload_copy)
    __scatterload_null                       0x08001eeb   Thumb Code     2  handlers.o(i.__scatterload_null)
    __scatterload_zeroinit                   0x08001eed   Thumb Code    14  handlers.o(i.__scatterload_zeroinit)
    main                                     0x08002249   Thumb Code   144  main.o(i.main)
    malloc                                   0x080022e1   Thumb Code    92  malloc.o(i.malloc)
    Region$$Table$$Base                      0x0800254c   Number         0  anon$$obj.o(Region$$Table)
    Region$$Table$$Limit                     0x0800256c   Number         0  anon$$obj.o(Region$$Table)
    SystemCoreClock                          0x20000000   Data           4  system_stm32f4xx.o(.data)
    AHBPrescTable                            0x20000004   Data          16  system_stm32f4xx.o(.data)
    nlTicks                                  0x20000028   Data           4  systick.o(.data)
    POW_Frame_len                            0x2000002c   Data           1  usart_com1.o(.data)
    uCurPowNo                                0x2000002d   Data           1  usart_com1.o(.data)
    POW_curptr                               0x2000002e   Data           1  usart_com1.o(.data)
    POW_bRecv                                0x2000002f   Data           1  usart_com1.o(.data)
    POW_Txbuf                                0x20000030   Data           8  usart_com1.o(.data)
    POW_Swbuf                                0x20000038   Data           9  usart_com1.o(.data)
    MOT_frame_len                            0x20000044   Data           1  usart_com2.o(.data)
    MOT_curptr                               0x20000045   Data           1  usart_com2.o(.data)
    MOT_bRecv                                0x20000046   Data           1  usart_com2.o(.data)
    ulMOTTick                                0x20000048   Data           4  usart_com2.o(.data)
    MOT_frame                                0x2000004c   Data           8  usart_com2.o(.data)
    MOT_WrFrame                              0x20000054   Data           8  usart_com2.o(.data)
    bNoSend                                  0x2000005c   Data          20  usart_com2.o(.data)
    ELC_frame_len                            0x20000070   Data           1  usart_com3.o(.data)
    ELC_curptr                               0x20000071   Data           1  usart_com3.o(.data)
    ELC_bRecv                                0x20000072   Data           1  usart_com3.o(.data)
    nCurBoard                                0x20000074   Data           4  usart_com3.o(.data)
    status                                   0x20000078   Data           4  usart_com3.o(.data)
    ELC_frame                                0x2000007c   Data           8  usart_com3.o(.data)
    ELC_WrFrame                              0x20000084   Data           8  usart_com3.o(.data)
    elcpara                                  0x2000008c   Data          80  usart_com3.o(.data)
    nElcStatus                               0x200000dc   Data          10  usart_com3.o(.data)
    INS_curptr                               0x200000e8   Data           1  usart_com4.o(.data)
    INS_bRecv                                0x200000e9   Data           1  usart_com4.o(.data)
    INS_frame_len                            0x200000ea   Data           1  usart_com4.o(.data)
    ulINSTick                                0x200000ec   Data           4  usart_com4.o(.data)
    INS_frame                                0x200000f0   Data           8  usart_com4.o(.data)
    __microlib_freelist                      0x200000f8   Data           4  mvars.o(.data)
    __microlib_freelist_initialised          0x200000fc   Data           4  mvars.o(.data)
    mblock1                                  0x20000100   Data         596  modbus_svr.o(.bss)
    TimePre                                  0x20000354   Data          20  systick.o(.bss)
    TimeCur                                  0x20000368   Data          20  systick.o(.bss)
    TimerFlag                                0x2000037c   Data          10  systick.o(.bss)
    POW_buffer                               0x20000388   Data         256  usart_com1.o(.bss)
    uPowerStatus                             0x20000488   Data          12  usart_com1.o(.bss)
    ulPowTicks                               0x20000494   Data          12  usart_com1.o(.bss)
    MOT_buffer                               0x200004a0   Data         256  usart_com2.o(.bss)
    ulELCTick                                0x200005a0   Data          20  usart_com3.o(.bss)
    ELC_buffer                               0x200005b4   Data         256  usart_com3.o(.bss)
    INS_buffer                               0x200006b4   Data         256  usart_com4.o(.bss)
    __heap_base                              0x200007b8   Data           0  startup_stm32f429_439xx.o(HEAP)
    __heap_limit                             0x200057b8   Data           0  startup_stm32f429_439xx.o(HEAP)
    __initial_sp                             0x20005bb8   Data           0  startup_stm32f429_439xx.o(STACK)



==============================================================================

Memory Map of the image

  Image Entry point : 0x080001ad

  Load Region LR_IROM1 (Base: 0x08000000, Size: 0x0000266c, Max: 0x00100000, ABSOLUTE)

    Execution Region ER_IROM1 (Base: 0x08000000, Size: 0x0000256c, Max: 0x00100000, ABSOLUTE)

    Base Addr    Size         Type   Attr      Idx    E Section Name        Object

    0x08000000   0x000001ac   Data   RO            3    RESET               startup_stm32f429_439xx.o
    0x080001ac   0x00000000   Code   RO         5817  * .ARM.Collect$$$$00000000  mc_w.l(entry.o)
    0x080001ac   0x00000004   Code   RO         6113    .ARM.Collect$$$$00000001  mc_w.l(entry2.o)
    0x080001b0   0x00000004   Code   RO         6116    .ARM.Collect$$$$00000004  mc_w.l(entry5.o)
    0x080001b4   0x00000000   Code   RO         6118    .ARM.Collect$$$$00000008  mc_w.l(entry7b.o)
    0x080001b4   0x00000000   Code   RO         6120    .ARM.Collect$$$$0000000A  mc_w.l(entry8b.o)
    0x080001b4   0x00000008   Code   RO         6121    .ARM.Collect$$$$0000000B  mc_w.l(entry9a.o)
    0x080001bc   0x00000000   Code   RO         6123    .ARM.Collect$$$$0000000D  mc_w.l(entry10a.o)
    0x080001bc   0x00000000   Code   RO         6125    .ARM.Collect$$$$0000000F  mc_w.l(entry11a.o)
    0x080001bc   0x00000004   Code   RO         6114    .ARM.Collect$$$$00002712  mc_w.l(entry2.o)
    0x080001c0   0x00000024   Code   RO            4    .text               startup_stm32f429_439xx.o
    0x080001e4   0x00000024   Code   RO         5820    .text               mc_w.l(memcpya.o)
    0x08000208   0x0000002c   Code   RO         6130    .text               mc_w.l(uidiv.o)
    0x08000234   0x00000024   Code   RO         6147    .text               mc_w.l(init.o)
    0x08000258   0x00000002   Code   RO         5213    i.BusFault_Handler  stm32f4xx_it.o
    0x0800025a   0x00000002   PAD
    0x0800025c   0x00000028   Code   RO         5507    i.CRC16             mbsvr_comm.o
    0x08000284   0x00000002   Code   RO         5214    i.DebugMon_Handler  stm32f4xx_it.o
    0x08000286   0x00000002   PAD
    0x08000288   0x000000a8   Code   RO         5715    i.ELC_Config        usart_com3.o
    0x08000330   0x00000048   Code   RO         5716    i.ELC_Init          usart_com3.o
    0x08000378   0x000000bc   Code   RO         5717    i.ELC_Task          usart_com3.o
    0x08000434   0x00000138   Code   RO         5718    i.ELC_TxCmd         usart_com3.o
    0x0800056c   0x0000000c   Code   RO         1550    i.FLASH_ClearFlag   stm32f4xx_flash.o
    0x08000578   0x00000070   Code   RO         1556    i.FLASH_EraseSector  stm32f4xx_flash.o
    0x080005e8   0x0000003c   Code   RO         1558    i.FLASH_GetStatus   stm32f4xx_flash.o
    0x08000624   0x00000010   Code   RO         1562    i.FLASH_Lock        stm32f4xx_flash.o
    0x08000634   0x0000003c   Code   RO         1585    i.FLASH_ProgramHalfWord  stm32f4xx_flash.o
    0x08000670   0x00000024   Code   RO         1588    i.FLASH_Unlock      stm32f4xx_flash.o
    0x08000694   0x00000022   Code   RO         1589    i.FLASH_WaitForLastOperation  stm32f4xx_flash.o
    0x080006b6   0x00000002   PAD
    0x080006b8   0x000000bc   Code   RO         5442    i.Flash_GetSector   bsp_innerflash.o
    0x08000774   0x00000018   Code   RO         5443    i.Flash_Read16BitDatas  bsp_innerflash.o
    0x0800078c   0x00000064   Code   RO         5446    i.Flash_Write16BitDatas  bsp_innerflash.o
    0x080007f0   0x00000054   Code   RO         5282    i.GPIO_Config       gpio.o
    0x08000844   0x0000007c   Code   RO         2046    i.GPIO_Init         stm32f4xx_gpio.o
    0x080008c0   0x00000020   Code   RO         2047    i.GPIO_PinAFConfig  stm32f4xx_gpio.o
    0x080008e0   0x00000004   Code   RO         2054    i.GPIO_SetBits      stm32f4xx_gpio.o
    0x080008e4   0x0000000c   Code   RO         5380    i.GetCurTick        systick.o
    0x080008f0   0x00000028   Code   RO         5381    i.GetTimer          systick.o
    0x08000918   0x00000002   Code   RO         5215    i.HardFault_Handler  stm32f4xx_it.o
    0x0800091a   0x00000002   PAD
    0x0800091c   0x000000a8   Code   RO         5768    i.INS_Config        usart_com4.o
    0x080009c4   0x00000044   Code   RO         5769    i.INS_Init          usart_com4.o
    0x08000a08   0x00000060   Code   RO         5770    i.INS_Task          usart_com4.o
    0x08000a68   0x00000038   Code   RO         5771    i.INS_TxCmd         usart_com4.o
    0x08000aa0   0x00000024   Code   RO         5283    i.IWDG_Configuration  gpio.o
    0x08000ac4   0x00000010   Code   RO         2561    i.IWDG_Enable       stm32f4xx_iwdg.o
    0x08000ad4   0x00000010   Code   RO         5284    i.IWDG_Feed         gpio.o
    0x08000ae4   0x00000010   Code   RO         2563    i.IWDG_ReloadCounter  stm32f4xx_iwdg.o
    0x08000af4   0x0000000c   Code   RO         2564    i.IWDG_SetPrescaler  stm32f4xx_iwdg.o
    0x08000b00   0x0000000c   Code   RO         2565    i.IWDG_SetReload    stm32f4xx_iwdg.o
    0x08000b0c   0x0000000c   Code   RO         2566    i.IWDG_WriteAccessCmd  stm32f4xx_iwdg.o
    0x08000b18   0x000000a8   Code   RO         5319    i.MODBUS_Config     modbus_svr.o
    0x08000bc0   0x000000a8   Code   RO         5662    i.MOT_Config        usart_com2.o
    0x08000c68   0x0000005c   Code   RO         5663    i.MOT_Init          usart_com2.o
    0x08000cc4   0x00000090   Code   RO         5664    i.MOT_Task          usart_com2.o
    0x08000d54   0x000000b8   Code   RO         5665    i.MOT_TxCmd         usart_com2.o
    0x08000e0c   0x00000002   Code   RO         5216    i.MemManage_Handler  stm32f4xx_it.o
    0x08000e0e   0x00000028   Code   RO         5508    i.ModbusSvr_NVIC_Configuration  mbsvr_comm.o
    0x08000e36   0x00000002   PAD
    0x08000e38   0x000001dc   Code   RO         5509    i.ModbusSvr_block_init  mbsvr_comm.o
    0x08001014   0x0000003a   Code   RO         5510    i.ModbusSvr_error_respose  mbsvr_comm.o
    0x0800104e   0x00000068   Code   RO         5511    i.ModbusSvr_isr     mbsvr_comm.o
    0x080010b6   0x0000003a   Code   RO         5512    i.ModbusSvr_normal_respose  mbsvr_comm.o
    0x080010f0   0x000002de   Code   RO         5513    i.ModbusSvr_procotol_chain  mbsvr_comm.o
    0x080013ce   0x00000002   PAD
    0x080013d0   0x00000030   Code   RO         5514    i.ModbusSvr_save_para  mbsvr_comm.o
    0x08001400   0x0000007e   Code   RO         5515    i.ModbusSvr_task    mbsvr_comm.o
    0x0800147e   0x00000002   PAD
    0x08001480   0x00000014   Code   RO         5320    i.ModbusTimer       modbus_svr.o
    0x08001494   0x000000f4   Code   RO         5321    i.Modbus_init       modbus_svr.o
    0x08001588   0x00000010   Code   RO         5322    i.Modbus_task       modbus_svr.o
    0x08001598   0x00000002   Code   RO         5217    i.NMI_Handler       stm32f4xx_it.o
    0x0800159a   0x00000002   PAD
    0x0800159c   0x00000068   Code   RO          164    i.NVIC_Init         misc.o
    0x08001604   0x00000014   Code   RO          165    i.NVIC_PriorityGroupConfig  misc.o
    0x08001618   0x000000a8   Code   RO         5606    i.POW_Config        usart_com1.o
    0x080016c0   0x00000040   Code   RO         5607    i.POW_Init          usart_com1.o
    0x08001700   0x000000d8   Code   RO         5608    i.POW_Task          usart_com1.o
    0x080017d8   0x000000d8   Code   RO         5609    i.POW_TxCmd         usart_com1.o
    0x080018b0   0x00000002   Code   RO         5218    i.PendSV_Handler    stm32f4xx_it.o
    0x080018b2   0x00000002   PAD
    0x080018b4   0x0000001c   Code   RO         2960    i.RCC_AHB1PeriphClockCmd  stm32f4xx_rcc.o
    0x080018d0   0x0000001c   Code   RO         2969    i.RCC_APB1PeriphClockCmd  stm32f4xx_rcc.o
    0x080018ec   0x0000001c   Code   RO         2972    i.RCC_APB2PeriphClockCmd  stm32f4xx_rcc.o
    0x08001908   0x000000a4   Code   RO         2981    i.RCC_GetClocksFreq  stm32f4xx_rcc.o
    0x080019ac   0x00000002   Code   RO         5219    i.SVC_Handler       stm32f4xx_it.o
    0x080019ae   0x00000002   PAD
    0x080019b0   0x000000d4   Code   RO           13    i.SetSysClock       system_stm32f4xx.o
    0x08001a84   0x00000018   Code   RO         5382    i.SetTimer          systick.o
    0x08001a9c   0x00000040   Code   RO         5383    i.SysTick_Handler   systick.o
    0x08001adc   0x00000068   Code   RO         5384    i.SysTick_Init      systick.o
    0x08001b44   0x0000005c   Code   RO           15    i.SystemInit        system_stm32f4xx.o
    0x08001ba0   0x00000050   Code   RO         5719    i.UART7_IRQHandler  usart_com3.o
    0x08001bf0   0x00000010   Code   RO         5323    i.USART1_IRQHandler  modbus_svr.o
    0x08001c00   0x00000050   Code   RO         5772    i.USART2_IRQHandler  usart_com4.o
    0x08001c50   0x00000050   Code   RO         5666    i.USART3_IRQHandler  usart_com2.o
    0x08001ca0   0x00000050   Code   RO         5610    i.USART6_IRQHandler  usart_com1.o
    0x08001cf0   0x00000018   Code   RO         4907    i.USART_Cmd         stm32f4xx_usart.o
    0x08001d08   0x0000000e   Code   RO         4910    i.USART_GetFlagStatus  stm32f4xx_usart.o
    0x08001d16   0x00000040   Code   RO         4911    i.USART_GetITStatus  stm32f4xx_usart.o
    0x08001d56   0x00000036   Code   RO         4913    i.USART_ITConfig    stm32f4xx_usart.o
    0x08001d8c   0x000000bc   Code   RO         4914    i.USART_Init        stm32f4xx_usart.o
    0x08001e48   0x00000008   Code   RO         4921    i.USART_ReceiveData  stm32f4xx_usart.o
    0x08001e50   0x00000008   Code   RO         4924    i.USART_SendData    stm32f4xx_usart.o
    0x08001e58   0x00000002   Code   RO         5220    i.UsageFault_Handler  stm32f4xx_it.o
    0x08001e5a   0x00000018   Code   RO         5516    i.Usart_SendByte    mbsvr_comm.o
    0x08001e72   0x0000001c   Code   RO         5517    i.Usart_SendBytes   mbsvr_comm.o
    0x08001e8e   0x00000026   Code   RO         5519    i.Usart_SendString  mbsvr_comm.o
    0x08001eb4   0x00000028   Code   RO         5981    i.__0sprintf$6      mc_w.l(printf6.o)
    0x08001edc   0x0000000e   Code   RO         6161    i.__scatterload_copy  mc_w.l(handlers.o)
    0x08001eea   0x00000002   Code   RO         6162    i.__scatterload_null  mc_w.l(handlers.o)
    0x08001eec   0x0000000e   Code   RO         6163    i.__scatterload_zeroinit  mc_w.l(handlers.o)
    0x08001efa   0x00000002   PAD
    0x08001efc   0x000002f0   Code   RO         5986    i._printf_core      mc_w.l(printf6.o)
    0x080021ec   0x00000024   Code   RO         5987    i._printf_post_padding  mc_w.l(printf6.o)
    0x08002210   0x0000002e   Code   RO         5988    i._printf_pre_padding  mc_w.l(printf6.o)
    0x0800223e   0x0000000a   Code   RO         5990    i._sputc            mc_w.l(printf6.o)
    0x08002248   0x00000098   Code   RO         5161    i.main              main.o
    0x080022e0   0x0000006c   Code   RO         6086    i.malloc            mc_w.l(malloc.o)
    0x0800234c   0x00000200   Data   RO         5520    .constdata          mbsvr_comm.o
    0x0800254c   0x00000020   Data   RO         6159    Region$$Table       anon$$obj.o


    Execution Region RW_IRAM1 (Base: 0x20000000, Size: 0x00005bb8, Max: 0x00030000, ABSOLUTE)

    Base Addr    Size         Type   Attr      Idx    E Section Name        Object

    0x20000000   0x00000014   Data   RW           16    .data               system_stm32f4xx.o
    0x20000014   0x00000010   Data   RW         3013    .data               stm32f4xx_rcc.o
    0x20000024   0x00000008   Data   RW         5386    .data               systick.o
    0x2000002c   0x00000015   Data   RW         5612    .data               usart_com1.o
    0x20000041   0x00000003   PAD
    0x20000044   0x0000002c   Data   RW         5668    .data               usart_com2.o
    0x20000070   0x00000076   Data   RW         5721    .data               usart_com3.o
    0x200000e6   0x00000002   PAD
    0x200000e8   0x00000010   Data   RW         5774    .data               usart_com4.o
    0x200000f8   0x00000004   Data   RW         6134    .data               mc_w.l(mvars.o)
    0x200000fc   0x00000004   Data   RW         6135    .data               mc_w.l(mvars.o)
    0x20000100   0x00000254   Zero   RW         5324    .bss                modbus_svr.o
    0x20000354   0x00000032   Zero   RW         5385    .bss                systick.o
    0x20000386   0x00000002   PAD
    0x20000388   0x00000118   Zero   RW         5611    .bss                usart_com1.o
    0x200004a0   0x00000100   Zero   RW         5667    .bss                usart_com2.o
    0x200005a0   0x00000114   Zero   RW         5720    .bss                usart_com3.o
    0x200006b4   0x00000100   Zero   RW         5773    .bss                usart_com4.o
    0x200007b4   0x00000004   PAD
    0x200007b8   0x00005000   Zero   RW            2    HEAP                startup_stm32f429_439xx.o
    0x200057b8   0x00000400   Zero   RW            1    STACK               startup_stm32f429_439xx.o


==============================================================================

Image component sizes


      Code (inc. data)   RO Data    RW Data    ZI Data      Debug   Object Name

       312         42          0          0          0       2681   bsp_innerflash.o
       136         12          0          0          0       1487   gpio.o
       152          8          0          0          0       2963   main.o
      1774         14        512          0          0      10570   mbsvr_comm.o
       124         16          0          0          0       1787   misc.o
       464        170          0          0        596       2876   modbus_svr.o
        36          8        428          0      21504        968   startup_stm32f429_439xx.o
       330         38          0          0          0       5189   stm32f4xx_flash.o
       160          0          0          0          0       2586   stm32f4xx_gpio.o
        16          0          0          0          0       3688   stm32f4xx_it.o
        68         30          0          0          0       2850   stm32f4xx_iwdg.o
       248         34          0         16          0       5175   stm32f4xx_rcc.o
       360          8          0          0          0       6281   stm32f4xx_usart.o
       304         34          0         20          0     285625   system_stm32f4xx.o
       244         40          0          8         50      29927   systick.o
       744         68          0         21        280       4358   usart_com1.o
       668         60          0         44        256       4531   usart_com2.o
       820         60          0        118        276       4722   usart_com3.o
       468         60          0         16        256       3696   usart_com4.o

    ----------------------------------------------------------------------
      7448        702        972        248      23224     381960   Object Totals
         0          0         32          0          0          0   (incl. Generated)
        20          0          0          5          6          0   (incl. Padding)

    ----------------------------------------------------------------------

      Code (inc. data)   RO Data    RW Data    ZI Data      Debug   Library Member Name

         0          0          0          0          0          0   entry.o
         0          0          0          0          0          0   entry10a.o
         0          0          0          0          0          0   entry11a.o
         8          4          0          0          0          0   entry2.o
         4          0          0          0          0          0   entry5.o
         0          0          0          0          0          0   entry7b.o
         0          0          0          0          0          0   entry8b.o
         8          4          0          0          0          0   entry9a.o
        30          0          0          0          0          0   handlers.o
        36          8          0          0          0         68   init.o
       108         16          0          0          0         84   malloc.o
        36          0          0          0          0         68   memcpya.o
         0          0          0          8          0          0   mvars.o
       884         10          0          0          0        420   printf6.o
        44          0          0          0          0         80   uidiv.o

    ----------------------------------------------------------------------
      1160         42          0          8          0        720   Library Totals
         2          0          0          0          0          0   (incl. Padding)

    ----------------------------------------------------------------------

      Code (inc. data)   RO Data    RW Data    ZI Data      Debug   Library Name

      1158         42          0          8          0        720   mc_w.l

    ----------------------------------------------------------------------
      1160         42          0          8          0        720   Library Totals

    ----------------------------------------------------------------------

==============================================================================


      Code (inc. data)   RO Data    RW Data    ZI Data      Debug   

      8608        744        972        256      23224     374472   Grand Totals
      8608        744        972        256      23224     374472   ELF Image Totals
      8608        744        972        256          0          0   ROM Totals

==============================================================================

    Total RO  Size (Code + RO Data)                 9580 (   9.36kB)
    Total RW  Size (RW Data + ZI Data)             23480 (  22.93kB)
    Total ROM Size (Code + RO Data + RW Data)       9836 (   9.61kB)

==============================================================================

